Archive member included to satisfy reference by file (symbol)

/opt/stm32cubeide/plugins/com.st.stm32cube.ide.mcu.externaltools.gnu-tools-for-stm32.12.3.rel1.linux64_1.0.100.202403111256/tools/bin/../lib/gcc/arm-none-eabi/12.3.1/../../../../arm-none-eabi/lib/thumb/v7e-m+fp/hard/libc_nano.a(libc_a-exit.o)
                              /opt/stm32cubeide/plugins/com.st.stm32cube.ide.mcu.externaltools.gnu-tools-for-stm32.12.3.rel1.linux64_1.0.100.202403111256/tools/bin/../lib/gcc/arm-none-eabi/12.3.1/../../../../arm-none-eabi/lib/thumb/v7e-m+fp/hard/crt0.o (exit)
/opt/stm32cubeide/plugins/com.st.stm32cube.ide.mcu.externaltools.gnu-tools-for-stm32.12.3.rel1.linux64_1.0.100.202403111256/tools/bin/../lib/gcc/arm-none-eabi/12.3.1/../../../../arm-none-eabi/lib/thumb/v7e-m+fp/hard/libc_nano.a(libc_a-findfp.o)
                              /opt/stm32cubeide/plugins/com.st.stm32cube.ide.mcu.externaltools.gnu-tools-for-stm32.12.3.rel1.linux64_1.0.100.202403111256/tools/bin/../lib/gcc/arm-none-eabi/12.3.1/../../../../arm-none-eabi/lib/thumb/v7e-m+fp/hard/libc_nano.a(libc_a-exit.o) (__stdio_exit_handler)
/opt/stm32cubeide/plugins/com.st.stm32cube.ide.mcu.externaltools.gnu-tools-for-stm32.12.3.rel1.linux64_1.0.100.202403111256/tools/bin/../lib/gcc/arm-none-eabi/12.3.1/../../../../arm-none-eabi/lib/thumb/v7e-m+fp/hard/libc_nano.a(libc_a-fwalk.o)
                              /opt/stm32cubeide/plugins/com.st.stm32cube.ide.mcu.externaltools.gnu-tools-for-stm32.12.3.rel1.linux64_1.0.100.202403111256/tools/bin/../lib/gcc/arm-none-eabi/12.3.1/../../../../arm-none-eabi/lib/thumb/v7e-m+fp/hard/libc_nano.a(libc_a-findfp.o) (_fwalk_sglue)
/opt/stm32cubeide/plugins/com.st.stm32cube.ide.mcu.externaltools.gnu-tools-for-stm32.12.3.rel1.linux64_1.0.100.202403111256/tools/bin/../lib/gcc/arm-none-eabi/12.3.1/../../../../arm-none-eabi/lib/thumb/v7e-m+fp/hard/libc_nano.a(libc_a-sprintf.o)
                              ./Core/Src/real_main.o (sprintf)
/opt/stm32cubeide/plugins/com.st.stm32cube.ide.mcu.externaltools.gnu-tools-for-stm32.12.3.rel1.linux64_1.0.100.202403111256/tools/bin/../lib/gcc/arm-none-eabi/12.3.1/../../../../arm-none-eabi/lib/thumb/v7e-m+fp/hard/libc_nano.a(libc_a-sscanf.o)
                              ./Core/Src/real_main.o (sscanf)
/opt/stm32cubeide/plugins/com.st.stm32cube.ide.mcu.externaltools.gnu-tools-for-stm32.12.3.rel1.linux64_1.0.100.202403111256/tools/bin/../lib/gcc/arm-none-eabi/12.3.1/../../../../arm-none-eabi/lib/thumb/v7e-m+fp/hard/libc_nano.a(libc_a-stdio.o)
                              /opt/stm32cubeide/plugins/com.st.stm32cube.ide.mcu.externaltools.gnu-tools-for-stm32.12.3.rel1.linux64_1.0.100.202403111256/tools/bin/../lib/gcc/arm-none-eabi/12.3.1/../../../../arm-none-eabi/lib/thumb/v7e-m+fp/hard/libc_nano.a(libc_a-findfp.o) (__sread)
/opt/stm32cubeide/plugins/com.st.stm32cube.ide.mcu.externaltools.gnu-tools-for-stm32.12.3.rel1.linux64_1.0.100.202403111256/tools/bin/../lib/gcc/arm-none-eabi/12.3.1/../../../../arm-none-eabi/lib/thumb/v7e-m+fp/hard/libc_nano.a(libc_a-memset.o)
                              /opt/stm32cubeide/plugins/com.st.stm32cube.ide.mcu.externaltools.gnu-tools-for-stm32.12.3.rel1.linux64_1.0.100.202403111256/tools/bin/../lib/gcc/arm-none-eabi/12.3.1/../../../../arm-none-eabi/lib/thumb/v7e-m+fp/hard/crt0.o (memset)
/opt/stm32cubeide/plugins/com.st.stm32cube.ide.mcu.externaltools.gnu-tools-for-stm32.12.3.rel1.linux64_1.0.100.202403111256/tools/bin/../lib/gcc/arm-none-eabi/12.3.1/../../../../arm-none-eabi/lib/thumb/v7e-m+fp/hard/libc_nano.a(libc_a-closer.o)
                              /opt/stm32cubeide/plugins/com.st.stm32cube.ide.mcu.externaltools.gnu-tools-for-stm32.12.3.rel1.linux64_1.0.100.202403111256/tools/bin/../lib/gcc/arm-none-eabi/12.3.1/../../../../arm-none-eabi/lib/thumb/v7e-m+fp/hard/libc_nano.a(libc_a-stdio.o) (_close_r)
/opt/stm32cubeide/plugins/com.st.stm32cube.ide.mcu.externaltools.gnu-tools-for-stm32.12.3.rel1.linux64_1.0.100.202403111256/tools/bin/../lib/gcc/arm-none-eabi/12.3.1/../../../../arm-none-eabi/lib/thumb/v7e-m+fp/hard/libc_nano.a(libc_a-reent.o)
                              /opt/stm32cubeide/plugins/com.st.stm32cube.ide.mcu.externaltools.gnu-tools-for-stm32.12.3.rel1.linux64_1.0.100.202403111256/tools/bin/../lib/gcc/arm-none-eabi/12.3.1/../../../../arm-none-eabi/lib/thumb/v7e-m+fp/hard/libc_nano.a(libc_a-closer.o) (errno)
/opt/stm32cubeide/plugins/com.st.stm32cube.ide.mcu.externaltools.gnu-tools-for-stm32.12.3.rel1.linux64_1.0.100.202403111256/tools/bin/../lib/gcc/arm-none-eabi/12.3.1/../../../../arm-none-eabi/lib/thumb/v7e-m+fp/hard/libc_nano.a(libc_a-impure.o)
                              /opt/stm32cubeide/plugins/com.st.stm32cube.ide.mcu.externaltools.gnu-tools-for-stm32.12.3.rel1.linux64_1.0.100.202403111256/tools/bin/../lib/gcc/arm-none-eabi/12.3.1/../../../../arm-none-eabi/lib/thumb/v7e-m+fp/hard/libc_nano.a(libc_a-sprintf.o) (_impure_ptr)
[...]
Memory Configuration

Name             Origin             Length             Attributes
CCMRAM           0x10000000         0x00002000         xrw
RAM              0x20000000         0x0000a000         xrw
FLASH            0x08000000         0x00040000         xr
*default*        0x00000000         0xffffffff

Linker script and memory map

LOAD /opt/stm32cubeide/plugins/com.st.stm32cube.ide.mcu.externaltools.gnu-tools-for-stm32.12.3.rel1.linux64_1.0.100.202403111256/tools/bin/../lib/gcc/arm-none-eabi/12.3.1/thumb/v7e-m+fp/hard/crti.o
LOAD /opt/stm32cubeide/plugins/com.st.stm32cube.ide.mcu.externaltools.gnu-tools-for-stm32.12.3.rel1.linux64_1.0.100.202403111256/tools/bin/../lib/gcc/arm-none-eabi/12.3.1/thumb/v7e-m+fp/hard/crtbegin.o
LOAD /opt/stm32cubeide/plugins/com.st.stm32cube.ide.mcu.externaltools.gnu-tools-for-stm32.12.3.rel1.linux64_1.0.100.202403111256/tools/bin/../lib/gcc/arm-none-eabi/12.3.1/../../../../arm-none-eabi/lib/thumb/v7e-m+fp/hard/crt0.o
LOAD ./Core/Src/main.o
LOAD ./Core/Src/real_main.o
LOAD ./Core/Src/stm32f3xx_hal_msp.o
LOAD ./Core/Src/stm32f3xx_it.o
LOAD ./Core/Src/syscalls.o
LOAD ./Core/Src/sysmem.o
LOAD ./Core/Src/system_stm32f3xx.o
LOAD ./Core/Src/usart.o
LOAD ./Core/Startup/startup_stm32f303vctx.o
LOAD ./Drivers/STM32F3xx_HAL_Driver/Src/stm32f3xx_hal.o
LOAD ./Drivers/STM32F3xx_HAL_Driver/Src/stm32f3xx_hal_cortex.o
LOAD ./Drivers/STM32F3xx_HAL_Driver/Src/stm32f3xx_hal_dma.o
LOAD ./Drivers/STM32F3xx_HAL_Driver/Src/stm32f3xx_hal_exti.o
LOAD ./Drivers/STM32F3xx_HAL_Driver/Src/stm32f3xx_hal_flash.o
LOAD ./Drivers/STM32F3xx_HAL_Driver/Src/stm32f3xx_hal_flash_ex.o
LOAD ./Drivers/STM32F3xx_HAL_Driver/Src/stm32f3xx_hal_gpio.o
LOAD ./Drivers/STM32F3xx_HAL_Driver/Src/stm32f3xx_hal_i2c.o
LOAD ./Drivers/STM32F3xx_HAL_Driver/Src/stm32f3xx_hal_i2c_ex.o
LOAD ./Drivers/STM32F3xx_HAL_Driver/Src/stm32f3xx_hal_pcd.o
LOAD ./Drivers/STM32F3xx_HAL_Driver/Src/stm32f3xx_hal_pcd_ex.o
LOAD ./Drivers/STM32F3xx_HAL_Driver/Src/stm32f3xx_hal_pwr.o
LOAD ./Drivers/STM32F3xx_HAL_Driver/Src/stm32f3xx_hal_pwr_ex.o
LOAD ./Drivers/STM32F3xx_HAL_Driver/Src/stm32f3xx_hal_rcc.o
LOAD ./Drivers/STM32F3xx_HAL_Driver/Src/stm32f3xx_hal_rcc_ex.o
LOAD ./Drivers/STM32F3xx_HAL_Driver/Src/stm32f3xx_hal_spi.o
LOAD ./Drivers/STM32F3xx_HAL_Driver/Src/stm32f3xx_hal_spi_ex.o
LOAD ./Drivers/STM32F3xx_HAL_Driver/Src/stm32f3xx_hal_tim.o
LOAD ./Drivers/STM32F3xx_HAL_Driver/Src/stm32f3xx_hal_tim_ex.o
LOAD ./Drivers/STM32F3xx_HAL_Driver/Src/stm32f3xx_ll_usb.o
LOAD ./Middlewares/ST/STM32_USB_Device_Library/Class/CDC/Src/usbd_cdc.o
LOAD ./Middlewares/ST/STM32_USB_Device_Library/Core/Src/usbd_core.o
LOAD ./Middlewares/ST/STM32_USB_Device_Library/Core/Src/usbd_ctlreq.o
LOAD ./Middlewares/ST/STM32_USB_Device_Library/Core/Src/usbd_ioreq.o
LOAD ./USB_DEVICE/App/usb_device.o
LOAD ./USB_DEVICE/App/usbd_cdc_if.o
LOAD ./USB_DEVICE/App/usbd_desc.o
LOAD ./USB_DEVICE/Target/usbd_conf.o
START GROUP
LOAD /opt/stm32cubeide/plugins/com.st.stm32cube.ide.mcu.externaltools.gnu-tools-for-stm32.12.3.rel1.linux64_1.0.100.202403111256/tools/bin/../lib/gcc/arm-none-eabi/12.3.1/../../../../arm-none-eabi/lib/thumb/v7e-m+fp/hard/libc_nano.a
LOAD /opt/stm32cubeide/plugins/com.st.stm32cube.ide.mcu.externaltools.gnu-tools-for-stm32.12.3.rel1.linux64_1.0.100.202403111256/tools/bin/../lib/gcc/arm-none-eabi/12.3.1/../../../../arm-none-eabi/lib/thumb/v7e-m+fp/hard/libm.a
END GROUP
START GROUP
LOAD /opt/stm32cubeide/plugins/com.st.stm32cube.ide.mcu.externaltools.gnu-tools-for-stm32.12.3.rel1.linux64_1.0.100.202403111256/tools/bin/../lib/gcc/arm-none-eabi/12.3.1/thumb/v7e-m+fp/hard/libgcc.a
LOAD /opt/stm32cubeide/plugins/com.st.stm32cube.ide.mcu.externaltools.gnu-tools-for-stm32.12.3.rel1.linux64_1.0.100.202403111256/tools/bin/../lib/gcc/arm-none-eabi/12.3.1/../../../../arm-none-eabi/lib/thumb/v7e-m+fp/hard/libc_nano.a
END GROUP
START GROUP
LOAD /opt/stm32cubeide/plugins/com.st.stm32cube.ide.mcu.externaltools.gnu-tools-for-stm32.12.3.rel1.linux64_1.0.100.202403111256/tools/bin/../lib/gcc/arm-none-eabi/12.3.1/thumb/v7e-m+fp/hard/libgcc.a
LOAD /opt/stm32cubeide/plugins/com.st.stm32cube.ide.mcu.externaltools.gnu-tools-for-stm32.12.3.rel1.linux64_1.0.100.202403111256/tools/bin/../lib/gcc/arm-none-eabi/12.3.1/../../../../arm-none-eabi/lib/thumb/v7e-m+fp/hard/libc_nano.a
LOAD /opt/stm32cubeide/plugins/com.st.stm32cube.ide.mcu.externaltools.gnu-tools-for-stm32.12.3.rel1.linux64_1.0.100.202403111256/tools/bin/../lib/gcc/arm-none-eabi/12.3.1/../../../../arm-none-eabi/lib/thumb/v7e-m+fp/hard/libnosys.a
END GROUP
START GROUP
LOAD /opt/stm32cubeide/plugins/com.st.stm32cube.ide.mcu.externaltools.gnu-tools-for-stm32.12.3.rel1.linux64_1.0.100.202403111256/tools/bin/../lib/gcc/arm-none-eabi/12.3.1/thumb/v7e-m+fp/hard/libgcc.a
LOAD /opt/stm32cubeide/plugins/com.st.stm32cube.ide.mcu.externaltools.gnu-tools-for-stm32.12.3.rel1.linux64_1.0.100.202403111256/tools/bin/../lib/gcc/arm-none-eabi/12.3.1/../../../../arm-none-eabi/lib/thumb/v7e-m+fp/hard/libc_nano.a
LOAD /opt/stm32cubeide/plugins/com.st.stm32cube.ide.mcu.externaltools.gnu-tools-for-stm32.12.3.rel1.linux64_1.0.100.202403111256/tools/bin/../lib/gcc/arm-none-eabi/12.3.1/../../../../arm-none-eabi/lib/thumb/v7e-m+fp/hard/libnosys.a
END GROUP
LOAD /opt/stm32cubeide/plugins/com.st.stm32cube.ide.mcu.externaltools.gnu-tools-for-stm32.12.3.rel1.linux64_1.0.100.202403111256/tools/bin/../lib/gcc/arm-none-eabi/12.3.1/thumb/v7e-m+fp/hard/crtend.o
LOAD /opt/stm32cubeide/plugins/com.st.stm32cube.ide.mcu.externaltools.gnu-tools-for-stm32.12.3.rel1.linux64_1.0.100.202403111256/tools/bin/../lib/gcc/arm-none-eabi/12.3.1/thumb/v7e-m+fp/hard/crtn.o
                0x2000a000                        _estack = (ORIGIN (RAM) + LENGTH (RAM))
                0x00000200                        _Min_Heap_Size = 0x200
                0x00000400                        _Min_Stack_Size = 0x400

.isr_vector     0x08000000      0x188
                0x08000000                        . = ALIGN (0x4)
 *(.isr_vector)
 .isr_vector    0x08000000      0x188 ./Core/Startup/startup_stm32f303vctx.o
                0x08000000                g_pfnVectors
                0x08000188                        . = ALIGN (0x4)

.text           0x08000190     0x9fa0
                0x08000190                        . = ALIGN (0x4)
 *(.text)
 .text          0x08000190       0x40 /opt/stm32cubeide/plugins/com.st.stm32cube.ide.mcu.externaltools.gnu-tools-for-stm32.12.3.rel1.linux64_1.0.100.202403111256/tools/bin/../lib/gcc/arm-none-eabi/12.3.1/thumb/v7e-m+fp/hard/crtbegin.o
 .text          0x080001d0       0x10 /opt/stm32cubeide/plugins/com.st.stm32cube.ide.mcu.externaltools.gnu-tools-for-stm32.12.3.rel1.linux64_1.0.100.202403111256/tools/bin/../lib/gcc/arm-none-eabi/12.3.1/../../../../arm-none-eabi/lib/thumb/v7e-m+fp/hard/libc_nano.a(libc_a-strlen.o)
                0x080001d0                strlen
 .text          0x080001e0       0xa0 /opt/stm32cubeide/plugins/com.st.stm32cube.ide.mcu.externaltools.gnu-tools-for-stm32.12.3.rel1.linux64_1.0.100.202403111256/tools/bin/../lib/gcc/arm-none-eabi/12.3.1/../../../../arm-none-eabi/lib/thumb/v7e-m+fp/hard/libc_nano.a(libc_a-memchr.o)
                0x080001e0                memchr
 *(.text*)
 .text.main     0x08000280       0x38 ./Core/Src/main.o
                0x08000280                main
 .text.SystemClock_Config
                0x080002b8       0xc4 ./Core/Src/main.o
                0x080002b8                SystemClock_Config
 .text.MX_I2C1_Init
                0x0800037c       0x80 ./Core/Src/main.o
 .text.MX_SPI1_Init
                0x080003fc       0x7c ./Core/Src/main.o
 .text.MX_GPIO_Init
                0x08000478       0xfc ./Core/Src/main.o
 .text.Error_Handler
                0x08000574        0xc ./Core/Src/main.o
                0x08000574                Error_Handler
 .text.memfind  0x08000580       0x42 ./Core/Src/real_main.o
                0x08000580                memfind
 *fill*         0x080005c2        0x2 
 .text.class_init
                0x080005c4       0x70 ./Core/Src/real_main.o
                0x080005c4                class_init
 .text.data_sent
                0x08000634       0x44 ./Core/Src/real_main.o
                0x08000634                data_sent
 .text.data_received
                0x08000678      0x438 ./Core/Src/real_main.o
                0x08000678                data_received
 .text.descriptor
                0x08000ab0       0x20 ./Core/Src/real_main.o
                0x08000ab0                descriptor
 .text.handle_setup
                0x08000ad0       0x20 ./Core/Src/real_main.o
                0x08000ad0                handle_setup
 .text.vault_unlock
                0x08000af0       0x14 ./Core/Src/real_main.o
                0x08000af0                vault_unlock
 .text.real_main
                0x08000b04       0x44 ./Core/Src/real_main.o
                0x08000b04                real_main
 .text.get_index
                0x08000b48       0x56 ./Core/Src/real_main.o
                0x08000b48                get_index
 *fill*         0x08000b9e        0x2 
 .text.update_flash
                0x08000ba0      0x11c ./Core/Src/real_main.o
                0x08000ba0                update_flash
 .text.password_count
                0x08000cbc       0x60 ./Core/Src/real_main.o
                0x08000cbc                password_count
 .text.password_name
                0x08000d1c       0x20 ./Core/Src/real_main.o
                0x08000d1c                password_name
 .text.password_retrieve
                0x08000d3c       0x20 ./Core/Src/real_main.o
                0x08000d3c                password_retrieve
 .text.password_new
                0x08000d5c       0x7c ./Core/Src/real_main.o
                0x08000d5c                password_new
 .text.password_save
                0x08000dd8       0x16 ./Core/Src/real_main.o
                0x08000dd8                password_save
 .text.vault_is_locked
                0x08000dee       0x10 ./Core/Src/real_main.o
                0x08000dee                vault_is_locked
 *fill*         0x08000dfe        0x2 
 .text.HAL_MspInit
                0x08000e00       0x48 ./Core/Src/stm32f3xx_hal_msp.o
                0x08000e00                HAL_MspInit
 .text.HAL_I2C_MspInit
                0x08000e48       0x88 ./Core/Src/stm32f3xx_hal_msp.o
                0x08000e48                HAL_I2C_MspInit
 .text.HAL_SPI_MspInit
                0x08000ed0       0x84 ./Core/Src/stm32f3xx_hal_msp.o
                0x08000ed0                HAL_SPI_MspInit
 .text.NMI_Handler
                0x08000f54        0x8 ./Core/Src/stm32f3xx_it.o
                0x08000f54                NMI_Handler
 .text.HardFault_Handler
                0x08000f5c        0x8 ./Core/Src/stm32f3xx_it.o
                0x08000f5c                HardFault_Handler
 .text.MemManage_Handler
                0x08000f64        0x8 ./Core/Src/stm32f3xx_it.o
                0x08000f64                MemManage_Handler
 .text.BusFault_Handler
                0x08000f6c        0x8 ./Core/Src/stm32f3xx_it.o
                0x08000f6c                BusFault_Handler
 .text.UsageFault_Handler
                0x08000f74        0x8 ./Core/Src/stm32f3xx_it.o
                0x08000f74                UsageFault_Handler
 .text.SVC_Handler
                0x08000f7c        0xe ./Core/Src/stm32f3xx_it.o
                0x08000f7c                SVC_Handler
 .text.DebugMon_Handler
                0x08000f8a        0xe ./Core/Src/stm32f3xx_it.o
                0x08000f8a                DebugMon_Handler
 .text.PendSV_Handler
                0x08000f98        0xe ./Core/Src/stm32f3xx_it.o
                0x08000f98                PendSV_Handler
 .text.SysTick_Handler
                0x08000fa6        0xc ./Core/Src/stm32f3xx_it.o
                0x08000fa6                SysTick_Handler
 *fill*         0x08000fb2        0x2 
 .text.USB_HP_CAN_TX_IRQHandler
                0x08000fb4       0x14 ./Core/Src/stm32f3xx_it.o
                0x08000fb4                USB_HP_CAN_TX_IRQHandler
 .text.USB_LP_CAN_RX0_IRQHandler
                0x08000fc8       0x14 ./Core/Src/stm32f3xx_it.o
                0x08000fc8                USB_LP_CAN_RX0_IRQHandler
 .text._sbrk    0x08000fdc       0x6c ./Core/Src/sysmem.o
                0x08000fdc                _sbrk
 .text.SystemInit
                0x08001048       0x24 ./Core/Src/system_stm32f3xx.o
                0x08001048                SystemInit
 .text.usart_init
                0x0800106c       0x94 ./Core/Src/usart.o
                0x0800106c                usart_init
 .text.usart_putc
                0x08001100       0x30 ./Core/Src/usart.o
                0x08001100                usart_putc
 .text.usart_puts
                0x08001130       0x38 ./Core/Src/usart.o
                0x08001130                usart_puts
 .text.usart_puthex
                0x08001168       0x5a ./Core/Src/usart.o
                0x08001168                usart_puthex
 *fill*         0x080011c2        0x2 
 .text.usart_putdec
                0x080011c4       0x8c ./Core/Src/usart.o
                0x080011c4                usart_putdec
 .text.Reset_Handler
                0x08001250       0x50 ./Core/Startup/startup_stm32f303vctx.o
                0x08001250                Reset_Handler
 .text.Default_Handler
                0x080012a0        0x2 ./Core/Startup/startup_stm32f303vctx.o
                0x080012a0                RTC_Alarm_IRQHandler
                0x080012a0                TIM8_TRG_COM_IRQHandler
                0x080012a0                TIM8_CC_IRQHandler
                0x080012a0                TIM1_CC_IRQHandler
                0x080012a0                USB_HP_IRQHandler
                0x080012a0                PVD_IRQHandler
                0x080012a0                TAMP_STAMP_IRQHandler
                0x080012a0                EXTI3_IRQHandler
                0x080012a0                EXTI0_IRQHandler
                0x080012a0                I2C2_EV_IRQHandler
                0x080012a0                FPU_IRQHandler
                0x080012a0                TIM1_UP_TIM16_IRQHandler
                0x080012a0                ADC1_2_IRQHandler
                0x080012a0                SPI1_IRQHandler
                0x080012a0                CAN_SCE_IRQHandler
                0x080012a0                TIM6_DAC_IRQHandler
                0x080012a0                TIM8_UP_IRQHandler
                0x080012a0                DMA2_Channel2_IRQHandler
                0x080012a0                DMA1_Channel4_IRQHandler
                0x080012a0                USART3_IRQHandler
                0x080012a0                DMA1_Channel7_IRQHandler
                0x080012a0                UART5_IRQHandler
                0x080012a0                ADC3_IRQHandler
                0x080012a0                TIM4_IRQHandler
                0x080012a0                CAN_RX1_IRQHandler
                0x080012a0                DMA2_Channel1_IRQHandler
                0x080012a0                I2C1_EV_IRQHandler
                0x080012a0                DMA1_Channel6_IRQHandler
                0x080012a0                UART4_IRQHandler
                0x080012a0                DMA2_Channel4_IRQHandler
                0x080012a0                TIM3_IRQHandler
                0x080012a0                RCC_IRQHandler
                0x080012a0                DMA1_Channel1_IRQHandler
                0x080012a0                Default_Handler
                0x080012a0                USBWakeUp_RMP_IRQHandler
                0x080012a0                EXTI15_10_IRQHandler
                0x080012a0                TIM7_IRQHandler
                0x080012a0                EXTI9_5_IRQHandler
                0x080012a0                RTC_WKUP_IRQHandler
                0x080012a0                SPI2_IRQHandler
                0x080012a0                DMA2_Channel5_IRQHandler
                0x080012a0                DMA1_Channel5_IRQHandler
                0x080012a0                USB_LP_IRQHandler
                0x080012a0                EXTI4_IRQHandler
                0x080012a0                TIM1_TRG_COM_TIM17_IRQHandler
                0x080012a0                DMA1_Channel3_IRQHandler
                0x080012a0                ADC4_IRQHandler
                0x080012a0                WWDG_IRQHandler
                0x080012a0                TIM2_IRQHandler
                0x080012a0                COMP7_IRQHandler
                0x080012a0                COMP1_2_3_IRQHandler
                0x080012a0                EXTI1_IRQHandler
                0x080012a0                USART2_IRQHandler
                0x080012a0                COMP4_5_6_IRQHandler
                0x080012a0                I2C2_ER_IRQHandler
                0x080012a0                DMA1_Channel2_IRQHandler
                0x080012a0                TIM8_BRK_IRQHandler
                0x080012a0                FLASH_IRQHandler
                0x080012a0                USART1_IRQHandler
                0x080012a0                SPI3_IRQHandler
                0x080012a0                I2C1_ER_IRQHandler
                0x080012a0                USBWakeUp_IRQHandler
                0x080012a0                DMA2_Channel3_IRQHandler
                0x080012a0                EXTI2_TSC_IRQHandler
                0x080012a0                TIM1_BRK_TIM15_IRQHandler
 *fill*         0x080012a2        0x2 
 .text.HAL_Init
                0x080012a4       0x2c ./Drivers/STM32F3xx_HAL_Driver/Src/stm32f3xx_hal.o
                0x080012a4                HAL_Init
 .text.HAL_InitTick
                0x080012d0       0x60 ./Drivers/STM32F3xx_HAL_Driver/Src/stm32f3xx_hal.o
                0x080012d0                HAL_InitTick
 .text.HAL_IncTick
                0x08001330       0x28 ./Drivers/STM32F3xx_HAL_Driver/Src/stm32f3xx_hal.o
                0x08001330                HAL_IncTick
 .text.HAL_GetTick
                0x08001358       0x18 ./Drivers/STM32F3xx_HAL_Driver/Src/stm32f3xx_hal.o
                0x08001358                HAL_GetTick
 .text.__NVIC_SetPriorityGrouping
                0x08001370       0x48 ./Drivers/STM32F3xx_HAL_Driver/Src/stm32f3xx_hal_cortex.o
 .text.__NVIC_GetPriorityGrouping
                0x080013b8       0x1c ./Drivers/STM32F3xx_HAL_Driver/Src/stm32f3xx_hal_cortex.o
 .text.__NVIC_EnableIRQ
                0x080013d4       0x3c ./Drivers/STM32F3xx_HAL_Driver/Src/stm32f3xx_hal_cortex.o
 .text.__NVIC_SetPriority
                0x08001410       0x54 ./Drivers/STM32F3xx_HAL_Driver/Src/stm32f3xx_hal_cortex.o
 .text.NVIC_EncodePriority
                0x08001464       0x66 ./Drivers/STM32F3xx_HAL_Driver/Src/stm32f3xx_hal_cortex.o
 *fill*         0x080014ca        0x2 
 .text.SysTick_Config
                0x080014cc       0x44 ./Drivers/STM32F3xx_HAL_Driver/Src/stm32f3xx_hal_cortex.o
 .text.HAL_NVIC_SetPriorityGrouping
                0x08001510       0x16 ./Drivers/STM32F3xx_HAL_Driver/Src/stm32f3xx_hal_cortex.o
                0x08001510                HAL_NVIC_SetPriorityGrouping
 .text.HAL_NVIC_SetPriority
                0x08001526       0x38 ./Drivers/STM32F3xx_HAL_Driver/Src/stm32f3xx_hal_cortex.o
                0x08001526                HAL_NVIC_SetPriority
 .text.HAL_NVIC_EnableIRQ
                0x0800155e       0x1c ./Drivers/STM32F3xx_HAL_Driver/Src/stm32f3xx_hal_cortex.o
                0x0800155e                HAL_NVIC_EnableIRQ
 .text.HAL_SYSTICK_Config
                0x0800157a       0x18 ./Drivers/STM32F3xx_HAL_Driver/Src/stm32f3xx_hal_cortex.o
                0x0800157a                HAL_SYSTICK_Config
 *fill*         0x08001592        0x2 
 .text.HAL_FLASH_Program
                0x08001594       0xe0 ./Drivers/STM32F3xx_HAL_Driver/Src/stm32f3xx_hal_flash.o
                0x08001594                HAL_FLASH_Program
 .text.HAL_FLASH_Unlock
                0x08001674       0x4c ./Drivers/STM32F3xx_HAL_Driver/Src/stm32f3xx_hal_flash.o
                0x08001674                HAL_FLASH_Unlock
 .text.HAL_FLASH_Lock
                0x080016c0       0x20 ./Drivers/STM32F3xx_HAL_Driver/Src/stm32f3xx_hal_flash.o
                0x080016c0                HAL_FLASH_Lock
 .text.FLASH_Program_HalfWord
                0x080016e0       0x38 ./Drivers/STM32F3xx_HAL_Driver/Src/stm32f3xx_hal_flash.o
 .text.FLASH_WaitForLastOperation
                0x08001718       0x80 ./Drivers/STM32F3xx_HAL_Driver/Src/stm32f3xx_hal_flash.o
                0x08001718                FLASH_WaitForLastOperation
 .text.FLASH_SetErrorCode
                0x08001798       0x64 ./Drivers/STM32F3xx_HAL_Driver/Src/stm32f3xx_hal_flash.o
 .text.HAL_FLASHEx_Erase
                0x080017fc       0xd4 ./Drivers/STM32F3xx_HAL_Driver/Src/stm32f3xx_hal_flash_ex.o
                0x080017fc                HAL_FLASHEx_Erase
 .text.FLASH_MassErase
                0x080018d0       0x34 ./Drivers/STM32F3xx_HAL_Driver/Src/stm32f3xx_hal_flash_ex.o
 .text.FLASH_PageErase
                0x08001904       0x40 ./Drivers/STM32F3xx_HAL_Driver/Src/stm32f3xx_hal_flash_ex.o
                0x08001904                FLASH_PageErase
 .text.HAL_GPIO_Init
                0x08001944      0x2f4 ./Drivers/STM32F3xx_HAL_Driver/Src/stm32f3xx_hal_gpio.o
                0x08001944                HAL_GPIO_Init
 .text.HAL_GPIO_WritePin
                0x08001c38       0x30 ./Drivers/STM32F3xx_HAL_Driver/Src/stm32f3xx_hal_gpio.o
                0x08001c38                HAL_GPIO_WritePin
 .text.HAL_I2C_Init
                0x08001c68      0x136 ./Drivers/STM32F3xx_HAL_Driver/Src/stm32f3xx_hal_i2c.o
                0x08001c68                HAL_I2C_Init
 .text.HAL_I2CEx_ConfigAnalogFilter
                0x08001d9e       0x96 ./Drivers/STM32F3xx_HAL_Driver/Src/stm32f3xx_hal_i2c_ex.o
                0x08001d9e                HAL_I2CEx_ConfigAnalogFilter
 .text.HAL_I2CEx_ConfigDigitalFilter
                0x08001e34       0x98 ./Drivers/STM32F3xx_HAL_Driver/Src/stm32f3xx_hal_i2c_ex.o
                0x08001e34                HAL_I2CEx_ConfigDigitalFilter
 .text.HAL_PCD_Init
                0x08001ecc      0x18e ./Drivers/STM32F3xx_HAL_Driver/Src/stm32f3xx_hal_pcd.o
                0x08001ecc                HAL_PCD_Init
 .text.HAL_PCD_Start
                0x0800205a       0x4c ./Drivers/STM32F3xx_HAL_Driver/Src/stm32f3xx_hal_pcd.o
                0x0800205a                HAL_PCD_Start
 .text.HAL_PCD_IRQHandler
                0x080020a6      0x1a8 ./Drivers/STM32F3xx_HAL_Driver/Src/stm32f3xx_hal_pcd.o
                0x080020a6                HAL_PCD_IRQHandler
 .text.HAL_PCD_SetAddress
                0x0800224e       0x48 ./Drivers/STM32F3xx_HAL_Driver/Src/stm32f3xx_hal_pcd.o
                0x0800224e                HAL_PCD_SetAddress
 .text.HAL_PCD_EP_Open
                0x08002296       0xba ./Drivers/STM32F3xx_HAL_Driver/Src/stm32f3xx_hal_pcd.o
                0x08002296                HAL_PCD_EP_Open
 .text.HAL_PCD_EP_Receive
                0x08002350       0x62 ./Drivers/STM32F3xx_HAL_Driver/Src/stm32f3xx_hal_pcd.o
                0x08002350                HAL_PCD_EP_Receive
 .text.HAL_PCD_EP_GetRxCount
                0x080023b2       0x30 ./Drivers/STM32F3xx_HAL_Driver/Src/stm32f3xx_hal_pcd.o
                0x080023b2                HAL_PCD_EP_GetRxCount
 .text.HAL_PCD_EP_Transmit
                0x080023e2       0x6e ./Drivers/STM32F3xx_HAL_Driver/Src/stm32f3xx_hal_pcd.o
                0x080023e2                HAL_PCD_EP_Transmit
 .text.HAL_PCD_EP_SetStall
                0x08002450       0xa4 ./Drivers/STM32F3xx_HAL_Driver/Src/stm32f3xx_hal_pcd.o
                0x08002450                HAL_PCD_EP_SetStall
 .text.HAL_PCD_EP_ClrStall
                0x080024f4       0xa8 ./Drivers/STM32F3xx_HAL_Driver/Src/stm32f3xx_hal_pcd.o
                0x080024f4                HAL_PCD_EP_ClrStall
 .text.PCD_EP_ISR_Handler
                0x0800259c      0x79e ./Drivers/STM32F3xx_HAL_Driver/Src/stm32f3xx_hal_pcd.o
 .text.HAL_PCD_EP_DB_Receive
                0x08002d3a      0x21a ./Drivers/STM32F3xx_HAL_Driver/Src/stm32f3xx_hal_pcd.o
 .text.HAL_PCD_EP_DB_Transmit
                0x08002f54      0x7f4 ./Drivers/STM32F3xx_HAL_Driver/Src/stm32f3xx_hal_pcd.o
 .text.HAL_PCDEx_PMAConfig
                0x08003748       0x86 ./Drivers/STM32F3xx_HAL_Driver/Src/stm32f3xx_hal_pcd_ex.o
                0x08003748                HAL_PCDEx_PMAConfig
 *fill*         0x080037ce        0x2 
 .text.HAL_RCC_OscConfig
                0x080037d0     0x107c ./Drivers/STM32F3xx_HAL_Driver/Src/stm32f3xx_hal_rcc.o
                0x080037d0                HAL_RCC_OscConfig
 .text.HAL_RCC_ClockConfig
                0x0800484c      0x2f8 ./Drivers/STM32F3xx_HAL_Driver/Src/stm32f3xx_hal_rcc.o
                0x0800484c                HAL_RCC_ClockConfig
 .text.HAL_RCC_GetSysClockFreq
                0x08004b44       0xa8 ./Drivers/STM32F3xx_HAL_Driver/Src/stm32f3xx_hal_rcc.o
                0x08004b44                HAL_RCC_GetSysClockFreq
 .text.HAL_RCCEx_PeriphCLKConfig
                0x08004bec      0x360 ./Drivers/STM32F3xx_HAL_Driver/Src/stm32f3xx_hal_rcc_ex.o
                0x08004bec                HAL_RCCEx_PeriphCLKConfig
 .text.HAL_SPI_Init
                0x08004f4c      0x156 ./Drivers/STM32F3xx_HAL_Driver/Src/stm32f3xx_hal_spi.o
                0x08004f4c                HAL_SPI_Init
 .text.USB_EnableGlobalInt
                0x080050a2       0x2e ./Drivers/STM32F3xx_HAL_Driver/Src/stm32f3xx_ll_usb.o
                0x080050a2                USB_EnableGlobalInt
 .text.USB_DisableGlobalInt
                0x080050d0       0x36 ./Drivers/STM32F3xx_HAL_Driver/Src/stm32f3xx_ll_usb.o
                0x080050d0                USB_DisableGlobalInt
 .text.USB_DevInit
                0x08005106       0x3c ./Drivers/STM32F3xx_HAL_Driver/Src/stm32f3xx_ll_usb.o
                0x08005106                USB_DevInit
 *fill*         0x08005142        0x2 
 .text.USB_ActivateEndpoint
                0x08005144      0x788 ./Drivers/STM32F3xx_HAL_Driver/Src/stm32f3xx_ll_usb.o
                0x08005144                USB_ActivateEndpoint
 .text.USB_EPStartXfer
                0x080058cc     0x1764 ./Drivers/STM32F3xx_HAL_Driver/Src/stm32f3xx_ll_usb.o
                0x080058cc                USB_EPStartXfer
 .text.USB_EPSetStall
                0x08007030       0xa2 ./Drivers/STM32F3xx_HAL_Driver/Src/stm32f3xx_ll_usb.o
                0x08007030                USB_EPSetStall
 .text.USB_EPClearStall
                0x080070d2      0x15c ./Drivers/STM32F3xx_HAL_Driver/Src/stm32f3xx_ll_usb.o
                0x080070d2                USB_EPClearStall
 .text.USB_SetDevAddress
                0x0800722e       0x28 ./Drivers/STM32F3xx_HAL_Driver/Src/stm32f3xx_ll_usb.o
                0x0800722e                USB_SetDevAddress
 .text.USB_DevConnect
                0x08007256       0x16 ./Drivers/STM32F3xx_HAL_Driver/Src/stm32f3xx_ll_usb.o
                0x08007256                USB_DevConnect
 .text.USB_ReadInterrupts
                0x0800726c       0x20 ./Drivers/STM32F3xx_HAL_Driver/Src/stm32f3xx_ll_usb.o
                0x0800726c                USB_ReadInterrupts
 .text.USB_WritePMA
                0x0800728c       0x8c ./Drivers/STM32F3xx_HAL_Driver/Src/stm32f3xx_ll_usb.o
                0x0800728c                USB_WritePMA
 .text.USB_ReadPMA
                0x08007318       0xa0 ./Drivers/STM32F3xx_HAL_Driver/Src/stm32f3xx_ll_usb.o
                0x08007318                USB_ReadPMA
 .text.USBD_CDC_RegisterInterface
                0x080073b8       0x2e ./Middlewares/ST/STM32_USB_Device_Library/Class/CDC/Src/usbd_cdc.o
                0x080073b8                USBD_CDC_RegisterInterface
 .text.USBD_CDC_SetTxBuffer
                0x080073e6       0x34 ./Middlewares/ST/STM32_USB_Device_Library/Class/CDC/Src/usbd_cdc.o
                0x080073e6                USBD_CDC_SetTxBuffer
 .text.USBD_CDC_SetRxBuffer
                0x0800741a       0x28 ./Middlewares/ST/STM32_USB_Device_Library/Class/CDC/Src/usbd_cdc.o
                0x0800741a                USBD_CDC_SetRxBuffer
 .text.USBD_CDC_ReceivePacket
                0x08007442       0x54 ./Middlewares/ST/STM32_USB_Device_Library/Class/CDC/Src/usbd_cdc.o
                0x08007442                USBD_CDC_ReceivePacket
 .text.USBD_Init
                0x08007496       0x56 ./Middlewares/ST/STM32_USB_Device_Library/Core/Src/usbd_core.o
                0x08007496                USBD_Init
 .text.USBD_RegisterClass
                0x080074ec       0x34 ./Middlewares/ST/STM32_USB_Device_Library/Core/Src/usbd_core.o
                0x080074ec                USBD_RegisterClass
 .text.USBD_Start
                0x08007520       0x18 ./Middlewares/ST/STM32_USB_Device_Library/Core/Src/usbd_core.o
                0x08007520                USBD_Start
 .text.USBD_RunTestMode
                0x08007538       0x16 ./Middlewares/ST/STM32_USB_Device_Library/Core/Src/usbd_core.o
                0x08007538                USBD_RunTestMode
 .text.USBD_SetClassConfig
                0x0800754e       0x3e ./Middlewares/ST/STM32_USB_Device_Library/Core/Src/usbd_core.o
                0x0800754e                USBD_SetClassConfig
 .text.USBD_ClrClassConfig
                0x0800758c       0x26 ./Middlewares/ST/STM32_USB_Device_Library/Core/Src/usbd_core.o
                0x0800758c                USBD_ClrClassConfig
 .text.USBD_LL_SetupStage
                0x080075b2       0x9a ./Middlewares/ST/STM32_USB_Device_Library/Core/Src/usbd_core.o
                0x080075b2                USBD_LL_SetupStage
 .text.USBD_LL_DataOutStage
                0x0800764c       0xe2 ./Middlewares/ST/STM32_USB_Device_Library/Core/Src/usbd_core.o
                0x0800764c                USBD_LL_DataOutStage
 .text.USBD_LL_DataInStage
                0x0800772e      0x14a ./Middlewares/ST/STM32_USB_Device_Library/Core/Src/usbd_core.o
                0x0800772e                USBD_LL_DataInStage
 .text.USBD_LL_Reset
                0x08007878       0x82 ./Middlewares/ST/STM32_USB_Device_Library/Core/Src/usbd_core.o
                0x08007878                USBD_LL_Reset
 .text.USBD_LL_SetSpeed
                0x080078fa       0x20 ./Middlewares/ST/STM32_USB_Device_Library/Core/Src/usbd_core.o
                0x080078fa                USBD_LL_SetSpeed
 .text.USBD_LL_Suspend
                0x0800791a       0x2a ./Middlewares/ST/STM32_USB_Device_Library/Core/Src/usbd_core.o
                0x0800791a                USBD_LL_Suspend
 .text.USBD_LL_Resume
                0x08007944       0x2c ./Middlewares/ST/STM32_USB_Device_Library/Core/Src/usbd_core.o
                0x08007944                USBD_LL_Resume
 .text.USBD_LL_SOF
                0x08007970       0x34 ./Middlewares/ST/STM32_USB_Device_Library/Core/Src/usbd_core.o
                0x08007970                USBD_LL_SOF
 .text.USBD_StdDevReq
                0x080079a4       0xd4 ./Middlewares/ST/STM32_USB_Device_Library/Core/Src/usbd_ctlreq.o
                0x080079a4                USBD_StdDevReq
 .text.USBD_StdItfReq
                0x08007a78       0x90 ./Middlewares/ST/STM32_USB_Device_Library/Core/Src/usbd_ctlreq.o
                0x08007a78                USBD_StdItfReq
 .text.USBD_StdEPReq
                0x08007b08      0x2c6 ./Middlewares/ST/STM32_USB_Device_Library/Core/Src/usbd_ctlreq.o
                0x08007b08                USBD_StdEPReq
 *fill*         0x08007dce        0x2 
 .text.USBD_GetDescriptor
                0x08007dd0      0x2d0 ./Middlewares/ST/STM32_USB_Device_Library/Core/Src/usbd_ctlreq.o
 .text.USBD_SetAddress
                0x080080a0       0x86 ./Middlewares/ST/STM32_USB_Device_Library/Core/Src/usbd_ctlreq.o
 *fill*         0x08008126        0x2 
 .text.USBD_SetConfig
                0x08008128      0x11c ./Middlewares/ST/STM32_USB_Device_Library/Core/Src/usbd_ctlreq.o
 .text.USBD_GetConfig
                0x08008244       0x6a ./Middlewares/ST/STM32_USB_Device_Library/Core/Src/usbd_ctlreq.o
 .text.USBD_GetStatus
                0x080082ae       0x66 ./Middlewares/ST/STM32_USB_Device_Library/Core/Src/usbd_ctlreq.o
 .text.USBD_SetFeature
                0x08008314       0x28 ./Middlewares/ST/STM32_USB_Device_Library/Core/Src/usbd_ctlreq.o
 .text.USBD_ClrFeature
                0x0800833c       0x42 ./Middlewares/ST/STM32_USB_Device_Library/Core/Src/usbd_ctlreq.o
 .text.USBD_ParseSetupRequest
                0x0800837e       0x74 ./Middlewares/ST/STM32_USB_Device_Library/Core/Src/usbd_ctlreq.o
                0x0800837e                USBD_ParseSetupRequest
 .text.USBD_CtlError
                0x080083f2       0x22 ./Middlewares/ST/STM32_USB_Device_Library/Core/Src/usbd_ctlreq.o
                0x080083f2                USBD_CtlError
 .text.USBD_GetString
                0x08008414       0x84 ./Middlewares/ST/STM32_USB_Device_Library/Core/Src/usbd_ctlreq.o
                0x08008414                USBD_GetString
 .text.USBD_GetLen
                0x08008498       0x30 ./Middlewares/ST/STM32_USB_Device_Library/Core/Src/usbd_ctlreq.o
 .text.USBD_CtlSendData
                0x080084c8       0x38 ./Middlewares/ST/STM32_USB_Device_Library/Core/Src/usbd_ioreq.o
                0x080084c8                USBD_CtlSendData
 .text.USBD_CtlContinueSendData
                0x08008500       0x24 ./Middlewares/ST/STM32_USB_Device_Library/Core/Src/usbd_ioreq.o
                0x08008500                USBD_CtlContinueSendData
 .text.USBD_CtlContinueRx
                0x08008524       0x24 ./Middlewares/ST/STM32_USB_Device_Library/Core/Src/usbd_ioreq.o
                0x08008524                USBD_CtlContinueRx
 .text.USBD_CtlSendStatus
                0x08008548       0x26 ./Middlewares/ST/STM32_USB_Device_Library/Core/Src/usbd_ioreq.o
                0x08008548                USBD_CtlSendStatus
 .text.USBD_CtlReceiveStatus
                0x0800856e       0x26 ./Middlewares/ST/STM32_USB_Device_Library/Core/Src/usbd_ioreq.o
                0x0800856e                USBD_CtlReceiveStatus
 .text.MX_USB_DEVICE_Init
                0x08008594       0x60 ./USB_DEVICE/App/usb_device.o
                0x08008594                MX_USB_DEVICE_Init
 .text.CDC_Init_FS
                0x080085f4       0x28 ./USB_DEVICE/App/usbd_cdc_if.o
 .text.CDC_DeInit_FS
                0x0800861c       0x10 ./USB_DEVICE/App/usbd_cdc_if.o
 .text.CDC_Control_FS
                0x0800862c       0xbc ./USB_DEVICE/App/usbd_cdc_if.o
 .text.CDC_Receive_FS
                0x080086e8       0x28 ./USB_DEVICE/App/usbd_cdc_if.o
 .text.USBD_FS_DeviceDescriptor
                0x08008710       0x24 ./USB_DEVICE/App/usbd_desc.o
                0x08008710                USBD_FS_DeviceDescriptor
 .text.USBD_FS_LangIDStrDescriptor
                0x08008734       0x24 ./USB_DEVICE/App/usbd_desc.o
                0x08008734                USBD_FS_LangIDStrDescriptor
 .text.USBD_FS_ProductStrDescriptor
                0x08008758       0x3c ./USB_DEVICE/App/usbd_desc.o
                0x08008758                USBD_FS_ProductStrDescriptor
 .text.USBD_FS_ManufacturerStrDescriptor
                0x08008794       0x28 ./USB_DEVICE/App/usbd_desc.o
                0x08008794                USBD_FS_ManufacturerStrDescriptor
 .text.USBD_FS_SerialStrDescriptor
                0x080087bc       0x24 ./USB_DEVICE/App/usbd_desc.o
                0x080087bc                USBD_FS_SerialStrDescriptor
 .text.USBD_FS_ConfigStrDescriptor
                0x080087e0       0x3c ./USB_DEVICE/App/usbd_desc.o
                0x080087e0                USBD_FS_ConfigStrDescriptor
 .text.USBD_FS_InterfaceStrDescriptor
                0x0800881c       0x3c ./USB_DEVICE/App/usbd_desc.o
                0x0800881c                USBD_FS_InterfaceStrDescriptor
 .text.Get_SerialNum
                0x08008858       0x58 ./USB_DEVICE/App/usbd_desc.o
 .text.IntToUnicode
                0x080088b0       0x7e ./USB_DEVICE/App/usbd_desc.o
 *fill*         0x0800892e        0x2 
 .text.HAL_PCD_MspInit
                0x08008930       0xa8 ./USB_DEVICE/Target/usbd_conf.o
                0x08008930                HAL_PCD_MspInit
 .text.HAL_PCD_SetupStageCallback
                0x080089d8       0x24 ./USB_DEVICE/Target/usbd_conf.o
                0x080089d8                HAL_PCD_SetupStageCallback
 .text.HAL_PCD_DataOutStageCallback
                0x080089fc       0x36 ./USB_DEVICE/Target/usbd_conf.o
                0x080089fc                HAL_PCD_DataOutStageCallback
 .text.HAL_PCD_DataInStageCallback
                0x08008a32       0x34 ./USB_DEVICE/Target/usbd_conf.o
                0x08008a32                HAL_PCD_DataInStageCallback
 .text.HAL_PCD_SOFCallback
                0x08008a66       0x1c ./USB_DEVICE/Target/usbd_conf.o
                0x08008a66                HAL_PCD_SOFCallback
 .text.HAL_PCD_ResetCallback
                0x08008a82       0x3c ./USB_DEVICE/Target/usbd_conf.o
                0x08008a82                HAL_PCD_ResetCallback
 *fill*         0x08008abe        0x2 
 .text.HAL_PCD_SuspendCallback
                0x08008ac0       0x34 ./USB_DEVICE/Target/usbd_conf.o
                0x08008ac0                HAL_PCD_SuspendCallback
 .text.HAL_PCD_ResumeCallback
                0x08008af4       0x1c ./USB_DEVICE/Target/usbd_conf.o
                0x08008af4                HAL_PCD_ResumeCallback
 .text.USBD_LL_Init
                0x08008b10       0xb4 ./USB_DEVICE/Target/usbd_conf.o
                0x08008b10                USBD_LL_Init
 .text.USBD_LL_Start
                0x08008bc4       0x36 ./USB_DEVICE/Target/usbd_conf.o
                0x08008bc4                USBD_LL_Start
 .text.USBD_LL_OpenEP
                0x08008bfa       0x4c ./USB_DEVICE/Target/usbd_conf.o
                0x08008bfa                USBD_LL_OpenEP
 .text.USBD_LL_StallEP
                0x08008c46       0x3e ./USB_DEVICE/Target/usbd_conf.o
                0x08008c46                USBD_LL_StallEP
 .text.USBD_LL_ClearStallEP
                0x08008c84       0x3e ./USB_DEVICE/Target/usbd_conf.o
                0x08008c84                USBD_LL_ClearStallEP
 .text.USBD_LL_IsStallEP
                0x08008cc2       0x58 ./USB_DEVICE/Target/usbd_conf.o
                0x08008cc2                USBD_LL_IsStallEP
 .text.USBD_LL_SetUSBAddress
                0x08008d1a       0x3e ./USB_DEVICE/Target/usbd_conf.o
                0x08008d1a                USBD_LL_SetUSBAddress
 .text.USBD_LL_Transmit
                0x08008d58       0x46 ./USB_DEVICE/Target/usbd_conf.o
                0x08008d58                USBD_LL_Transmit
 .text.USBD_LL_PrepareReceive
                0x08008d9e       0x46 ./USB_DEVICE/Target/usbd_conf.o
                0x08008d9e                USBD_LL_PrepareReceive
 .text.USBD_LL_GetRxDataSize
                0x08008de4       0x26 ./USB_DEVICE/Target/usbd_conf.o
                0x08008de4                USBD_LL_GetRxDataSize
 .text.HAL_PCDEx_SetConnectionState
                0x08008e0a       0x18 ./USB_DEVICE/Target/usbd_conf.o
                0x08008e0a                HAL_PCDEx_SetConnectionState
 *fill*         0x08008e22        0x2 
 .text.USBD_Get_USB_Status
                0x08008e24       0x58 ./USB_DEVICE/Target/usbd_conf.o
 .text.sprintf  0x08008e7c       0x40 /opt/stm32cubeide/plugins/com.st.stm32cube.ide.mcu.externaltools.gnu-tools-for-stm32.12.3.rel1.linux64_1.0.100.202403111256/tools/bin/../lib/gcc/arm-none-eabi/12.3.1/../../../../arm-none-eabi/lib/thumb/v7e-m+fp/hard/libc_nano.a(libc_a-sprintf.o)
                0x08008e7c                sprintf
                0x08008e7c                siprintf
 .text.sscanf   0x08008ebc       0x54 /opt/stm32cubeide/plugins/com.st.stm32cube.ide.mcu.externaltools.gnu-tools-for-stm32.12.3.rel1.linux64_1.0.100.202403111256/tools/bin/../lib/gcc/arm-none-eabi/12.3.1/../../../../arm-none-eabi/lib/thumb/v7e-m+fp/hard/libc_nano.a(libc_a-sscanf.o)
                0x08008ebc                sscanf
                0x08008ebc                siscanf
 .text.__seofread
                0x08008f10        0x4 /opt/stm32cubeide/plugins/com.st.stm32cube.ide.mcu.externaltools.gnu-tools-for-stm32.12.3.rel1.linux64_1.0.100.202403111256/tools/bin/../lib/gcc/arm-none-eabi/12.3.1/../../../../arm-none-eabi/lib/thumb/v7e-m+fp/hard/libc_nano.a(libc_a-stdio.o)
                0x08008f10                __seofread
 .text.memset   0x08008f14       0x10 /opt/stm32cubeide/plugins/com.st.stm32cube.ide.mcu.externaltools.gnu-tools-for-stm32.12.3.rel1.linux64_1.0.100.202403111256/tools/bin/../lib/gcc/arm-none-eabi/12.3.1/../../../../arm-none-eabi/lib/thumb/v7e-m+fp/hard/libc_nano.a(libc_a-memset.o)
                0x08008f14                memset
 .text.__errno  0x08008f24        0xc /opt/stm32cubeide/plugins/com.st.stm32cube.ide.mcu.externaltools.gnu-tools-for-stm32.12.3.rel1.linux64_1.0.100.202403111256/tools/bin/../lib/gcc/arm-none-eabi/12.3.1/../../../../arm-none-eabi/lib/thumb/v7e-m+fp/hard/libc_nano.a(libc_a-errno.o)
                0x08008f24                __errno
 .text.__libc_init_array
                0x08008f30       0x48 /opt/stm32cubeide/plugins/com.st.stm32cube.ide.mcu.externaltools.gnu-tools-for-stm32.12.3.rel1.linux64_1.0.100.202403111256/tools/bin/../lib/gcc/arm-none-eabi/12.3.1/../../../../arm-none-eabi/lib/thumb/v7e-m+fp/hard/libc_nano.a(libc_a-init.o)
                0x08008f30                __libc_init_array
 .text.__retarget_lock_acquire_recursive
                0x08008f78        0x2 /opt/stm32cubeide/plugins/com.st.stm32cube.ide.mcu.externaltools.gnu-tools-for-stm32.12.3.rel1.linux64_1.0.100.202403111256/tools/bin/../lib/gcc/arm-none-eabi/12.3.1/../../../../arm-none-eabi/lib/thumb/v7e-m+fp/hard/libc_nano.a(libc_a-lock.o)
                0x08008f78                __retarget_lock_acquire_recursive
 .text.__retarget_lock_release_recursive
                0x08008f7a        0x2 /opt/stm32cubeide/plugins/com.st.stm32cube.ide.mcu.externaltools.gnu-tools-for-stm32.12.3.rel1.linux64_1.0.100.202403111256/tools/bin/../lib/gcc/arm-none-eabi/12.3.1/../../../../arm-none-eabi/lib/thumb/v7e-m+fp/hard/libc_nano.a(libc_a-lock.o)
                0x08008f7a                __retarget_lock_release_recursive
 .text.strcpy   0x08008f7c       0x10 /opt/stm32cubeide/plugins/com.st.stm32cube.ide.mcu.externaltools.gnu-tools-for-stm32.12.3.rel1.linux64_1.0.100.202403111256/tools/bin/../lib/gcc/arm-none-eabi/12.3.1/../../../../arm-none-eabi/lib/thumb/v7e-m+fp/hard/libc_nano.a(libc_a-strcpy.o)
                0x08008f7c                strcpy
 .text.memcpy   0x08008f8c       0x1c /opt/stm32cubeide/plugins/com.st.stm32cube.ide.mcu.externaltools.gnu-tools-for-stm32.12.3.rel1.linux64_1.0.100.202403111256/tools/bin/../lib/gcc/arm-none-eabi/12.3.1/../../../../arm-none-eabi/lib/thumb/v7e-m+fp/hard/libc_nano.a(libc_a-memcpy-stub.o)
                0x08008f8c                memcpy
 .text._free_r  0x08008fa8       0x94 /opt/stm32cubeide/plugins/com.st.stm32cube.ide.mcu.externaltools.gnu-tools-for-stm32.12.3.rel1.linux64_1.0.100.202403111256/tools/bin/../lib/gcc/arm-none-eabi/12.3.1/../../../../arm-none-eabi/lib/thumb/v7e-m+fp/hard/libc_nano.a(libc_a-freer.o)
                0x08008fa8                _free_r
 .text.sbrk_aligned
                0x0800903c       0x44 /opt/stm32cubeide/plugins/com.st.stm32cube.ide.mcu.externaltools.gnu-tools-for-stm32.12.3.rel1.linux64_1.0.100.202403111256/tools/bin/../lib/gcc/arm-none-eabi/12.3.1/../../../../arm-none-eabi/lib/thumb/v7e-m+fp/hard/libc_nano.a(libc_a-mallocr.o)
 .text._malloc_r
                0x08009080      0x100 /opt/stm32cubeide/plugins/com.st.stm32cube.ide.mcu.externaltools.gnu-tools-for-stm32.12.3.rel1.linux64_1.0.100.202403111256/tools/bin/../lib/gcc/arm-none-eabi/12.3.1/../../../../arm-none-eabi/lib/thumb/v7e-m+fp/hard/libc_nano.a(libc_a-mallocr.o)
                0x08009080                _malloc_r
 .text.__malloc_lock
                0x08009180        0xc /opt/stm32cubeide/plugins/com.st.stm32cube.ide.mcu.externaltools.gnu-tools-for-stm32.12.3.rel1.linux64_1.0.100.202403111256/tools/bin/../lib/gcc/arm-none-eabi/12.3.1/../../../../arm-none-eabi/lib/thumb/v7e-m+fp/hard/libc_nano.a(libc_a-mlock.o)
                0x08009180                __malloc_lock
 .text.__malloc_unlock
                0x0800918c        0xc /opt/stm32cubeide/plugins/com.st.stm32cube.ide.mcu.externaltools.gnu-tools-for-stm32.12.3.rel1.linux64_1.0.100.202403111256/tools/bin/../lib/gcc/arm-none-eabi/12.3.1/../../../../arm-none-eabi/lib/thumb/v7e-m+fp/hard/libc_nano.a(libc_a-mlock.o)
                0x0800918c                __malloc_unlock
 .text.__ssputs_r
                0x08009198       0xb6 /opt/stm32cubeide/plugins/com.st.stm32cube.ide.mcu.externaltools.gnu-tools-for-stm32.12.3.rel1.linux64_1.0.100.202403111256/tools/bin/../lib/gcc/arm-none-eabi/12.3.1/../../../../arm-none-eabi/lib/thumb/v7e-m+fp/hard/libc_nano.a(libc_a-nano-svfprintf.o)
                0x08009198                __ssputs_r
 *fill*         0x0800924e        0x2 
 .text._svfprintf_r
                0x08009250      0x1f8 /opt/stm32cubeide/plugins/com.st.stm32cube.ide.mcu.externaltools.gnu-tools-for-stm32.12.3.rel1.linux64_1.0.100.202403111256/tools/bin/../lib/gcc/arm-none-eabi/12.3.1/../../../../arm-none-eabi/lib/thumb/v7e-m+fp/hard/libc_nano.a(libc_a-nano-svfprintf.o)
                0x08009250                _svfprintf_r
                0x08009250                _svfiprintf_r
 .text._sungetc_r
                0x08009448       0x76 /opt/stm32cubeide/plugins/com.st.stm32cube.ide.mcu.externaltools.gnu-tools-for-stm32.12.3.rel1.linux64_1.0.100.202403111256/tools/bin/../lib/gcc/arm-none-eabi/12.3.1/../../../../arm-none-eabi/lib/thumb/v7e-m+fp/hard/libc_nano.a(libc_a-nano-svfscanf.o)
                0x08009448                _sungetc_r
 .text.__ssrefill_r
                0x080094be       0x3a /opt/stm32cubeide/plugins/com.st.stm32cube.ide.mcu.externaltools.gnu-tools-for-stm32.12.3.rel1.linux64_1.0.100.202403111256/tools/bin/../lib/gcc/arm-none-eabi/12.3.1/../../../../arm-none-eabi/lib/thumb/v7e-m+fp/hard/libc_nano.a(libc_a-nano-svfscanf.o)
                0x080094be                __ssrefill_r
 .text.__ssvfscanf_r
                0x080094f8      0x2e8 /opt/stm32cubeide/plugins/com.st.stm32cube.ide.mcu.externaltools.gnu-tools-for-stm32.12.3.rel1.linux64_1.0.100.202403111256/tools/bin/../lib/gcc/arm-none-eabi/12.3.1/../../../../arm-none-eabi/lib/thumb/v7e-m+fp/hard/libc_nano.a(libc_a-nano-svfscanf.o)
                0x080094f8                __ssvfscanf_r
                0x080094f8                __ssvfiscanf_r
 .text._printf_common
                0x080097e0       0xda /opt/stm32cubeide/plugins/com.st.stm32cube.ide.mcu.externaltools.gnu-tools-for-stm32.12.3.rel1.linux64_1.0.100.202403111256/tools/bin/../lib/gcc/arm-none-eabi/12.3.1/../../../../arm-none-eabi/lib/thumb/v7e-m+fp/hard/libc_nano.a(libc_a-nano-vfprintf_i.o)
                0x080097e0                _printf_common
 *fill*         0x080098ba        0x2 
 .text._printf_i
                0x080098bc      0x240 /opt/stm32cubeide/plugins/com.st.stm32cube.ide.mcu.externaltools.gnu-tools-for-stm32.12.3.rel1.linux64_1.0.100.202403111256/tools/bin/../lib/gcc/arm-none-eabi/12.3.1/../../../../arm-none-eabi/lib/thumb/v7e-m+fp/hard/libc_nano.a(libc_a-nano-vfprintf_i.o)
                0x080098bc                _printf_i
 .text._scanf_chars
                0x08009afc       0xb4 /opt/stm32cubeide/plugins/com.st.stm32cube.ide.mcu.externaltools.gnu-tools-for-stm32.12.3.rel1.linux64_1.0.100.202403111256/tools/bin/../lib/gcc/arm-none-eabi/12.3.1/../../../../arm-none-eabi/lib/thumb/v7e-m+fp/hard/libc_nano.a(libc_a-nano-vfscanf_i.o)
                0x08009afc                _scanf_chars
 .text._scanf_i
                0x08009bb0      0x1e8 /opt/stm32cubeide/plugins/com.st.stm32cube.ide.mcu.externaltools.gnu-tools-for-stm32.12.3.rel1.linux64_1.0.100.202403111256/tools/bin/../lib/gcc/arm-none-eabi/12.3.1/../../../../arm-none-eabi/lib/thumb/v7e-m+fp/hard/libc_nano.a(libc_a-nano-vfscanf_i.o)
                0x08009bb0                _scanf_i
 .text.__sccl   0x08009d98       0x72 /opt/stm32cubeide/plugins/com.st.stm32cube.ide.mcu.externaltools.gnu-tools-for-stm32.12.3.rel1.linux64_1.0.100.202403111256/tools/bin/../lib/gcc/arm-none-eabi/12.3.1/../../../../arm-none-eabi/lib/thumb/v7e-m+fp/hard/libc_nano.a(libc_a-sccl.o)
                0x08009d98                __sccl
 .text.__submore
                0x08009e0a       0x74 /opt/stm32cubeide/plugins/com.st.stm32cube.ide.mcu.externaltools.gnu-tools-for-stm32.12.3.rel1.linux64_1.0.100.202403111256/tools/bin/../lib/gcc/arm-none-eabi/12.3.1/../../../../arm-none-eabi/lib/thumb/v7e-m+fp/hard/libc_nano.a(libc_a-ungetc.o)
                0x08009e0a                __submore
 .text.memmove  0x08009e7e       0x34 /opt/stm32cubeide/plugins/com.st.stm32cube.ide.mcu.externaltools.gnu-tools-for-stm32.12.3.rel1.linux64_1.0.100.202403111256/tools/bin/../lib/gcc/arm-none-eabi/12.3.1/../../../../arm-none-eabi/lib/thumb/v7e-m+fp/hard/libc_nano.a(libc_a-memmove.o)
                0x08009e7e                memmove
 *fill*         0x08009eb2        0x2 
 .text._sbrk_r  0x08009eb4       0x20 /opt/stm32cubeide/plugins/com.st.stm32cube.ide.mcu.externaltools.gnu-tools-for-stm32.12.3.rel1.linux64_1.0.100.202403111256/tools/bin/../lib/gcc/arm-none-eabi/12.3.1/../../../../arm-none-eabi/lib/thumb/v7e-m+fp/hard/libc_nano.a(libc_a-sbrkr.o)
                0x08009eb4                _sbrk_r
 .text._realloc_r
                0x08009ed4       0x5c /opt/stm32cubeide/plugins/com.st.stm32cube.ide.mcu.externaltools.gnu-tools-for-stm32.12.3.rel1.linux64_1.0.100.202403111256/tools/bin/../lib/gcc/arm-none-eabi/12.3.1/../../../../arm-none-eabi/lib/thumb/v7e-m+fp/hard/libc_nano.a(libc_a-reallocr.o)
                0x08009ed4                _realloc_r
 .text._strtol_l.constprop.0
                0x08009f30       0xf4 /opt/stm32cubeide/plugins/com.st.stm32cube.ide.mcu.externaltools.gnu-tools-for-stm32.12.3.rel1.linux64_1.0.100.202403111256/tools/bin/../lib/gcc/arm-none-eabi/12.3.1/../../../../arm-none-eabi/lib/thumb/v7e-m+fp/hard/libc_nano.a(libc_a-strtol.o)
 .text._strtol_r
                0x0800a024        0x4 /opt/stm32cubeide/plugins/com.st.stm32cube.ide.mcu.externaltools.gnu-tools-for-stm32.12.3.rel1.linux64_1.0.100.202403111256/tools/bin/../lib/gcc/arm-none-eabi/12.3.1/../../../../arm-none-eabi/lib/thumb/v7e-m+fp/hard/libc_nano.a(libc_a-strtol.o)
                0x0800a024                _strtol_r
 .text._strtoul_l.constprop.0
                0x0800a028       0xdc /opt/stm32cubeide/plugins/com.st.stm32cube.ide.mcu.externaltools.gnu-tools-for-stm32.12.3.rel1.linux64_1.0.100.202403111256/tools/bin/../lib/gcc/arm-none-eabi/12.3.1/../../../../arm-none-eabi/lib/thumb/v7e-m+fp/hard/libc_nano.a(libc_a-strtoul.o)
 .text._strtoul_r
                0x0800a104        0x4 /opt/stm32cubeide/plugins/com.st.stm32cube.ide.mcu.externaltools.gnu-tools-for-stm32.12.3.rel1.linux64_1.0.100.202403111256/tools/bin/../lib/gcc/arm-none-eabi/12.3.1/../../../../arm-none-eabi/lib/thumb/v7e-m+fp/hard/libc_nano.a(libc_a-strtoul.o)
                0x0800a104                _strtoul_r
 .text._malloc_usable_size_r
                0x0800a108       0x10 /opt/stm32cubeide/plugins/com.st.stm32cube.ide.mcu.externaltools.gnu-tools-for-stm32.12.3.rel1.linux64_1.0.100.202403111256/tools/bin/../lib/gcc/arm-none-eabi/12.3.1/../../../../arm-none-eabi/lib/thumb/v7e-m+fp/hard/libc_nano.a(libc_a-msizer.o)
                0x0800a108                _malloc_usable_size_r
 *(.glue_7)
 .glue_7        0x0800a118        0x0 linker stubs
 *(.glue_7t)
 .glue_7t       0x0800a118        0x0 linker stubs
 *(.eh_frame)
 .eh_frame      0x0800a118        0x0 /opt/stm32cubeide/plugins/com.st.stm32cube.ide.mcu.externaltools.gnu-tools-for-stm32.12.3.rel1.linux64_1.0.100.202403111256/tools/bin/../lib/gcc/arm-none-eabi/12.3.1/thumb/v7e-m+fp/hard/crtbegin.o
 *(.init)
 .init          0x0800a118        0x4 /opt/stm32cubeide/plugins/com.st.stm32cube.ide.mcu.externaltools.gnu-tools-for-stm32.12.3.rel1.linux64_1.0.100.202403111256/tools/bin/../lib/gcc/arm-none-eabi/12.3.1/thumb/v7e-m+fp/hard/crti.o
                0x0800a118                _init
 .init          0x0800a11c        0x8 /opt/stm32cubeide/plugins/com.st.stm32cube.ide.mcu.externaltools.gnu-tools-for-stm32.12.3.rel1.linux64_1.0.100.202403111256/tools/bin/../lib/gcc/arm-none-eabi/12.3.1/thumb/v7e-m+fp/hard/crtn.o
 *(.fini)
 .fini          0x0800a124        0x4 /opt/stm32cubeide/plugins/com.st.stm32cube.ide.mcu.externaltools.gnu-tools-for-stm32.12.3.rel1.linux64_1.0.100.202403111256/tools/bin/../lib/gcc/arm-none-eabi/12.3.1/thumb/v7e-m+fp/hard/crti.o
                0x0800a124                _fini
 .fini          0x0800a128        0x8 /opt/stm32cubeide/plugins/com.st.stm32cube.ide.mcu.externaltools.gnu-tools-for-stm32.12.3.rel1.linux64_1.0.100.202403111256/tools/bin/../lib/gcc/arm-none-eabi/12.3.1/thumb/v7e-m+fp/hard/crtn.o
                0x0800a130                        . = ALIGN (0x4)
                0x0800a130                        _etext = .

.vfp11_veneer   0x0800a130        0x0
 .vfp11_veneer  0x0800a130        0x0 linker stubs

.v4_bx          0x0800a130        0x0
 .v4_bx         0x0800a130        0x0 linker stubs

.iplt           0x0800a130        0x0
 .iplt          0x0800a130        0x0 /opt/stm32cubeide/plugins/com.st.stm32cube.ide.mcu.externaltools.gnu-tools-for-stm32.12.3.rel1.linux64_1.0.100.202403111256/tools/bin/../lib/gcc/arm-none-eabi/12.3.1/thumb/v7e-m+fp/hard/crtbegin.o

.rodata         0x0800a130      0x468
                0x0800a130                        . = ALIGN (0x4)
 *(.rodata)
 .rodata        0x0800a130       0x23 ./Core/Src/main.o
 *fill*         0x0800a153        0x1 
 .rodata        0x0800a154      0x24e ./Core/Src/real_main.o
 *fill*         0x0800a3a2        0x2 
 .rodata        0x0800a3a4       0x67 ./USB_DEVICE/App/usbd_desc.o
 *fill*         0x0800a40b        0x1 
 .rodata        0x0800a40c        0xc /opt/stm32cubeide/plugins/com.st.stm32cube.ide.mcu.externaltools.gnu-tools-for-stm32.12.3.rel1.linux64_1.0.100.202403111256/tools/bin/../lib/gcc/arm-none-eabi/12.3.1/../../../../arm-none-eabi/lib/thumb/v7e-m+fp/hard/libc_nano.a(libc_a-nano-vfscanf_i.o)
 *(.rodata*)
 .rodata.AHBPrescTable
                0x0800a418       0x10 ./Core/Src/system_stm32f3xx.o
                0x0800a418                AHBPrescTable
 .rodata.aPLLMULFactorTable
                0x0800a428       0x10 ./Drivers/STM32F3xx_HAL_Driver/Src/stm32f3xx_hal_rcc.o
 .rodata.aPredivFactorTable
                0x0800a438       0x10 ./Drivers/STM32F3xx_HAL_Driver/Src/stm32f3xx_hal_rcc.o
 .rodata._svfprintf_r.str1.1
                0x0800a448       0x11 /opt/stm32cubeide/plugins/com.st.stm32cube.ide.mcu.externaltools.gnu-tools-for-stm32.12.3.rel1.linux64_1.0.100.202403111256/tools/bin/../lib/gcc/arm-none-eabi/12.3.1/../../../../arm-none-eabi/lib/thumb/v7e-m+fp/hard/libc_nano.a(libc_a-nano-svfprintf.o)
 .rodata.__ssvfscanf_r.str1.1
                0x0800a459        0x4 /opt/stm32cubeide/plugins/com.st.stm32cube.ide.mcu.externaltools.gnu-tools-for-stm32.12.3.rel1.linux64_1.0.100.202403111256/tools/bin/../lib/gcc/arm-none-eabi/12.3.1/../../../../arm-none-eabi/lib/thumb/v7e-m+fp/hard/libc_nano.a(libc_a-nano-svfscanf.o)
 .rodata._printf_i.str1.1
                0x0800a459       0x22 /opt/stm32cubeide/plugins/com.st.stm32cube.ide.mcu.externaltools.gnu-tools-for-stm32.12.3.rel1.linux64_1.0.100.202403111256/tools/bin/../lib/gcc/arm-none-eabi/12.3.1/../../../../arm-none-eabi/lib/thumb/v7e-m+fp/hard/libc_nano.a(libc_a-nano-vfprintf_i.o)
 .rodata._scanf_i.str1.1
                0x0800a47b       0x12 /opt/stm32cubeide/plugins/com.st.stm32cube.ide.mcu.externaltools.gnu-tools-for-stm32.12.3.rel1.linux64_1.0.100.202403111256/tools/bin/../lib/gcc/arm-none-eabi/12.3.1/../../../../arm-none-eabi/lib/thumb/v7e-m+fp/hard/libc_nano.a(libc_a-nano-vfscanf_i.o)
 .rodata.str1.1
                0x0800a48d        0x9 /opt/stm32cubeide/plugins/com.st.stm32cube.ide.mcu.externaltools.gnu-tools-for-stm32.12.3.rel1.linux64_1.0.100.202403111256/tools/bin/../lib/gcc/arm-none-eabi/12.3.1/../../../../arm-none-eabi/lib/thumb/v7e-m+fp/hard/libc_nano.a(libc_a-nano-vfscanf_i.o)
 .rodata._ctype_
                0x0800a496      0x101 /opt/stm32cubeide/plugins/com.st.stm32cube.ide.mcu.externaltools.gnu-tools-for-stm32.12.3.rel1.linux64_1.0.100.202403111256/tools/bin/../lib/gcc/arm-none-eabi/12.3.1/../../../../arm-none-eabi/lib/thumb/v7e-m+fp/hard/libc_nano.a(libc_a-ctype_.o)
                0x0800a496                _ctype_
                0x0800a598                        . = ALIGN (0x4)
 *fill*         0x0800a597        0x1 

.ARM.extab      0x0800a598        0x0
                0x0800a598                        . = ALIGN (0x4)
 *(.ARM.extab* .gnu.linkonce.armextab.*)
                0x0800a598                        . = ALIGN (0x4)

.ARM            0x0800a598        0x8
                0x0800a598                        . = ALIGN (0x4)
                0x0800a598                        __exidx_start = .
 *(.ARM.exidx*)
 .ARM.exidx     0x0800a598        0x8 /opt/stm32cubeide/plugins/com.st.stm32cube.ide.mcu.externaltools.gnu-tools-for-stm32.12.3.rel1.linux64_1.0.100.202403111256/tools/bin/../lib/gcc/arm-none-eabi/12.3.1/../../../../arm-none-eabi/lib/thumb/v7e-m+fp/hard/libc_nano.a(libc_a-strlen.o)
 .ARM.exidx     0x0800a5a0        0x0 /opt/stm32cubeide/plugins/com.st.stm32cube.ide.mcu.externaltools.gnu-tools-for-stm32.12.3.rel1.linux64_1.0.100.202403111256/tools/bin/../lib/gcc/arm-none-eabi/12.3.1/../../../../arm-none-eabi/lib/thumb/v7e-m+fp/hard/libc_nano.a(libc_a-memchr.o)
                                  0x8 (size before relaxing)
                0x0800a5a0                        __exidx_end = .
                0x0800a5a0                        . = ALIGN (0x4)

.preinit_array  0x0800a5a0        0x0
                0x0800a5a0                        . = ALIGN (0x4)
                0x0800a5a0                        PROVIDE (__preinit_array_start = .)
 *(.preinit_array*)
                0x0800a5a0                        PROVIDE (__preinit_array_end = .)
                0x0800a5a0                        . = ALIGN (0x4)

.init_array     0x0800a5a0        0x4
                0x0800a5a0                        . = ALIGN (0x4)
                0x0800a5a0                        PROVIDE (__init_array_start = .)
 *(SORT_BY_NAME(.init_array.*))
 *(.init_array*)
 .init_array    0x0800a5a0        0x4 /opt/stm32cubeide/plugins/com.st.stm32cube.ide.mcu.externaltools.gnu-tools-for-stm32.12.3.rel1.linux64_1.0.100.202403111256/tools/bin/../lib/gcc/arm-none-eabi/12.3.1/thumb/v7e-m+fp/hard/crtbegin.o
                0x0800a5a4                        PROVIDE (__init_array_end = .)
                0x0800a5a4                        . = ALIGN (0x4)

.fini_array     0x0800a5a4     0x125c
                0x0800a5a4                        . = ALIGN (0x4)
                [!provide]                        PROVIDE (__fini_array_start = .)
 *(SORT_BY_NAME(.fini_array.*))
 *(.fini_array*)
 .fini_array    0x0800a5a4        0x4 /opt/stm32cubeide/plugins/com.st.stm32cube.ide.mcu.externaltools.gnu-tools-for-stm32.12.3.rel1.linux64_1.0.100.202403111256/tools/bin/../lib/gcc/arm-none-eabi/12.3.1/thumb/v7e-m+fp/hard/crtbegin.o
                [!provide]                        PROVIDE (__fini_array_end = .)
                0x0800a5a8                        . = ALIGN (0x4)
                0x0800a800                        . = ALIGN (0x800)
 *fill*         0x0800a5a8      0x258 
 *(.vault)
 .vault         0x0800a800      0xc00 ./Core/Src/real_main.o
                0x0800a800                names
                0x0800ac00                passwords
                0x0800b800                        . = ALIGN (0x800)
 *fill*         0x0800b400      0x400 
                0x0800b800                        _sidata = LOADADDR (.data)

.rel.dyn        0x0800b800        0x0
 .rel.iplt      0x0800b800        0x0 /opt/stm32cubeide/plugins/com.st.stm32cube.ide.mcu.externaltools.gnu-tools-for-stm32.12.3.rel1.linux64_1.0.100.202403111256/tools/bin/../lib/gcc/arm-none-eabi/12.3.1/thumb/v7e-m+fp/hard/crtbegin.o

.data           0x20000000      0xd34 load address 0x0800b800
                0x20000000                        . = ALIGN (0x4)
                0x20000000                        _sdata = .
 *(.data)
 *(.data*)
 .data.class_descriptor
                0x20000000       0x3f ./Core/Src/real_main.o
                0x20000000                class_descriptor
 *fill*         0x2000003f        0x1 
 .data.passwordManagerClass
                0x20000040       0x38 ./Core/Src/real_main.o
                0x20000040                passwordManagerClass
 .data.namesBuff
                0x20000078      0x400 ./Core/Src/real_main.o
                0x20000078                namesBuff
 .data.passwordsBuff
                0x20000478      0x800 ./Core/Src/real_main.o
                0x20000478                passwordsBuff
 .data.SystemCoreClock
                0x20000c78        0x4 ./Core/Src/system_stm32f3xx.o
                0x20000c78                SystemCoreClock
 .data.uwTickPrio
                0x20000c7c        0x4 ./Drivers/STM32F3xx_HAL_Driver/Src/stm32f3xx_hal.o
                0x20000c7c                uwTickPrio
 .data.uwTickFreq
                0x20000c80        0x1 ./Drivers/STM32F3xx_HAL_Driver/Src/stm32f3xx_hal.o
                0x20000c80                uwTickFreq
 *fill*         0x20000c81        0x3 
 .data.USBD_Interface_fops_FS
                0x20000c84       0x10 ./USB_DEVICE/App/usbd_cdc_if.o
                0x20000c84                USBD_Interface_fops_FS
 .data.FS_Desc  0x20000c94       0x1c ./USB_DEVICE/App/usbd_desc.o
                0x20000c94                FS_Desc
 .data.USBD_FS_DeviceDesc
                0x20000cb0       0x12 ./USB_DEVICE/App/usbd_desc.o
                0x20000cb0                USBD_FS_DeviceDesc
 *fill*         0x20000cc2        0x2 
 .data.USBD_LangIDDesc
                0x20000cc4        0x4 ./USB_DEVICE/App/usbd_desc.o
                0x20000cc4                USBD_LangIDDesc
 .data.USBD_StringSerial
                0x20000cc8       0x1a ./USB_DEVICE/App/usbd_desc.o
                0x20000cc8                USBD_StringSerial
 *fill*         0x20000ce2        0x2 
 .data._impure_ptr
                0x20000ce4        0x4 /opt/stm32cubeide/plugins/com.st.stm32cube.ide.mcu.externaltools.gnu-tools-for-stm32.12.3.rel1.linux64_1.0.100.202403111256/tools/bin/../lib/gcc/arm-none-eabi/12.3.1/../../../../arm-none-eabi/lib/thumb/v7e-m+fp/hard/libc_nano.a(libc_a-impure.o)
                0x20000ce4                _impure_ptr
 .data._impure_data
                0x20000ce8       0x4c /opt/stm32cubeide/plugins/com.st.stm32cube.ide.mcu.externaltools.gnu-tools-for-stm32.12.3.rel1.linux64_1.0.100.202403111256/tools/bin/../lib/gcc/arm-none-eabi/12.3.1/../../../../arm-none-eabi/lib/thumb/v7e-m+fp/hard/libc_nano.a(libc_a-impure.o)
                0x20000ce8                _impure_data
 *(.RamFunc)
 *(.RamFunc*)
                0x20000d34                        . = ALIGN (0x4)
                0x20000d34                        _edata = .
                0x0800c534                        _siccmram = LOADADDR (.ccmram)

.igot.plt       0x20000d34        0x0 load address 0x0800c534
 .igot.plt      0x20000d34        0x0 /opt/stm32cubeide/plugins/com.st.stm32cube.ide.mcu.externaltools.gnu-tools-for-stm32.12.3.rel1.linux64_1.0.100.202403111256/tools/bin/../lib/gcc/arm-none-eabi/12.3.1/thumb/v7e-m+fp/hard/crtbegin.o

.ccmram         0x10000000        0x0 load address 0x0800c534
                0x10000000                        . = ALIGN (0x4)
                0x10000000                        _sccmram = .
 *(.ccmram)
 *(.ccmram*)
                0x10000000                        . = ALIGN (0x4)
                0x10000000                        _eccmram = .
                0x10000000                        . = ALIGN (0x4)

.bss            0x20000d38     0x12e4
                0x20000d38                        _sbss = .
                0x20000d38                        __bss_start__ = _sbss
 *(.bss)
 .bss           0x20000d38       0x1c /opt/stm32cubeide/plugins/com.st.stm32cube.ide.mcu.externaltools.gnu-tools-for-stm32.12.3.rel1.linux64_1.0.100.202403111256/tools/bin/../lib/gcc/arm-none-eabi/12.3.1/thumb/v7e-m+fp/hard/crtbegin.o
 *(.bss*)
 .bss.hi2c1     0x20000d54       0x54 ./Core/Src/main.o
                0x20000d54                hi2c1
 .bss.hspi1     0x20000da8       0x64 ./Core/Src/main.o
                0x20000da8                hspi1
 .bss.bulkBuffer
                0x20000e0c      0x100 ./Core/Src/real_main.o
                0x20000e0c                bulkBuffer
 .bss.__sbrk_heap_end
                0x20000f0c        0x4 ./Core/Src/sysmem.o
 .bss.uwTick    0x20000f10        0x4 ./Drivers/STM32F3xx_HAL_Driver/Src/stm32f3xx_hal.o
                0x20000f10                uwTick
 *fill*         0x20000f14        0x4 
 .bss.pFlash    0x20000f18       0x20 ./Drivers/STM32F3xx_HAL_Driver/Src/stm32f3xx_hal_flash.o
                0x20000f18                pFlash
 .bss.cfgidx.0  0x20000f38        0x1 ./Middlewares/ST/STM32_USB_Device_Library/Core/Src/usbd_ctlreq.o
 *fill*         0x20000f39        0x3 
 .bss.hUsbDeviceFS
                0x20000f3c      0x2c4 ./USB_DEVICE/App/usb_device.o
                0x20000f3c                hUsbDeviceFS
 .bss.UserRxBufferFS
                0x20001200      0x400 ./USB_DEVICE/App/usbd_cdc_if.o
                0x20001200                UserRxBufferFS
 .bss.UserTxBufferFS
                0x20001600      0x400 ./USB_DEVICE/App/usbd_cdc_if.o
                0x20001600                UserTxBufferFS
 .bss.USBD_StrDesc
                0x20001a00      0x200 ./USB_DEVICE/App/usbd_desc.o
                0x20001a00                USBD_StrDesc
 .bss.hpcd_USB_FS
                0x20001c00      0x2d4 ./USB_DEVICE/Target/usbd_conf.o
                0x20001c00                hpcd_USB_FS
 .bss.__sf      0x20001ed4      0x138 /opt/stm32cubeide/plugins/com.st.stm32cube.ide.mcu.externaltools.gnu-tools-for-stm32.12.3.rel1.linux64_1.0.100.202403111256/tools/bin/../lib/gcc/arm-none-eabi/12.3.1/../../../../arm-none-eabi/lib/thumb/v7e-m+fp/hard/libc_nano.a(libc_a-findfp.o)
                0x20001ed4                __sf
 .bss.errno     0x2000200c        0x4 /opt/stm32cubeide/plugins/com.st.stm32cube.ide.mcu.externaltools.gnu-tools-for-stm32.12.3.rel1.linux64_1.0.100.202403111256/tools/bin/../lib/gcc/arm-none-eabi/12.3.1/../../../../arm-none-eabi/lib/thumb/v7e-m+fp/hard/libc_nano.a(libc_a-reent.o)
                0x2000200c                errno
 .bss.__lock___malloc_recursive_mutex
                0x20002010        0x1 /opt/stm32cubeide/plugins/com.st.stm32cube.ide.mcu.externaltools.gnu-tools-for-stm32.12.3.rel1.linux64_1.0.100.202403111256/tools/bin/../lib/gcc/arm-none-eabi/12.3.1/../../../../arm-none-eabi/lib/thumb/v7e-m+fp/hard/libc_nano.a(libc_a-lock.o)
                0x20002010                __lock___malloc_recursive_mutex
 *fill*         0x20002011        0x3 
 .bss.__malloc_sbrk_start
                0x20002014        0x4 /opt/stm32cubeide/plugins/com.st.stm32cube.ide.mcu.externaltools.gnu-tools-for-stm32.12.3.rel1.linux64_1.0.100.202403111256/tools/bin/../lib/gcc/arm-none-eabi/12.3.1/../../../../arm-none-eabi/lib/thumb/v7e-m+fp/hard/libc_nano.a(libc_a-mallocr.o)
                0x20002014                __malloc_sbrk_start
 .bss.__malloc_free_list
                0x20002018        0x4 /opt/stm32cubeide/plugins/com.st.stm32cube.ide.mcu.externaltools.gnu-tools-for-stm32.12.3.rel1.linux64_1.0.100.202403111256/tools/bin/../lib/gcc/arm-none-eabi/12.3.1/../../../../arm-none-eabi/lib/thumb/v7e-m+fp/hard/libc_nano.a(libc_a-mallocr.o)
                0x20002018                __malloc_free_list
 *(COMMON)
                0x2000201c                        . = ALIGN (0x4)
                0x2000201c                        _ebss = .
                0x2000201c                        __bss_end__ = _ebss

._user_heap_stack
                0x2000201c      0x604
                0x20002020                        . = ALIGN (0x8)
 *fill*         0x2000201c        0x4 
                [!provide]                        PROVIDE (end = .)
                0x20002020                        PROVIDE (_end = .)
                0x20002220                        . = (. + _Min_Heap_Size)
 *fill*         0x20002020      0x200 
                0x20002620                        . = (. + _Min_Stack_Size)
 *fill*         0x20002220      0x400 
                0x20002620                        . = ALIGN (0x8)

/DISCARD/
 libc.a(*)
 libm.a(*)
 libgcc.a(*)

.ARM.attributes
                0x00000000       0x30
 *(.ARM.attributes)
 .ARM.attributes
                0x00000000       0x22 /opt/stm32cubeide/plugins/com.st.stm32cube.ide.mcu.externaltools.gnu-tools-for-stm32.12.3.rel1.linux64_1.0.100.202403111256/tools/bin/../lib/gcc/arm-none-eabi/12.3.1/thumb/v7e-m+fp/hard/crti.o
 .ARM.attributes
                0x00000022       0x34 /opt/stm32cubeide/plugins/com.st.stm32cube.ide.mcu.externaltools.gnu-tools-for-stm32.12.3.rel1.linux64_1.0.100.202403111256/tools/bin/../lib/gcc/arm-none-eabi/12.3.1/thumb/v7e-m+fp/hard/crtbegin.o
 .ARM.attributes
                0x00000056       0x34 ./Core/Src/main.o
 .ARM.attributes
                0x0000008a       0x34 ./Core/Src/real_main.o
 .ARM.attributes
                0x000000be       0x34 ./Core/Src/stm32f3xx_hal_msp.o
 .ARM.attributes
                0x000000f2       0x34 ./Core/Src/stm32f3xx_it.o
 .ARM.attributes
                0x00000126       0x34 ./Core/Src/sysmem.o
 .ARM.attributes
                0x0000015a       0x34 ./Core/Src/system_stm32f3xx.o
 .ARM.attributes
                0x0000018e       0x34 ./Core/Src/usart.o
 .ARM.attributes
                0x000001c2       0x21 ./Core/Startup/startup_stm32f303vctx.o
 .ARM.attributes
                0x000001e3       0x34 ./Drivers/STM32F3xx_HAL_Driver/Src/stm32f3xx_hal.o
 .ARM.attributes
                0x00000217       0x34 ./Drivers/STM32F3xx_HAL_Driver/Src/stm32f3xx_hal_cortex.o
 .ARM.attributes
                0x0000024b       0x34 ./Drivers/STM32F3xx_HAL_Driver/Src/stm32f3xx_hal_flash.o
 .ARM.attributes
                0x0000027f       0x34 ./Drivers/STM32F3xx_HAL_Driver/Src/stm32f3xx_hal_flash_ex.o
 .ARM.attributes
                0x000002b3       0x34 ./Drivers/STM32F3xx_HAL_Driver/Src/stm32f3xx_hal_gpio.o
 .ARM.attributes
                0x000002e7       0x34 ./Drivers/STM32F3xx_HAL_Driver/Src/stm32f3xx_hal_i2c.o
 .ARM.attributes
                0x0000031b       0x34 ./Drivers/STM32F3xx_HAL_Driver/Src/stm32f3xx_hal_i2c_ex.o
 .ARM.attributes
                0x0000034f       0x34 ./Drivers/STM32F3xx_HAL_Driver/Src/stm32f3xx_hal_pcd.o
 .ARM.attributes
                0x00000383       0x34 ./Drivers/STM32F3xx_HAL_Driver/Src/stm32f3xx_hal_pcd_ex.o
 .ARM.attributes
                0x000003b7       0x34 ./Drivers/STM32F3xx_HAL_Driver/Src/stm32f3xx_hal_rcc.o
 .ARM.attributes
                0x000003eb       0x34 ./Drivers/STM32F3xx_HAL_Driver/Src/stm32f3xx_hal_rcc_ex.o
 .ARM.attributes
                0x0000041f       0x34 ./Drivers/STM32F3xx_HAL_Driver/Src/stm32f3xx_hal_spi.o
 .ARM.attributes
                0x00000453       0x34 ./Drivers/STM32F3xx_HAL_Driver/Src/stm32f3xx_ll_usb.o
 .ARM.attributes
                0x00000487       0x34 ./Middlewares/ST/STM32_USB_Device_Library/Class/CDC/Src/usbd_cdc.o
 .ARM.attributes
                0x000004bb       0x34 ./Middlewares/ST/STM32_USB_Device_Library/Core/Src/usbd_core.o
 .ARM.attributes
                0x000004ef       0x34 ./Middlewares/ST/STM32_USB_Device_Library/Core/Src/usbd_ctlreq.o
 .ARM.attributes
                0x00000523       0x34 ./Middlewares/ST/STM32_USB_Device_Library/Core/Src/usbd_ioreq.o
 .ARM.attributes
                0x00000557       0x34 ./USB_DEVICE/App/usb_device.o
 .ARM.attributes
                0x0000058b       0x34 ./USB_DEVICE/App/usbd_cdc_if.o
 .ARM.attributes
                0x000005bf       0x34 ./USB_DEVICE/App/usbd_desc.o
 .ARM.attributes
                0x000005f3       0x34 ./USB_DEVICE/Target/usbd_conf.o
 .ARM.attributes
                0x00000627       0x34 /opt/stm32cubeide/plugins/com.st.stm32cube.ide.mcu.externaltools.gnu-tools-for-stm32.12.3.rel1.linux64_1.0.100.202403111256/tools/bin/../lib/gcc/arm-none-eabi/12.3.1/../../../../arm-none-eabi/lib/thumb/v7e-m+fp/hard/libc_nano.a(libc_a-findfp.o)
 .ARM.attributes
                0x0000065b       0x34 /opt/stm32cubeide/plugins/com.st.stm32cube.ide.mcu.externaltools.gnu-tools-for-stm32.12.3.rel1.linux64_1.0.100.202403111256/tools/bin/../lib/gcc/arm-none-eabi/12.3.1/../../../../arm-none-eabi/lib/thumb/v7e-m+fp/hard/libc_nano.a(libc_a-sprintf.o)
 .ARM.attributes
                0x0000068f       0x34 /opt/stm32cubeide/plugins/com.st.stm32cube.ide.mcu.externaltools.gnu-tools-for-stm32.12.3.rel1.linux64_1.0.100.202403111256/tools/bin/../lib/gcc/arm-none-eabi/12.3.1/../../../../arm-none-eabi/lib/thumb/v7e-m+fp/hard/libc_nano.a(libc_a-sscanf.o)
 .ARM.attributes
                0x000006c3       0x34 /opt/stm32cubeide/plugins/com.st.stm32cube.ide.mcu.externaltools.gnu-tools-for-stm32.12.3.rel1.linux64_1.0.100.202403111256/tools/bin/../lib/gcc/arm-none-eabi/12.3.1/../../../../arm-none-eabi/lib/thumb/v7e-m+fp/hard/libc_nano.a(libc_a-stdio.o)
 .ARM.attributes
                0x000006f7       0x34 /opt/stm32cubeide/plugins/com.st.stm32cube.ide.mcu.externaltools.gnu-tools-for-stm32.12.3.rel1.linux64_1.0.100.202403111256/tools/bin/../lib/gcc/arm-none-eabi/12.3.1/../../../../arm-none-eabi/lib/thumb/v7e-m+fp/hard/libc_nano.a(libc_a-memset.o)
 .ARM.attributes
                0x0000072b       0x34 /opt/stm32cubeide/plugins/com.st.stm32cube.ide.mcu.externaltools.gnu-tools-for-stm32.12.3.rel1.linux64_1.0.100.202403111256/tools/bin/../lib/gcc/arm-none-eabi/12.3.1/../../../../arm-none-eabi/lib/thumb/v7e-m+fp/hard/libc_nano.a(libc_a-reent.o)
 .ARM.attributes
                0x0000075f       0x34 /opt/stm32cubeide/plugins/com.st.stm32cube.ide.mcu.externaltools.gnu-tools-for-stm32.12.3.rel1.linux64_1.0.100.202403111256/tools/bin/../lib/gcc/arm-none-eabi/12.3.1/../../../../arm-none-eabi/lib/thumb/v7e-m+fp/hard/libc_nano.a(libc_a-impure.o)
 .ARM.attributes
                0x00000793       0x34 /opt/stm32cubeide/plugins/com.st.stm32cube.ide.mcu.externaltools.gnu-tools-for-stm32.12.3.rel1.linux64_1.0.100.202403111256/tools/bin/../lib/gcc/arm-none-eabi/12.3.1/../../../../arm-none-eabi/lib/thumb/v7e-m+fp/hard/libc_nano.a(libc_a-errno.o)
 .ARM.attributes
                0x000007c7       0x34 /opt/stm32cubeide/plugins/com.st.stm32cube.ide.mcu.externaltools.gnu-tools-for-stm32.12.3.rel1.linux64_1.0.100.202403111256/tools/bin/../lib/gcc/arm-none-eabi/12.3.1/../../../../arm-none-eabi/lib/thumb/v7e-m+fp/hard/libc_nano.a(libc_a-init.o)
 .ARM.attributes
                0x000007fb       0x34 /opt/stm32cubeide/plugins/com.st.stm32cube.ide.mcu.externaltools.gnu-tools-for-stm32.12.3.rel1.linux64_1.0.100.202403111256/tools/bin/../lib/gcc/arm-none-eabi/12.3.1/../../../../arm-none-eabi/lib/thumb/v7e-m+fp/hard/libc_nano.a(libc_a-lock.o)
 .ARM.attributes
                0x0000082f       0x34 /opt/stm32cubeide/plugins/com.st.stm32cube.ide.mcu.externaltools.gnu-tools-for-stm32.12.3.rel1.linux64_1.0.100.202403111256/tools/bin/../lib/gcc/arm-none-eabi/12.3.1/../../../../arm-none-eabi/lib/thumb/v7e-m+fp/hard/libc_nano.a(libc_a-strcpy.o)
 .ARM.attributes
                0x00000863       0x34 /opt/stm32cubeide/plugins/com.st.stm32cube.ide.mcu.externaltools.gnu-tools-for-stm32.12.3.rel1.linux64_1.0.100.202403111256/tools/bin/../lib/gcc/arm-none-eabi/12.3.1/../../../../arm-none-eabi/lib/thumb/v7e-m+fp/hard/libc_nano.a(libc_a-memcpy-stub.o)
 .ARM.attributes
                0x00000897       0x17 /opt/stm32cubeide/plugins/com.st.stm32cube.ide.mcu.externaltools.gnu-tools-for-stm32.12.3.rel1.linux64_1.0.100.202403111256/tools/bin/../lib/gcc/arm-none-eabi/12.3.1/../../../../arm-none-eabi/lib/thumb/v7e-m+fp/hard/libc_nano.a(libc_a-strlen.o)
 .ARM.attributes
                0x000008ae       0x34 /opt/stm32cubeide/plugins/com.st.stm32cube.ide.mcu.externaltools.gnu-tools-for-stm32.12.3.rel1.linux64_1.0.100.202403111256/tools/bin/../lib/gcc/arm-none-eabi/12.3.1/../../../../arm-none-eabi/lib/thumb/v7e-m+fp/hard/libc_nano.a(libc_a-freer.o)
 .ARM.attributes
                0x000008e2       0x34 /opt/stm32cubeide/plugins/com.st.stm32cube.ide.mcu.externaltools.gnu-tools-for-stm32.12.3.rel1.linux64_1.0.100.202403111256/tools/bin/../lib/gcc/arm-none-eabi/12.3.1/../../../../arm-none-eabi/lib/thumb/v7e-m+fp/hard/libc_nano.a(libc_a-mallocr.o)
 .ARM.attributes
                0x00000916       0x34 /opt/stm32cubeide/plugins/com.st.stm32cube.ide.mcu.externaltools.gnu-tools-for-stm32.12.3.rel1.linux64_1.0.100.202403111256/tools/bin/../lib/gcc/arm-none-eabi/12.3.1/../../../../arm-none-eabi/lib/thumb/v7e-m+fp/hard/libc_nano.a(libc_a-mlock.o)
 .ARM.attributes
                0x0000094a       0x34 /opt/stm32cubeide/plugins/com.st.stm32cube.ide.mcu.externaltools.gnu-tools-for-stm32.12.3.rel1.linux64_1.0.100.202403111256/tools/bin/../lib/gcc/arm-none-eabi/12.3.1/../../../../arm-none-eabi/lib/thumb/v7e-m+fp/hard/libc_nano.a(libc_a-nano-svfprintf.o)
 .ARM.attributes
                0x0000097e       0x34 /opt/stm32cubeide/plugins/com.st.stm32cube.ide.mcu.externaltools.gnu-tools-for-stm32.12.3.rel1.linux64_1.0.100.202403111256/tools/bin/../lib/gcc/arm-none-eabi/12.3.1/../../../../arm-none-eabi/lib/thumb/v7e-m+fp/hard/libc_nano.a(libc_a-nano-svfscanf.o)
 .ARM.attributes
                0x000009b2       0x34 /opt/stm32cubeide/plugins/com.st.stm32cube.ide.mcu.externaltools.gnu-tools-for-stm32.12.3.rel1.linux64_1.0.100.202403111256/tools/bin/../lib/gcc/arm-none-eabi/12.3.1/../../../../arm-none-eabi/lib/thumb/v7e-m+fp/hard/libc_nano.a(libc_a-nano-vfprintf_i.o)
 .ARM.attributes
                0x000009e6       0x34 /opt/stm32cubeide/plugins/com.st.stm32cube.ide.mcu.externaltools.gnu-tools-for-stm32.12.3.rel1.linux64_1.0.100.202403111256/tools/bin/../lib/gcc/arm-none-eabi/12.3.1/../../../../arm-none-eabi/lib/thumb/v7e-m+fp/hard/libc_nano.a(libc_a-nano-vfscanf_i.o)
 .ARM.attributes
                0x00000a1a       0x34 /opt/stm32cubeide/plugins/com.st.stm32cube.ide.mcu.externaltools.gnu-tools-for-stm32.12.3.rel1.linux64_1.0.100.202403111256/tools/bin/../lib/gcc/arm-none-eabi/12.3.1/../../../../arm-none-eabi/lib/thumb/v7e-m+fp/hard/libc_nano.a(libc_a-sccl.o)
 .ARM.attributes
                0x00000a4e       0x34 /opt/stm32cubeide/plugins/com.st.stm32cube.ide.mcu.externaltools.gnu-tools-for-stm32.12.3.rel1.linux64_1.0.100.202403111256/tools/bin/../lib/gcc/arm-none-eabi/12.3.1/../../../../arm-none-eabi/lib/thumb/v7e-m+fp/hard/libc_nano.a(libc_a-ungetc.o)
 .ARM.attributes
                0x00000a82       0x34 /opt/stm32cubeide/plugins/com.st.stm32cube.ide.mcu.externaltools.gnu-tools-for-stm32.12.3.rel1.linux64_1.0.100.202403111256/tools/bin/../lib/gcc/arm-none-eabi/12.3.1/../../../../arm-none-eabi/lib/thumb/v7e-m+fp/hard/libc_nano.a(libc_a-memmove.o)
 .ARM.attributes
                0x00000ab6       0x34 /opt/stm32cubeide/plugins/com.st.stm32cube.ide.mcu.externaltools.gnu-tools-for-stm32.12.3.rel1.linux64_1.0.100.202403111256/tools/bin/../lib/gcc/arm-none-eabi/12.3.1/../../../../arm-none-eabi/lib/thumb/v7e-m+fp/hard/libc_nano.a(libc_a-sbrkr.o)
 .ARM.attributes
                0x00000aea       0x1c /opt/stm32cubeide/plugins/com.st.stm32cube.ide.mcu.externaltools.gnu-tools-for-stm32.12.3.rel1.linux64_1.0.100.202403111256/tools/bin/../lib/gcc/arm-none-eabi/12.3.1/../../../../arm-none-eabi/lib/thumb/v7e-m+fp/hard/libc_nano.a(libc_a-memchr.o)
 .ARM.attributes
                0x00000b06       0x34 /opt/stm32cubeide/plugins/com.st.stm32cube.ide.mcu.externaltools.gnu-tools-for-stm32.12.3.rel1.linux64_1.0.100.202403111256/tools/bin/../lib/gcc/arm-none-eabi/12.3.1/../../../../arm-none-eabi/lib/thumb/v7e-m+fp/hard/libc_nano.a(libc_a-reallocr.o)
 .ARM.attributes
                0x00000b3a       0x34 /opt/stm32cubeide/plugins/com.st.stm32cube.ide.mcu.externaltools.gnu-tools-for-stm32.12.3.rel1.linux64_1.0.100.202403111256/tools/bin/../lib/gcc/arm-none-eabi/12.3.1/../../../../arm-none-eabi/lib/thumb/v7e-m+fp/hard/libc_nano.a(libc_a-strtol.o)
 .ARM.attributes
                0x00000b6e       0x34 /opt/stm32cubeide/plugins/com.st.stm32cube.ide.mcu.externaltools.gnu-tools-for-stm32.12.3.rel1.linux64_1.0.100.202403111256/tools/bin/../lib/gcc/arm-none-eabi/12.3.1/../../../../arm-none-eabi/lib/thumb/v7e-m+fp/hard/libc_nano.a(libc_a-strtoul.o)
 .ARM.attributes
                0x00000ba2       0x34 /opt/stm32cubeide/plugins/com.st.stm32cube.ide.mcu.externaltools.gnu-tools-for-stm32.12.3.rel1.linux64_1.0.100.202403111256/tools/bin/../lib/gcc/arm-none-eabi/12.3.1/../../../../arm-none-eabi/lib/thumb/v7e-m+fp/hard/libc_nano.a(libc_a-ctype_.o)
 .ARM.attributes
                0x00000bd6       0x34 /opt/stm32cubeide/plugins/com.st.stm32cube.ide.mcu.externaltools.gnu-tools-for-stm32.12.3.rel1.linux64_1.0.100.202403111256/tools/bin/../lib/gcc/arm-none-eabi/12.3.1/../../../../arm-none-eabi/lib/thumb/v7e-m+fp/hard/libc_nano.a(libc_a-msizer.o)
 .ARM.attributes
                0x00000c0a       0x22 /opt/stm32cubeide/plugins/com.st.stm32cube.ide.mcu.externaltools.gnu-tools-for-stm32.12.3.rel1.linux64_1.0.100.202403111256/tools/bin/../lib/gcc/arm-none-eabi/12.3.1/thumb/v7e-m+fp/hard/crtn.o
OUTPUT(Progetto APC.elf elf32-littlearm)
LOAD linker stubs
LOAD /opt/stm32cubeide/plugins/com.st.stm32cube.ide.mcu.externaltools.gnu-tools-for-stm32.12.3.rel1.linux64_1.0.100.202403111256/tools/bin/../lib/gcc/arm-none-eabi/12.3.1/../../../../arm-none-eabi/lib/thumb/v7e-m+fp/hard/libc.a
LOAD /opt/stm32cubeide/plugins/com.st.stm32cube.ide.mcu.externaltools.gnu-tools-for-stm32.12.3.rel1.linux64_1.0.100.202403111256/tools/bin/../lib/gcc/arm-none-eabi/12.3.1/../../../../arm-none-eabi/lib/thumb/v7e-m+fp/hard/libm.a
LOAD /opt/stm32cubeide/plugins/com.st.stm32cube.ide.mcu.externaltools.gnu-tools-for-stm32.12.3.rel1.linux64_1.0.100.202403111256/tools/bin/../lib/gcc/arm-none-eabi/12.3.1/thumb/v7e-m+fp/hard/libgcc.a

.debug_info     0x00000000    0x142a1
 .debug_info    0x00000000      0xf68 ./Core/Src/main.o
 .debug_info    0x00000f68      0xc6b ./Core/Src/real_main.o
 .debug_info    0x00001bd3      0xbad ./Core/Src/stm32f3xx_hal_msp.o
 .debug_info    0x00002780      0x5f8 ./Core/Src/stm32f3xx_it.o
 .debug_info    0x00002d78      0x168 ./Core/Src/sysmem.o
 .debug_info    0x00002ee0      0x407 ./Core/Src/system_stm32f3xx.o
 .debug_info    0x000032e7      0x44c ./Core/Src/usart.o
 .debug_info    0x00003733       0x30 ./Core/Startup/startup_stm32f303vctx.o
 .debug_info    0x00003763      0x7d4 ./Drivers/STM32F3xx_HAL_Driver/Src/stm32f3xx_hal.o
 .debug_info    0x00003f37      0xce4 ./Drivers/STM32F3xx_HAL_Driver/Src/stm32f3xx_hal_cortex.o
 .debug_info    0x00004c1b      0x4f5 ./Drivers/STM32F3xx_HAL_Driver/Src/stm32f3xx_hal_flash.o
 .debug_info    0x00005110      0x7cb ./Drivers/STM32F3xx_HAL_Driver/Src/stm32f3xx_hal_flash_ex.o
 .debug_info    0x000058db      0x5fe ./Drivers/STM32F3xx_HAL_Driver/Src/stm32f3xx_hal_gpio.o
 .debug_info    0x00005ed9     0x20c3 ./Drivers/STM32F3xx_HAL_Driver/Src/stm32f3xx_hal_i2c.o
 .debug_info    0x00007f9c      0x818 ./Drivers/STM32F3xx_HAL_Driver/Src/stm32f3xx_hal_i2c_ex.o
 .debug_info    0x000087b4     0x166f ./Drivers/STM32F3xx_HAL_Driver/Src/stm32f3xx_hal_pcd.o
 .debug_info    0x00009e23      0x6a9 ./Drivers/STM32F3xx_HAL_Driver/Src/stm32f3xx_hal_pcd_ex.o
 .debug_info    0x0000a4cc     0x148a ./Drivers/STM32F3xx_HAL_Driver/Src/stm32f3xx_hal_rcc.o
 .debug_info    0x0000b956      0x5b9 ./Drivers/STM32F3xx_HAL_Driver/Src/stm32f3xx_hal_rcc_ex.o
 .debug_info    0x0000bf0f     0x1622 ./Drivers/STM32F3xx_HAL_Driver/Src/stm32f3xx_hal_spi.o
 .debug_info    0x0000d531     0x163b ./Drivers/STM32F3xx_HAL_Driver/Src/stm32f3xx_ll_usb.o
 .debug_info    0x0000eb6c     0x1028 ./Middlewares/ST/STM32_USB_Device_Library/Class/CDC/Src/usbd_cdc.o
 .debug_info    0x0000fb94      0xa52 ./Middlewares/ST/STM32_USB_Device_Library/Core/Src/usbd_core.o
 .debug_info    0x000105e6      0x91c ./Middlewares/ST/STM32_USB_Device_Library/Core/Src/usbd_ctlreq.o
 .debug_info    0x00010f02      0x6a0 ./Middlewares/ST/STM32_USB_Device_Library/Core/Src/usbd_ioreq.o
 .debug_info    0x000115a2      0x63d ./USB_DEVICE/App/usb_device.o
 .debug_info    0x00011bdf      0x7ec ./USB_DEVICE/App/usbd_cdc_if.o
 .debug_info    0x000123cb      0x44a ./USB_DEVICE/App/usbd_desc.o
 .debug_info    0x00012815     0x1a8c ./USB_DEVICE/Target/usbd_conf.o

.debug_abbrev   0x00000000     0x3d88
 .debug_abbrev  0x00000000      0x2bd ./Core/Src/main.o
 .debug_abbrev  0x000002bd      0x3af ./Core/Src/real_main.o
 .debug_abbrev  0x0000066c      0x1ae ./Core/Src/stm32f3xx_hal_msp.o
 .debug_abbrev  0x0000081a      0x192 ./Core/Src/stm32f3xx_it.o
 .debug_abbrev  0x000009ac       0xbc ./Core/Src/sysmem.o
 .debug_abbrev  0x00000a68      0x11a ./Core/Src/system_stm32f3xx.o
 .debug_abbrev  0x00000b82      0x168 ./Core/Src/usart.o
 .debug_abbrev  0x00000cea       0x24 ./Core/Startup/startup_stm32f303vctx.o
 .debug_abbrev  0x00000d0e      0x215 ./Drivers/STM32F3xx_HAL_Driver/Src/stm32f3xx_hal.o
 .debug_abbrev  0x00000f23      0x31e ./Drivers/STM32F3xx_HAL_Driver/Src/stm32f3xx_hal_cortex.o
 .debug_abbrev  0x00001241      0x258 ./Drivers/STM32F3xx_HAL_Driver/Src/stm32f3xx_hal_flash.o
 .debug_abbrev  0x00001499      0x2af ./Drivers/STM32F3xx_HAL_Driver/Src/stm32f3xx_hal_flash_ex.o
 .debug_abbrev  0x00001748      0x1ca ./Drivers/STM32F3xx_HAL_Driver/Src/stm32f3xx_hal_gpio.o
 .debug_abbrev  0x00001912      0x260 ./Drivers/STM32F3xx_HAL_Driver/Src/stm32f3xx_hal_i2c.o
 .debug_abbrev  0x00001b72      0x1c2 ./Drivers/STM32F3xx_HAL_Driver/Src/stm32f3xx_hal_i2c_ex.o
 .debug_abbrev  0x00001d34      0x2d9 ./Drivers/STM32F3xx_HAL_Driver/Src/stm32f3xx_hal_pcd.o
 .debug_abbrev  0x0000200d      0x189 ./Drivers/STM32F3xx_HAL_Driver/Src/stm32f3xx_hal_pcd_ex.o
 .debug_abbrev  0x00002196      0x300 ./Drivers/STM32F3xx_HAL_Driver/Src/stm32f3xx_hal_rcc.o
 .debug_abbrev  0x00002496      0x221 ./Drivers/STM32F3xx_HAL_Driver/Src/stm32f3xx_hal_rcc_ex.o
 .debug_abbrev  0x000026b7      0x269 ./Drivers/STM32F3xx_HAL_Driver/Src/stm32f3xx_hal_spi.o
 .debug_abbrev  0x00002920      0x247 ./Drivers/STM32F3xx_HAL_Driver/Src/stm32f3xx_ll_usb.o
 .debug_abbrev  0x00002b67      0x2d3 ./Middlewares/ST/STM32_USB_Device_Library/Class/CDC/Src/usbd_cdc.o
 .debug_abbrev  0x00002e3a      0x24a ./Middlewares/ST/STM32_USB_Device_Library/Core/Src/usbd_core.o
 .debug_abbrev  0x00003084      0x26b ./Middlewares/ST/STM32_USB_Device_Library/Core/Src/usbd_ctlreq.o
 .debug_abbrev  0x000032ef      0x192 ./Middlewares/ST/STM32_USB_Device_Library/Core/Src/usbd_ioreq.o
 .debug_abbrev  0x00003481      0x18d ./USB_DEVICE/App/usb_device.o
 .debug_abbrev  0x0000360e      0x25d ./USB_DEVICE/App/usbd_cdc_if.o
 .debug_abbrev  0x0000386b      0x1ff ./USB_DEVICE/App/usbd_desc.o
 .debug_abbrev  0x00003a6a      0x31e ./USB_DEVICE/Target/usbd_conf.o

.debug_aranges  0x00000000     0x1180
 .debug_aranges
                0x00000000       0x48 ./Core/Src/main.o
 .debug_aranges
                0x00000048       0xa0 ./Core/Src/real_main.o
 .debug_aranges
                0x000000e8       0x40 ./Core/Src/stm32f3xx_hal_msp.o
 .debug_aranges
                0x00000128       0x70 ./Core/Src/stm32f3xx_it.o
 .debug_aranges
                0x00000198       0x20 ./Core/Src/sysmem.o
 .debug_aranges
                0x000001b8       0x28 ./Core/Src/system_stm32f3xx.o
 .debug_aranges
                0x000001e0       0x40 ./Core/Src/usart.o
 .debug_aranges
                0x00000220       0x28 ./Core/Startup/startup_stm32f303vctx.o
 .debug_aranges
                0x00000248       0xe0 ./Drivers/STM32F3xx_HAL_Driver/Src/stm32f3xx_hal.o
 .debug_aranges
                0x00000328      0x128 ./Drivers/STM32F3xx_HAL_Driver/Src/stm32f3xx_hal_cortex.o
 .debug_aranges
                0x00000450       0x88 ./Drivers/STM32F3xx_HAL_Driver/Src/stm32f3xx_hal_flash.o
 .debug_aranges
                0x000004d8       0x98 ./Drivers/STM32F3xx_HAL_Driver/Src/stm32f3xx_hal_flash_ex.o
 .debug_aranges
                0x00000570       0x58 ./Drivers/STM32F3xx_HAL_Driver/Src/stm32f3xx_hal_gpio.o
 .debug_aranges
                0x000005c8      0x2a0 ./Drivers/STM32F3xx_HAL_Driver/Src/stm32f3xx_hal_i2c.o
 .debug_aranges
                0x00000868       0x48 ./Drivers/STM32F3xx_HAL_Driver/Src/stm32f3xx_hal_i2c_ex.o
 .debug_aranges
                0x000008b0      0x140 ./Drivers/STM32F3xx_HAL_Driver/Src/stm32f3xx_hal_pcd.o
 .debug_aranges
                0x000009f0       0x38 ./Drivers/STM32F3xx_HAL_Driver/Src/stm32f3xx_hal_pcd_ex.o
 .debug_aranges
                0x00000a28       0x88 ./Drivers/STM32F3xx_HAL_Driver/Src/stm32f3xx_hal_rcc.o
 .debug_aranges
                0x00000ab0       0x38 ./Drivers/STM32F3xx_HAL_Driver/Src/stm32f3xx_hal_rcc_ex.o
 .debug_aranges
                0x00000ae8      0x1d8 ./Drivers/STM32F3xx_HAL_Driver/Src/stm32f3xx_hal_spi.o
 .debug_aranges
                0x00000cc0       0xc8 ./Drivers/STM32F3xx_HAL_Driver/Src/stm32f3xx_ll_usb.o
 .debug_aranges
                0x00000d88       0x90 ./Middlewares/ST/STM32_USB_Device_Library/Class/CDC/Src/usbd_cdc.o
 .debug_aranges
                0x00000e18       0xb8 ./Middlewares/ST/STM32_USB_Device_Library/Core/Src/usbd_core.o
 .debug_aranges
                0x00000ed0       0x88 ./Middlewares/ST/STM32_USB_Device_Library/Core/Src/usbd_ctlreq.o
 .debug_aranges
                0x00000f58       0x50 ./Middlewares/ST/STM32_USB_Device_Library/Core/Src/usbd_ioreq.o
 .debug_aranges
                0x00000fa8       0x20 ./USB_DEVICE/App/usb_device.o
 .debug_aranges
                0x00000fc8       0x40 ./USB_DEVICE/App/usbd_cdc_if.o
 .debug_aranges
                0x00001008       0x60 ./USB_DEVICE/App/usbd_desc.o
 .debug_aranges
                0x00001068      0x118 ./USB_DEVICE/Target/usbd_conf.o

.debug_rnglists
                0x00000000      0xd32
 .debug_rnglists
                0x00000000       0x34 ./Core/Src/main.o
 .debug_rnglists
                0x00000034       0x75 ./Core/Src/real_main.o
 .debug_rnglists
                0x000000a9       0x2d ./Core/Src/stm32f3xx_hal_msp.o
 .debug_rnglists
                0x000000d6       0x4f ./Core/Src/stm32f3xx_it.o
 .debug_rnglists
                0x00000125       0x13 ./Core/Src/sysmem.o
 .debug_rnglists
                0x00000138       0x1a ./Core/Src/system_stm32f3xx.o
 .debug_rnglists
                0x00000152       0x39 ./Core/Src/usart.o
 .debug_rnglists
                0x0000018b       0x19 ./Core/Startup/startup_stm32f303vctx.o
 .debug_rnglists
                0x000001a4       0xa3 ./Drivers/STM32F3xx_HAL_Driver/Src/stm32f3xx_hal.o
 .debug_rnglists
                0x00000247       0xda ./Drivers/STM32F3xx_HAL_Driver/Src/stm32f3xx_hal_cortex.o
 .debug_rnglists
                0x00000321       0x65 ./Drivers/STM32F3xx_HAL_Driver/Src/stm32f3xx_hal_flash.o
 .debug_rnglists
                0x00000386       0x74 ./Drivers/STM32F3xx_HAL_Driver/Src/stm32f3xx_hal_flash_ex.o
 .debug_rnglists
                0x000003fa       0x3f ./Drivers/STM32F3xx_HAL_Driver/Src/stm32f3xx_hal_gpio.o
 .debug_rnglists
                0x00000439      0x228 ./Drivers/STM32F3xx_HAL_Driver/Src/stm32f3xx_hal_i2c.o
 .debug_rnglists
                0x00000661       0x35 ./Drivers/STM32F3xx_HAL_Driver/Src/stm32f3xx_hal_i2c_ex.o
 .debug_rnglists
                0x00000696       0xf4 ./Drivers/STM32F3xx_HAL_Driver/Src/stm32f3xx_hal_pcd.o
 .debug_rnglists
                0x0000078a       0x26 ./Drivers/STM32F3xx_HAL_Driver/Src/stm32f3xx_hal_pcd_ex.o
 .debug_rnglists
                0x000007b0       0x66 ./Drivers/STM32F3xx_HAL_Driver/Src/stm32f3xx_hal_rcc.o
 .debug_rnglists
                0x00000816       0x28 ./Drivers/STM32F3xx_HAL_Driver/Src/stm32f3xx_hal_rcc_ex.o
 .debug_rnglists
                0x0000083e      0x178 ./Drivers/STM32F3xx_HAL_Driver/Src/stm32f3xx_hal_spi.o
 .debug_rnglists
                0x000009b6       0x99 ./Drivers/STM32F3xx_HAL_Driver/Src/stm32f3xx_ll_usb.o
 .debug_rnglists
                0x00000a4f       0x6a ./Middlewares/ST/STM32_USB_Device_Library/Class/CDC/Src/usbd_cdc.o
 .debug_rnglists
                0x00000ab9       0x89 ./Middlewares/ST/STM32_USB_Device_Library/Core/Src/usbd_core.o
 .debug_rnglists
                0x00000b42       0x68 ./Middlewares/ST/STM32_USB_Device_Library/Core/Src/usbd_ctlreq.o
 .debug_rnglists
                0x00000baa       0x37 ./Middlewares/ST/STM32_USB_Device_Library/Core/Src/usbd_ioreq.o
 .debug_rnglists
                0x00000be1       0x13 ./USB_DEVICE/App/usb_device.o
 .debug_rnglists
                0x00000bf4       0x2c ./USB_DEVICE/App/usbd_cdc_if.o
 .debug_rnglists
                0x00000c20       0x43 ./USB_DEVICE/App/usbd_desc.o
 .debug_rnglists
                0x00000c63       0xcf ./USB_DEVICE/Target/usbd_conf.o

.debug_macro    0x00000000    0x20a0f
 .debug_macro   0x00000000      0x39b ./Core/Src/main.o
 .debug_macro   0x0000039b      0xab4 ./Core/Src/main.o
 .debug_macro   0x00000e4f      0x157 ./Core/Src/main.o
 .debug_macro   0x00000fa6       0x2e ./Core/Src/main.o
 .debug_macro   0x00000fd4       0x28 ./Core/Src/main.o
 .debug_macro   0x00000ffc       0x22 ./Core/Src/main.o
 .debug_macro   0x0000101e       0x8e ./Core/Src/main.o
 .debug_macro   0x000010ac       0x51 ./Core/Src/main.o
 .debug_macro   0x000010fd      0x103 ./Core/Src/main.o
 .debug_macro   0x00001200       0x6a ./Core/Src/main.o
 .debug_macro   0x0000126a      0x1df ./Core/Src/main.o
 .debug_macro   0x00001449       0x1c ./Core/Src/main.o
 .debug_macro   0x00001465       0x22 ./Core/Src/main.o
 .debug_macro   0x00001487       0xd9 ./Core/Src/main.o
 .debug_macro   0x00001560     0x102d ./Core/Src/main.o
 .debug_macro   0x0000258d      0x11f ./Core/Src/main.o
 .debug_macro   0x000026ac    0x12a3a ./Core/Src/main.o
 .debug_macro   0x000150e6       0x6d ./Core/Src/main.o
 .debug_macro   0x00015153     0x3574 ./Core/Src/main.o
 .debug_macro   0x000186c7      0x189 ./Core/Src/main.o
 .debug_macro   0x00018850       0x55 ./Core/Src/main.o
 .debug_macro   0x000188a5      0x961 ./Core/Src/main.o
 .debug_macro   0x00019206      0x5fe ./Core/Src/main.o
 .debug_macro   0x00019804      0x1b5 ./Core/Src/main.o
 .debug_macro   0x000199b9      0x1fb ./Core/Src/main.o
 .debug_macro   0x00019bb4      0x1dc ./Core/Src/main.o
 .debug_macro   0x00019d90      0x1bc ./Core/Src/main.o
 .debug_macro   0x00019f4c       0x30 ./Core/Src/main.o
 .debug_macro   0x00019f7c       0x3c ./Core/Src/main.o
 .debug_macro   0x00019fb8      0x235 ./Core/Src/main.o
 .debug_macro   0x0001a1ed       0xc5 ./Core/Src/main.o
 .debug_macro   0x0001a2b2      0x21d ./Core/Src/main.o
 .debug_macro   0x0001a4cf      0x22c ./Core/Src/main.o
 .debug_macro   0x0001a6fb       0x5b ./Core/Src/main.o
 .debug_macro   0x0001a756       0xa5 ./Core/Src/main.o
 .debug_macro   0x0001a7fb       0x73 ./Core/Src/main.o
 .debug_macro   0x0001a86e      0x242 ./Core/Src/main.o
 .debug_macro   0x0001aab0       0x81 ./Core/Src/main.o