Archive member included to satisfy reference by file (symbol)

/opt/stm32cubeide/plugins/com.st.stm32cube.ide.mcu.externaltools.gnu-tools-for-stm32.12.3.rel1.linux64_1.0.100.202403111256/tools/bin/../lib/gcc/arm-none-eabi/12.3.1/../../../../arm-none-eabi/lib/thumb/v7e-m+fp/hard/libc_nano.a(libc_a-exit.o)
                              /opt/stm32cubeide/plugins/com.st.stm32cube.ide.mcu.externaltools.gnu-tools-for-stm32.12.3.rel1.linux64_1.0.100.202403111256/tools/bin/../lib/gcc/arm-none-eabi/12.3.1/../../../../arm-none-eabi/lib/thumb/v7e-m+fp/hard/crt0.o (exit)
/opt/stm32cubeide/plugins/com.st.stm32cube.ide.mcu.externaltools.gnu-tools-for-stm32.12.3.rel1.linux64_1.0.100.202403111256/tools/bin/../lib/gcc/arm-none-eabi/12.3.1/../../../../arm-none-eabi/lib/thumb/v7e-m+fp/hard/libc_nano.a(libc_a-findfp.o)
                              /opt/stm32cubeide/plugins/com.st.stm32cube.ide.mcu.externaltools.gnu-tools-for-stm32.12.3.rel1.linux64_1.0.100.202403111256/tools/bin/../lib/gcc/arm-none-eabi/12.3.1/../../../../arm-none-eabi/lib/thumb/v7e-m+fp/hard/libc_nano.a(libc_a-exit.o) (__stdio_exit_handler)
/opt/stm32cubeide/plugins/com.st.stm32cube.ide.mcu.externaltools.gnu-tools-for-stm32.12.3.rel1.linux64_1.0.100.202403111256/tools/bin/../lib/gcc/arm-none-eabi/12.3.1/../../../../arm-none-eabi/lib/thumb/v7e-m+fp/hard/libc_nano.a(libc_a-fwalk.o)
                              /opt/stm32cubeide/plugins/com.st.stm32cube.ide.mcu.externaltools.gnu-tools-for-stm32.12.3.rel1.linux64_1.0.100.202403111256/tools/bin/../lib/gcc/arm-none-eabi/12.3.1/../../../../arm-none-eabi/lib/thumb/v7e-m+fp/hard/libc_nano.a(libc_a-findfp.o) (_fwalk_sglue)
/opt/stm32cubeide/plugins/com.st.stm32cube.ide.mcu.externaltools.gnu-tools-for-stm32.12.3.rel1.linux64_1.0.100.202403111256/tools/bin/../lib/gcc/arm-none-eabi/12.3.1/../../../../arm-none-eabi/lib/thumb/v7e-m+fp/hard/libc_nano.a(libc_a-stdio.o)
                              /opt/stm32cubeide/plugins/com.st.stm32cube.ide.mcu.externaltools.gnu-tools-for-stm32.12.3.rel1.linux64_1.0.100.202403111256/tools/bin/../lib/gcc/arm-none-eabi/12.3.1/../../../../arm-none-eabi/lib/thumb/v7e-m+fp/hard/libc_nano.a(libc_a-findfp.o) (__sread)
/opt/stm32cubeide/plugins/com.st.stm32cube.ide.mcu.externaltools.gnu-tools-for-stm32.12.3.rel1.linux64_1.0.100.202403111256/tools/bin/../lib/gcc/arm-none-eabi/12.3.1/../../../../arm-none-eabi/lib/thumb/v7e-m+fp/hard/libc_nano.a(libc_a-memset.o)
                              /opt/stm32cubeide/plugins/com.st.stm32cube.ide.mcu.externaltools.gnu-tools-for-stm32.12.3.rel1.linux64_1.0.100.202403111256/tools/bin/../lib/gcc/arm-none-eabi/12.3.1/../../../../arm-none-eabi/lib/thumb/v7e-m+fp/hard/crt0.o (memset)
/opt/stm32cubeide/plugins/com.st.stm32cube.ide.mcu.externaltools.gnu-tools-for-stm32.12.3.rel1.linux64_1.0.100.202403111256/tools/bin/../lib/gcc/arm-none-eabi/12.3.1/../../../../arm-none-eabi/lib/thumb/v7e-m+fp/hard/libc_nano.a(libc_a-closer.o)
                              /opt/stm32cubeide/plugins/com.st.stm32cube.ide.mcu.externaltools.gnu-tools-for-stm32.12.3.rel1.linux64_1.0.100.202403111256/tools/bin/../lib/gcc/arm-none-eabi/12.3.1/../../../../arm-none-eabi/lib/thumb/v7e-m+fp/hard/libc_nano.a(libc_a-stdio.o) (_close_r)
/opt/stm32cubeide/plugins/com.st.stm32cube.ide.mcu.externaltools.gnu-tools-for-stm32.12.3.rel1.linux64_1.0.100.202403111256/tools/bin/../lib/gcc/arm-none-eabi/12.3.1/../../../../arm-none-eabi/lib/thumb/v7e-m+fp/hard/libc_nano.a(libc_a-reent.o)
                              /opt/stm32cubeide/plugins/com.st.stm32cube.ide.mcu.externaltools.gnu-tools-for-stm32.12.3.rel1.linux64_1.0.100.202403111256/tools/bin/../lib/gcc/arm-none-eabi/12.3.1/../../../../arm-none-eabi/lib/thumb/v7e-m+fp/hard/libc_nano.a(libc_a-closer.o) (errno)
/opt/stm32cubeide/plugins/com.st.stm32cube.ide.mcu.externaltools.gnu-tools-for-stm32.12.3.rel1.linux64_1.0.100.202403111256/tools/bin/../lib/gcc/arm-none-eabi/12.3.1/../../../../arm-none-eabi/lib/thumb/v7e-m+fp/hard/libc_nano.a(libc_a-impure.o)
                              /opt/stm32cubeide/plugins/com.st.stm32cube.ide.mcu.externaltools.gnu-tools-for-stm32.12.3.rel1.linux64_1.0.100.202403111256/tools/bin/../lib/gcc/arm-none-eabi/12.3.1/../../../../arm-none-eabi/lib/thumb/v7e-m+fp/hard/libc_nano.a(libc_a-reent.o) (_impure_ptr)
/opt/stm32cubeide/plugins/com.st.stm32cube.ide.mcu.externaltools.gnu-tools-for-stm32.12.3.rel1.linux64_1.0.100.202403111256/tools/bin/../lib/gcc/arm-none-eabi/12.3.1/../../../../arm-none-eabi/lib/thumb/v7e-m+fp/hard/libc_nano.a(libc_a-lseekr.o)
                              /opt/stm32cubeide/plugins/com.st.stm32cube.ide.mcu.externaltools.gnu-tools-for-stm32.12.3.rel1.linux64_1.0.100.202403111256/tools/bin/../lib/gcc/arm-none-eabi/12.3.1/../../../../arm-none-eabi/lib/thumb/v7e-m+fp/hard/libc_nano.a(libc_a-stdio.o) (_lseek_r)
[...]
Memory Configuration

Name             Origin             Length             Attributes
CCMRAM           0x10000000         0x00002000         xrw
RAM              0x20000000         0x0000a000         xrw
FLASH            0x08000000         0x00040000         xr
*default*        0x00000000         0xffffffff

Linker script and memory map

LOAD /opt/stm32cubeide/plugins/com.st.stm32cube.ide.mcu.externaltools.gnu-tools-for-stm32.12.3.rel1.linux64_1.0.100.202403111256/tools/bin/../lib/gcc/arm-none-eabi/12.3.1/thumb/v7e-m+fp/hard/crti.o
LOAD /opt/stm32cubeide/plugins/com.st.stm32cube.ide.mcu.externaltools.gnu-tools-for-stm32.12.3.rel1.linux64_1.0.100.202403111256/tools/bin/../lib/gcc/arm-none-eabi/12.3.1/thumb/v7e-m+fp/hard/crtbegin.o
LOAD /opt/stm32cubeide/plugins/com.st.stm32cube.ide.mcu.externaltools.gnu-tools-for-stm32.12.3.rel1.linux64_1.0.100.202403111256/tools/bin/../lib/gcc/arm-none-eabi/12.3.1/../../../../arm-none-eabi/lib/thumb/v7e-m+fp/hard/crt0.o
LOAD ./Core/Src/main.o
LOAD ./Core/Src/real_main.o
LOAD ./Core/Src/stm32f3xx_hal_msp.o
LOAD ./Core/Src/stm32f3xx_it.o
LOAD ./Core/Src/syscalls.o
LOAD ./Core/Src/sysmem.o
LOAD ./Core/Src/system_stm32f3xx.o
LOAD ./Core/Src/usart.o
LOAD ./Core/Startup/startup_stm32f303vctx.o
LOAD ./Drivers/STM32F3xx_HAL_Driver/Src/stm32f3xx_hal.o
LOAD ./Drivers/STM32F3xx_HAL_Driver/Src/stm32f3xx_hal_cortex.o
LOAD ./Drivers/STM32F3xx_HAL_Driver/Src/stm32f3xx_hal_dma.o
LOAD ./Drivers/STM32F3xx_HAL_Driver/Src/stm32f3xx_hal_exti.o
LOAD ./Drivers/STM32F3xx_HAL_Driver/Src/stm32f3xx_hal_flash.o
LOAD ./Drivers/STM32F3xx_HAL_Driver/Src/stm32f3xx_hal_flash_ex.o
LOAD ./Drivers/STM32F3xx_HAL_Driver/Src/stm32f3xx_hal_gpio.o
LOAD ./Drivers/STM32F3xx_HAL_Driver/Src/stm32f3xx_hal_i2c.o
LOAD ./Drivers/STM32F3xx_HAL_Driver/Src/stm32f3xx_hal_i2c_ex.o
LOAD ./Drivers/STM32F3xx_HAL_Driver/Src/stm32f3xx_hal_pcd.o
LOAD ./Drivers/STM32F3xx_HAL_Driver/Src/stm32f3xx_hal_pcd_ex.o
LOAD ./Drivers/STM32F3xx_HAL_Driver/Src/stm32f3xx_hal_pwr.o
LOAD ./Drivers/STM32F3xx_HAL_Driver/Src/stm32f3xx_hal_pwr_ex.o
LOAD ./Drivers/STM32F3xx_HAL_Driver/Src/stm32f3xx_hal_rcc.o
LOAD ./Drivers/STM32F3xx_HAL_Driver/Src/stm32f3xx_hal_rcc_ex.o
LOAD ./Drivers/STM32F3xx_HAL_Driver/Src/stm32f3xx_hal_spi.o
LOAD ./Drivers/STM32F3xx_HAL_Driver/Src/stm32f3xx_hal_spi_ex.o
LOAD ./Drivers/STM32F3xx_HAL_Driver/Src/stm32f3xx_hal_tim.o
LOAD ./Drivers/STM32F3xx_HAL_Driver/Src/stm32f3xx_hal_tim_ex.o
LOAD ./Drivers/STM32F3xx_HAL_Driver/Src/stm32f3xx_ll_usb.o
LOAD ./Middlewares/ST/STM32_USB_Device_Library/Class/CDC/Src/usbd_cdc.o
LOAD ./Middlewares/ST/STM32_USB_Device_Library/Core/Src/usbd_core.o
LOAD ./Middlewares/ST/STM32_USB_Device_Library/Core/Src/usbd_ctlreq.o
LOAD ./Middlewares/ST/STM32_USB_Device_Library/Core/Src/usbd_ioreq.o
LOAD ./USB_DEVICE/App/usb_device.o
LOAD ./USB_DEVICE/App/usbd_cdc_if.o
LOAD ./USB_DEVICE/App/usbd_desc.o
LOAD ./USB_DEVICE/Target/usbd_conf.o
START GROUP
LOAD /opt/stm32cubeide/plugins/com.st.stm32cube.ide.mcu.externaltools.gnu-tools-for-stm32.12.3.rel1.linux64_1.0.100.202403111256/tools/bin/../lib/gcc/arm-none-eabi/12.3.1/../../../../arm-none-eabi/lib/thumb/v7e-m+fp/hard/libc_nano.a
LOAD /opt/stm32cubeide/plugins/com.st.stm32cube.ide.mcu.externaltools.gnu-tools-for-stm32.12.3.rel1.linux64_1.0.100.202403111256/tools/bin/../lib/gcc/arm-none-eabi/12.3.1/../../../../arm-none-eabi/lib/thumb/v7e-m+fp/hard/libm.a
END GROUP
START GROUP
LOAD /opt/stm32cubeide/plugins/com.st.stm32cube.ide.mcu.externaltools.gnu-tools-for-stm32.12.3.rel1.linux64_1.0.100.202403111256/tools/bin/../lib/gcc/arm-none-eabi/12.3.1/thumb/v7e-m+fp/hard/libgcc.a
LOAD /opt/stm32cubeide/plugins/com.st.stm32cube.ide.mcu.externaltools.gnu-tools-for-stm32.12.3.rel1.linux64_1.0.100.202403111256/tools/bin/../lib/gcc/arm-none-eabi/12.3.1/../../../../arm-none-eabi/lib/thumb/v7e-m+fp/hard/libc_nano.a
END GROUP
START GROUP
LOAD /opt/stm32cubeide/plugins/com.st.stm32cube.ide.mcu.externaltools.gnu-tools-for-stm32.12.3.rel1.linux64_1.0.100.202403111256/tools/bin/../lib/gcc/arm-none-eabi/12.3.1/thumb/v7e-m+fp/hard/libgcc.a
LOAD /opt/stm32cubeide/plugins/com.st.stm32cube.ide.mcu.externaltools.gnu-tools-for-stm32.12.3.rel1.linux64_1.0.100.202403111256/tools/bin/../lib/gcc/arm-none-eabi/12.3.1/../../../../arm-none-eabi/lib/thumb/v7e-m+fp/hard/libc_nano.a
LOAD /opt/stm32cubeide/plugins/com.st.stm32cube.ide.mcu.externaltools.gnu-tools-for-stm32.12.3.rel1.linux64_1.0.100.202403111256/tools/bin/../lib/gcc/arm-none-eabi/12.3.1/../../../../arm-none-eabi/lib/thumb/v7e-m+fp/hard/libnosys.a
END GROUP
START GROUP
LOAD /opt/stm32cubeide/plugins/com.st.stm32cube.ide.mcu.externaltools.gnu-tools-for-stm32.12.3.rel1.linux64_1.0.100.202403111256/tools/bin/../lib/gcc/arm-none-eabi/12.3.1/thumb/v7e-m+fp/hard/libgcc.a
LOAD /opt/stm32cubeide/plugins/com.st.stm32cube.ide.mcu.externaltools.gnu-tools-for-stm32.12.3.rel1.linux64_1.0.100.202403111256/tools/bin/../lib/gcc/arm-none-eabi/12.3.1/../../../../arm-none-eabi/lib/thumb/v7e-m+fp/hard/libc_nano.a
LOAD /opt/stm32cubeide/plugins/com.st.stm32cube.ide.mcu.externaltools.gnu-tools-for-stm32.12.3.rel1.linux64_1.0.100.202403111256/tools/bin/../lib/gcc/arm-none-eabi/12.3.1/../../../../arm-none-eabi/lib/thumb/v7e-m+fp/hard/libnosys.a
END GROUP
LOAD /opt/stm32cubeide/plugins/com.st.stm32cube.ide.mcu.externaltools.gnu-tools-for-stm32.12.3.rel1.linux64_1.0.100.202403111256/tools/bin/../lib/gcc/arm-none-eabi/12.3.1/thumb/v7e-m+fp/hard/crtend.o
LOAD /opt/stm32cubeide/plugins/com.st.stm32cube.ide.mcu.externaltools.gnu-tools-for-stm32.12.3.rel1.linux64_1.0.100.202403111256/tools/bin/../lib/gcc/arm-none-eabi/12.3.1/thumb/v7e-m+fp/hard/crtn.o
                0x2000a000                        _estack = (ORIGIN (RAM) + LENGTH (RAM))
                0x00000200                        _Min_Heap_Size = 0x200
                0x00000400                        _Min_Stack_Size = 0x400

.isr_vector     0x08000000      0x188
                0x08000000                        . = ALIGN (0x4)
 *(.isr_vector)
 .isr_vector    0x08000000      0x188 ./Core/Startup/startup_stm32f303vctx.o
                0x08000000                g_pfnVectors
                0x08000188                        . = ALIGN (0x4)

.text           0x08000188     0x8070
                0x08000188                        . = ALIGN (0x4)
 *(.text)
 .text          0x08000188       0x40 /opt/stm32cubeide/plugins/com.st.stm32cube.ide.mcu.externaltools.gnu-tools-for-stm32.12.3.rel1.linux64_1.0.100.202403111256/tools/bin/../lib/gcc/arm-none-eabi/12.3.1/thumb/v7e-m+fp/hard/crtbegin.o
 *(.text*)
 .text.main     0x080001c8       0x38 ./Core/Src/main.o
                0x080001c8                main
 .text.SystemClock_Config
                0x08000200       0xc4 ./Core/Src/main.o
                0x08000200                SystemClock_Config
 .text.MX_I2C1_Init
                0x080002c4       0x80 ./Core/Src/main.o
 .text.MX_SPI1_Init
                0x08000344       0x7c ./Core/Src/main.o
 .text.MX_GPIO_Init
                0x080003c0       0xfc ./Core/Src/main.o
 .text.Error_Handler
                0x080004bc        0xc ./Core/Src/main.o
                0x080004bc                Error_Handler
 .text.class_init
                0x080004c8       0x64 ./Core/Src/real_main.o
                0x080004c8                class_init
 .text.data_sent
                0x0800052c       0x30 ./Core/Src/real_main.o
                0x0800052c                data_sent
 .text.data_received
                0x0800055c       0x30 ./Core/Src/real_main.o
                0x0800055c                data_received
 .text.descriptor
                0x0800058c       0x20 ./Core/Src/real_main.o
                0x0800058c                descriptor
 .text.handle_setup
                0x080005ac       0x20 ./Core/Src/real_main.o
                0x080005ac                handle_setup
 .text.real_main
                0x080005cc        0xe ./Core/Src/real_main.o
                0x080005cc                real_main
 *fill*         0x080005da        0x2 
 .text.HAL_MspInit
                0x080005dc       0x48 ./Core/Src/stm32f3xx_hal_msp.o
                0x080005dc                HAL_MspInit
 .text.HAL_I2C_MspInit
                0x08000624       0x88 ./Core/Src/stm32f3xx_hal_msp.o
                0x08000624                HAL_I2C_MspInit
 .text.HAL_SPI_MspInit
                0x080006ac       0x84 ./Core/Src/stm32f3xx_hal_msp.o
                0x080006ac                HAL_SPI_MspInit
 .text.NMI_Handler
                0x08000730        0x8 ./Core/Src/stm32f3xx_it.o
                0x08000730                NMI_Handler
 .text.HardFault_Handler
                0x08000738        0x8 ./Core/Src/stm32f3xx_it.o
                0x08000738                HardFault_Handler
 .text.MemManage_Handler
                0x08000740        0x8 ./Core/Src/stm32f3xx_it.o
                0x08000740                MemManage_Handler
 .text.BusFault_Handler
                0x08000748        0x8 ./Core/Src/stm32f3xx_it.o
                0x08000748                BusFault_Handler
 .text.UsageFault_Handler
                0x08000750        0x8 ./Core/Src/stm32f3xx_it.o
                0x08000750                UsageFault_Handler
 .text.SVC_Handler
                0x08000758        0xe ./Core/Src/stm32f3xx_it.o
                0x08000758                SVC_Handler
 .text.DebugMon_Handler
                0x08000766        0xe ./Core/Src/stm32f3xx_it.o
                0x08000766                DebugMon_Handler
 .text.PendSV_Handler
                0x08000774        0xe ./Core/Src/stm32f3xx_it.o
                0x08000774                PendSV_Handler
 .text.SysTick_Handler
                0x08000782        0xc ./Core/Src/stm32f3xx_it.o
                0x08000782                SysTick_Handler
 *fill*         0x0800078e        0x2 
 .text.USB_HP_CAN_TX_IRQHandler
                0x08000790       0x14 ./Core/Src/stm32f3xx_it.o
                0x08000790                USB_HP_CAN_TX_IRQHandler
 .text.USB_LP_CAN_RX0_IRQHandler
                0x080007a4       0x14 ./Core/Src/stm32f3xx_it.o
                0x080007a4                USB_LP_CAN_RX0_IRQHandler
 .text.SystemInit
                0x080007b8       0x24 ./Core/Src/system_stm32f3xx.o
                0x080007b8                SystemInit
 .text.usart_init
                0x080007dc       0x94 ./Core/Src/usart.o
                0x080007dc                usart_init
 .text.usart_putc
                0x08000870       0x30 ./Core/Src/usart.o
                0x08000870                usart_putc
 .text.usart_puts
                0x080008a0       0x38 ./Core/Src/usart.o
                0x080008a0                usart_puts
 .text.usart_putdec
                0x080008d8       0x8c ./Core/Src/usart.o
                0x080008d8                usart_putdec
 .text.Reset_Handler
                0x08000964       0x50 ./Core/Startup/startup_stm32f303vctx.o
                0x08000964                Reset_Handler
 .text.Default_Handler
                0x080009b4        0x2 ./Core/Startup/startup_stm32f303vctx.o
                0x080009b4                RTC_Alarm_IRQHandler
                0x080009b4                TIM8_TRG_COM_IRQHandler
                0x080009b4                TIM8_CC_IRQHandler
                0x080009b4                TIM1_CC_IRQHandler
                0x080009b4                USB_HP_IRQHandler
                0x080009b4                PVD_IRQHandler
                0x080009b4                TAMP_STAMP_IRQHandler
                0x080009b4                EXTI3_IRQHandler
                0x080009b4                EXTI0_IRQHandler
                0x080009b4                I2C2_EV_IRQHandler
                0x080009b4                FPU_IRQHandler
                0x080009b4                TIM1_UP_TIM16_IRQHandler
                0x080009b4                ADC1_2_IRQHandler
                0x080009b4                SPI1_IRQHandler
                0x080009b4                CAN_SCE_IRQHandler
                0x080009b4                TIM6_DAC_IRQHandler
                0x080009b4                TIM8_UP_IRQHandler
                0x080009b4                DMA2_Channel2_IRQHandler
                0x080009b4                DMA1_Channel4_IRQHandler
                0x080009b4                USART3_IRQHandler
                0x080009b4                DMA1_Channel7_IRQHandler
                0x080009b4                UART5_IRQHandler
                0x080009b4                ADC3_IRQHandler
                0x080009b4                TIM4_IRQHandler
                0x080009b4                CAN_RX1_IRQHandler
                0x080009b4                DMA2_Channel1_IRQHandler
                0x080009b4                I2C1_EV_IRQHandler
                0x080009b4                DMA1_Channel6_IRQHandler
                0x080009b4                UART4_IRQHandler
                0x080009b4                DMA2_Channel4_IRQHandler
                0x080009b4                TIM3_IRQHandler
                0x080009b4                RCC_IRQHandler
                0x080009b4                DMA1_Channel1_IRQHandler
                0x080009b4                Default_Handler
                0x080009b4                USBWakeUp_RMP_IRQHandler
                0x080009b4                EXTI15_10_IRQHandler
                0x080009b4                TIM7_IRQHandler
                0x080009b4                EXTI9_5_IRQHandler
                0x080009b4                RTC_WKUP_IRQHandler
                0x080009b4                SPI2_IRQHandler
                0x080009b4                DMA2_Channel5_IRQHandler
                0x080009b4                DMA1_Channel5_IRQHandler
                0x080009b4                USB_LP_IRQHandler
                0x080009b4                EXTI4_IRQHandler
                0x080009b4                TIM1_TRG_COM_TIM17_IRQHandler
                0x080009b4                DMA1_Channel3_IRQHandler
                0x080009b4                ADC4_IRQHandler
                0x080009b4                WWDG_IRQHandler
                0x080009b4                TIM2_IRQHandler
                0x080009b4                COMP7_IRQHandler
                0x080009b4                COMP1_2_3_IRQHandler
                0x080009b4                EXTI1_IRQHandler
                0x080009b4                USART2_IRQHandler
                0x080009b4                COMP4_5_6_IRQHandler
                0x080009b4                I2C2_ER_IRQHandler
                0x080009b4                DMA1_Channel2_IRQHandler
                0x080009b4                TIM8_BRK_IRQHandler
                0x080009b4                FLASH_IRQHandler
                0x080009b4                USART1_IRQHandler
                0x080009b4                SPI3_IRQHandler
                0x080009b4                I2C1_ER_IRQHandler
                0x080009b4                USBWakeUp_IRQHandler
                0x080009b4                DMA2_Channel3_IRQHandler
                0x080009b4                EXTI2_TSC_IRQHandler
                0x080009b4                TIM1_BRK_TIM15_IRQHandler
 *fill*         0x080009b6        0x2 
 .text.HAL_Init
                0x080009b8       0x2c ./Drivers/STM32F3xx_HAL_Driver/Src/stm32f3xx_hal.o
                0x080009b8                HAL_Init
 .text.HAL_InitTick
                0x080009e4       0x60 ./Drivers/STM32F3xx_HAL_Driver/Src/stm32f3xx_hal.o
                0x080009e4                HAL_InitTick
 .text.HAL_IncTick
                0x08000a44       0x28 ./Drivers/STM32F3xx_HAL_Driver/Src/stm32f3xx_hal.o
                0x08000a44                HAL_IncTick
 .text.HAL_GetTick
                0x08000a6c       0x18 ./Drivers/STM32F3xx_HAL_Driver/Src/stm32f3xx_hal.o
                0x08000a6c                HAL_GetTick
 .text.__NVIC_SetPriorityGrouping
                0x08000a84       0x48 ./Drivers/STM32F3xx_HAL_Driver/Src/stm32f3xx_hal_cortex.o
 .text.__NVIC_GetPriorityGrouping
                0x08000acc       0x1c ./Drivers/STM32F3xx_HAL_Driver/Src/stm32f3xx_hal_cortex.o
 .text.__NVIC_EnableIRQ
                0x08000ae8       0x3c ./Drivers/STM32F3xx_HAL_Driver/Src/stm32f3xx_hal_cortex.o
 .text.__NVIC_SetPriority
                0x08000b24       0x54 ./Drivers/STM32F3xx_HAL_Driver/Src/stm32f3xx_hal_cortex.o
 .text.NVIC_EncodePriority
                0x08000b78       0x66 ./Drivers/STM32F3xx_HAL_Driver/Src/stm32f3xx_hal_cortex.o
 *fill*         0x08000bde        0x2 
 .text.SysTick_Config
                0x08000be0       0x44 ./Drivers/STM32F3xx_HAL_Driver/Src/stm32f3xx_hal_cortex.o
 .text.HAL_NVIC_SetPriorityGrouping
                0x08000c24       0x16 ./Drivers/STM32F3xx_HAL_Driver/Src/stm32f3xx_hal_cortex.o
                0x08000c24                HAL_NVIC_SetPriorityGrouping
 .text.HAL_NVIC_SetPriority
                0x08000c3a       0x38 ./Drivers/STM32F3xx_HAL_Driver/Src/stm32f3xx_hal_cortex.o
                0x08000c3a                HAL_NVIC_SetPriority
 .text.HAL_NVIC_EnableIRQ
                0x08000c72       0x1c ./Drivers/STM32F3xx_HAL_Driver/Src/stm32f3xx_hal_cortex.o
                0x08000c72                HAL_NVIC_EnableIRQ
 .text.HAL_SYSTICK_Config
                0x08000c8e       0x18 ./Drivers/STM32F3xx_HAL_Driver/Src/stm32f3xx_hal_cortex.o
                0x08000c8e                HAL_SYSTICK_Config
 *fill*         0x08000ca6        0x2 
 .text.HAL_GPIO_Init
                0x08000ca8      0x2f4 ./Drivers/STM32F3xx_HAL_Driver/Src/stm32f3xx_hal_gpio.o
                0x08000ca8                HAL_GPIO_Init
 .text.HAL_GPIO_WritePin
                0x08000f9c       0x30 ./Drivers/STM32F3xx_HAL_Driver/Src/stm32f3xx_hal_gpio.o
                0x08000f9c                HAL_GPIO_WritePin
 .text.HAL_I2C_Init
                0x08000fcc      0x136 ./Drivers/STM32F3xx_HAL_Driver/Src/stm32f3xx_hal_i2c.o
                0x08000fcc                HAL_I2C_Init
 .text.HAL_I2CEx_ConfigAnalogFilter
                0x08001102       0x96 ./Drivers/STM32F3xx_HAL_Driver/Src/stm32f3xx_hal_i2c_ex.o
                0x08001102                HAL_I2CEx_ConfigAnalogFilter
 .text.HAL_I2CEx_ConfigDigitalFilter
                0x08001198       0x98 ./Drivers/STM32F3xx_HAL_Driver/Src/stm32f3xx_hal_i2c_ex.o
                0x08001198                HAL_I2CEx_ConfigDigitalFilter
 .text.HAL_PCD_Init
                0x08001230      0x18e ./Drivers/STM32F3xx_HAL_Driver/Src/stm32f3xx_hal_pcd.o
                0x08001230                HAL_PCD_Init
 .text.HAL_PCD_Start
                0x080013be       0x4c ./Drivers/STM32F3xx_HAL_Driver/Src/stm32f3xx_hal_pcd.o
                0x080013be                HAL_PCD_Start
 .text.HAL_PCD_IRQHandler
                0x0800140a      0x1a8 ./Drivers/STM32F3xx_HAL_Driver/Src/stm32f3xx_hal_pcd.o
                0x0800140a                HAL_PCD_IRQHandler
 .text.HAL_PCD_SetAddress
                0x080015b2       0x48 ./Drivers/STM32F3xx_HAL_Driver/Src/stm32f3xx_hal_pcd.o
                0x080015b2                HAL_PCD_SetAddress
 .text.HAL_PCD_EP_Open
                0x080015fa       0xba ./Drivers/STM32F3xx_HAL_Driver/Src/stm32f3xx_hal_pcd.o
                0x080015fa                HAL_PCD_EP_Open
 .text.HAL_PCD_EP_Receive
                0x080016b4       0x62 ./Drivers/STM32F3xx_HAL_Driver/Src/stm32f3xx_hal_pcd.o
                0x080016b4                HAL_PCD_EP_Receive
 .text.HAL_PCD_EP_Transmit
                0x08001716       0x6e ./Drivers/STM32F3xx_HAL_Driver/Src/stm32f3xx_hal_pcd.o
                0x08001716                HAL_PCD_EP_Transmit
 .text.HAL_PCD_EP_SetStall
                0x08001784       0xa4 ./Drivers/STM32F3xx_HAL_Driver/Src/stm32f3xx_hal_pcd.o
                0x08001784                HAL_PCD_EP_SetStall
 .text.HAL_PCD_EP_ClrStall
                0x08001828       0xa8 ./Drivers/STM32F3xx_HAL_Driver/Src/stm32f3xx_hal_pcd.o
                0x08001828                HAL_PCD_EP_ClrStall
 .text.PCD_EP_ISR_Handler
                0x080018d0      0x79e ./Drivers/STM32F3xx_HAL_Driver/Src/stm32f3xx_hal_pcd.o
 .text.HAL_PCD_EP_DB_Receive
                0x0800206e      0x21a ./Drivers/STM32F3xx_HAL_Driver/Src/stm32f3xx_hal_pcd.o
 .text.HAL_PCD_EP_DB_Transmit
                0x08002288      0x7f4 ./Drivers/STM32F3xx_HAL_Driver/Src/stm32f3xx_hal_pcd.o
 .text.HAL_PCDEx_PMAConfig
                0x08002a7c       0x86 ./Drivers/STM32F3xx_HAL_Driver/Src/stm32f3xx_hal_pcd_ex.o
                0x08002a7c                HAL_PCDEx_PMAConfig
 *fill*         0x08002b02        0x2 
 .text.HAL_RCC_OscConfig
                0x08002b04     0x107c ./Drivers/STM32F3xx_HAL_Driver/Src/stm32f3xx_hal_rcc.o
                0x08002b04                HAL_RCC_OscConfig
 .text.HAL_RCC_ClockConfig
                0x08003b80      0x2f8 ./Drivers/STM32F3xx_HAL_Driver/Src/stm32f3xx_hal_rcc.o
                0x08003b80                HAL_RCC_ClockConfig
 .text.HAL_RCC_GetSysClockFreq
                0x08003e78       0xa8 ./Drivers/STM32F3xx_HAL_Driver/Src/stm32f3xx_hal_rcc.o
                0x08003e78                HAL_RCC_GetSysClockFreq
 .text.HAL_RCCEx_PeriphCLKConfig
                0x08003f20      0x360 ./Drivers/STM32F3xx_HAL_Driver/Src/stm32f3xx_hal_rcc_ex.o
                0x08003f20                HAL_RCCEx_PeriphCLKConfig
 .text.HAL_SPI_Init
                0x08004280      0x156 ./Drivers/STM32F3xx_HAL_Driver/Src/stm32f3xx_hal_spi.o
                0x08004280                HAL_SPI_Init
 .text.USB_EnableGlobalInt
                0x080043d6       0x2e ./Drivers/STM32F3xx_HAL_Driver/Src/stm32f3xx_ll_usb.o
                0x080043d6                USB_EnableGlobalInt
 .text.USB_DisableGlobalInt
                0x08004404       0x36 ./Drivers/STM32F3xx_HAL_Driver/Src/stm32f3xx_ll_usb.o
                0x08004404                USB_DisableGlobalInt
 .text.USB_DevInit
                0x0800443a       0x3c ./Drivers/STM32F3xx_HAL_Driver/Src/stm32f3xx_ll_usb.o
                0x0800443a                USB_DevInit
 *fill*         0x08004476        0x2 
 .text.USB_ActivateEndpoint
                0x08004478      0x788 ./Drivers/STM32F3xx_HAL_Driver/Src/stm32f3xx_ll_usb.o
                0x08004478                USB_ActivateEndpoint
 .text.USB_EPStartXfer
                0x08004c00     0x1764 ./Drivers/STM32F3xx_HAL_Driver/Src/stm32f3xx_ll_usb.o
                0x08004c00                USB_EPStartXfer
 .text.USB_EPSetStall
                0x08006364       0xa2 ./Drivers/STM32F3xx_HAL_Driver/Src/stm32f3xx_ll_usb.o
                0x08006364                USB_EPSetStall
 .text.USB_EPClearStall
                0x08006406      0x15c ./Drivers/STM32F3xx_HAL_Driver/Src/stm32f3xx_ll_usb.o
                0x08006406                USB_EPClearStall
 .text.USB_SetDevAddress
                0x08006562       0x28 ./Drivers/STM32F3xx_HAL_Driver/Src/stm32f3xx_ll_usb.o
                0x08006562                USB_SetDevAddress
 .text.USB_DevConnect
                0x0800658a       0x16 ./Drivers/STM32F3xx_HAL_Driver/Src/stm32f3xx_ll_usb.o
                0x0800658a                USB_DevConnect
 .text.USB_ReadInterrupts
                0x080065a0       0x20 ./Drivers/STM32F3xx_HAL_Driver/Src/stm32f3xx_ll_usb.o
                0x080065a0                USB_ReadInterrupts
 .text.USB_WritePMA
                0x080065c0       0x8c ./Drivers/STM32F3xx_HAL_Driver/Src/stm32f3xx_ll_usb.o
                0x080065c0                USB_WritePMA
 .text.USB_ReadPMA
                0x0800664c       0xa0 ./Drivers/STM32F3xx_HAL_Driver/Src/stm32f3xx_ll_usb.o
                0x0800664c                USB_ReadPMA
 .text.USBD_CDC_RegisterInterface
                0x080066ec       0x2e ./Middlewares/ST/STM32_USB_Device_Library/Class/CDC/Src/usbd_cdc.o
                0x080066ec                USBD_CDC_RegisterInterface
 .text.USBD_CDC_SetTxBuffer
                0x0800671a       0x34 ./Middlewares/ST/STM32_USB_Device_Library/Class/CDC/Src/usbd_cdc.o
                0x0800671a                USBD_CDC_SetTxBuffer
 .text.USBD_CDC_SetRxBuffer
                0x0800674e       0x28 ./Middlewares/ST/STM32_USB_Device_Library/Class/CDC/Src/usbd_cdc.o
                0x0800674e                USBD_CDC_SetRxBuffer
 .text.USBD_CDC_ReceivePacket
                0x08006776       0x54 ./Middlewares/ST/STM32_USB_Device_Library/Class/CDC/Src/usbd_cdc.o
                0x08006776                USBD_CDC_ReceivePacket
 .text.USBD_Init
                0x080067ca       0x56 ./Middlewares/ST/STM32_USB_Device_Library/Core/Src/usbd_core.o
                0x080067ca                USBD_Init
 .text.USBD_RegisterClass
                0x08006820       0x34 ./Middlewares/ST/STM32_USB_Device_Library/Core/Src/usbd_core.o
                0x08006820                USBD_RegisterClass
 .text.USBD_Start
                0x08006854       0x18 ./Middlewares/ST/STM32_USB_Device_Library/Core/Src/usbd_core.o
                0x08006854                USBD_Start
 .text.USBD_RunTestMode
                0x0800686c       0x16 ./Middlewares/ST/STM32_USB_Device_Library/Core/Src/usbd_core.o
                0x0800686c                USBD_RunTestMode
 .text.USBD_SetClassConfig
                0x08006882       0x3e ./Middlewares/ST/STM32_USB_Device_Library/Core/Src/usbd_core.o
                0x08006882                USBD_SetClassConfig
 .text.USBD_ClrClassConfig
                0x080068c0       0x26 ./Middlewares/ST/STM32_USB_Device_Library/Core/Src/usbd_core.o
                0x080068c0                USBD_ClrClassConfig
 .text.USBD_LL_SetupStage
                0x080068e6       0x9a ./Middlewares/ST/STM32_USB_Device_Library/Core/Src/usbd_core.o
                0x080068e6                USBD_LL_SetupStage
 .text.USBD_LL_DataOutStage
                0x08006980       0xe2 ./Middlewares/ST/STM32_USB_Device_Library/Core/Src/usbd_core.o
                0x08006980                USBD_LL_DataOutStage
 .text.USBD_LL_DataInStage
                0x08006a62      0x14a ./Middlewares/ST/STM32_USB_Device_Library/Core/Src/usbd_core.o
                0x08006a62                USBD_LL_DataInStage
 .text.USBD_LL_Reset
                0x08006bac       0x82 ./Middlewares/ST/STM32_USB_Device_Library/Core/Src/usbd_core.o
                0x08006bac                USBD_LL_Reset
 .text.USBD_LL_SetSpeed
                0x08006c2e       0x20 ./Middlewares/ST/STM32_USB_Device_Library/Core/Src/usbd_core.o
                0x08006c2e                USBD_LL_SetSpeed
 .text.USBD_LL_Suspend
                0x08006c4e       0x2a ./Middlewares/ST/STM32_USB_Device_Library/Core/Src/usbd_core.o
                0x08006c4e                USBD_LL_Suspend
 .text.USBD_LL_Resume
                0x08006c78       0x2c ./Middlewares/ST/STM32_USB_Device_Library/Core/Src/usbd_core.o
                0x08006c78                USBD_LL_Resume
 .text.USBD_LL_SOF
                0x08006ca4       0x34 ./Middlewares/ST/STM32_USB_Device_Library/Core/Src/usbd_core.o
                0x08006ca4                USBD_LL_SOF
 .text.USBD_StdDevReq
                0x08006cd8       0xd4 ./Middlewares/ST/STM32_USB_Device_Library/Core/Src/usbd_ctlreq.o
                0x08006cd8                USBD_StdDevReq
 .text.USBD_StdItfReq
                0x08006dac       0x90 ./Middlewares/ST/STM32_USB_Device_Library/Core/Src/usbd_ctlreq.o
                0x08006dac                USBD_StdItfReq
 .text.USBD_StdEPReq
                0x08006e3c      0x2c6 ./Middlewares/ST/STM32_USB_Device_Library/Core/Src/usbd_ctlreq.o
                0x08006e3c                USBD_StdEPReq
 *fill*         0x08007102        0x2 
 .text.USBD_GetDescriptor
                0x08007104      0x2d0 ./Middlewares/ST/STM32_USB_Device_Library/Core/Src/usbd_ctlreq.o
 .text.USBD_SetAddress
                0x080073d4       0x86 ./Middlewares/ST/STM32_USB_Device_Library/Core/Src/usbd_ctlreq.o
 *fill*         0x0800745a        0x2 
 .text.USBD_SetConfig
                0x0800745c      0x11c ./Middlewares/ST/STM32_USB_Device_Library/Core/Src/usbd_ctlreq.o
 .text.USBD_GetConfig
                0x08007578       0x6a ./Middlewares/ST/STM32_USB_Device_Library/Core/Src/usbd_ctlreq.o
 .text.USBD_GetStatus
                0x080075e2       0x66 ./Middlewares/ST/STM32_USB_Device_Library/Core/Src/usbd_ctlreq.o
 .text.USBD_SetFeature
                0x08007648       0x28 ./Middlewares/ST/STM32_USB_Device_Library/Core/Src/usbd_ctlreq.o
 .text.USBD_ClrFeature
                0x08007670       0x42 ./Middlewares/ST/STM32_USB_Device_Library/Core/Src/usbd_ctlreq.o
 .text.USBD_ParseSetupRequest
                0x080076b2       0x74 ./Middlewares/ST/STM32_USB_Device_Library/Core/Src/usbd_ctlreq.o
                0x080076b2                USBD_ParseSetupRequest
 .text.USBD_CtlError
                0x08007726       0x22 ./Middlewares/ST/STM32_USB_Device_Library/Core/Src/usbd_ctlreq.o
                0x08007726                USBD_CtlError
 .text.USBD_GetString
                0x08007748       0x84 ./Middlewares/ST/STM32_USB_Device_Library/Core/Src/usbd_ctlreq.o
                0x08007748                USBD_GetString
 .text.USBD_GetLen
                0x080077cc       0x30 ./Middlewares/ST/STM32_USB_Device_Library/Core/Src/usbd_ctlreq.o
 .text.USBD_CtlSendData
                0x080077fc       0x38 ./Middlewares/ST/STM32_USB_Device_Library/Core/Src/usbd_ioreq.o
                0x080077fc                USBD_CtlSendData
 .text.USBD_CtlContinueSendData
                0x08007834       0x24 ./Middlewares/ST/STM32_USB_Device_Library/Core/Src/usbd_ioreq.o
                0x08007834                USBD_CtlContinueSendData
 .text.USBD_CtlContinueRx
                0x08007858       0x24 ./Middlewares/ST/STM32_USB_Device_Library/Core/Src/usbd_ioreq.o
                0x08007858                USBD_CtlContinueRx
 .text.USBD_CtlSendStatus
                0x0800787c       0x26 ./Middlewares/ST/STM32_USB_Device_Library/Core/Src/usbd_ioreq.o
                0x0800787c                USBD_CtlSendStatus
 .text.USBD_CtlReceiveStatus
                0x080078a2       0x26 ./Middlewares/ST/STM32_USB_Device_Library/Core/Src/usbd_ioreq.o
                0x080078a2                USBD_CtlReceiveStatus
 .text.MX_USB_DEVICE_Init
                0x080078c8       0x60 ./USB_DEVICE/App/usb_device.o
                0x080078c8                MX_USB_DEVICE_Init
 .text.CDC_Init_FS
                0x08007928       0x28 ./USB_DEVICE/App/usbd_cdc_if.o
 .text.CDC_DeInit_FS
                0x08007950       0x10 ./USB_DEVICE/App/usbd_cdc_if.o
 .text.CDC_Control_FS
                0x08007960       0xbc ./USB_DEVICE/App/usbd_cdc_if.o
 .text.CDC_Receive_FS
                0x08007a1c       0x28 ./USB_DEVICE/App/usbd_cdc_if.o
 .text.USBD_FS_DeviceDescriptor
                0x08007a44       0x24 ./USB_DEVICE/App/usbd_desc.o
                0x08007a44                USBD_FS_DeviceDescriptor
 .text.USBD_FS_LangIDStrDescriptor
                0x08007a68       0x24 ./USB_DEVICE/App/usbd_desc.o
                0x08007a68                USBD_FS_LangIDStrDescriptor
 .text.USBD_FS_ProductStrDescriptor
                0x08007a8c       0x3c ./USB_DEVICE/App/usbd_desc.o
                0x08007a8c                USBD_FS_ProductStrDescriptor
 .text.USBD_FS_ManufacturerStrDescriptor
                0x08007ac8       0x28 ./USB_DEVICE/App/usbd_desc.o
                0x08007ac8                USBD_FS_ManufacturerStrDescriptor
 .text.USBD_FS_SerialStrDescriptor
                0x08007af0       0x24 ./USB_DEVICE/App/usbd_desc.o
                0x08007af0                USBD_FS_SerialStrDescriptor
 .text.USBD_FS_ConfigStrDescriptor
                0x08007b14       0x3c ./USB_DEVICE/App/usbd_desc.o
                0x08007b14                USBD_FS_ConfigStrDescriptor
 .text.USBD_FS_InterfaceStrDescriptor
                0x08007b50       0x3c ./USB_DEVICE/App/usbd_desc.o
                0x08007b50                USBD_FS_InterfaceStrDescriptor
 .text.Get_SerialNum
                0x08007b8c       0x58 ./USB_DEVICE/App/usbd_desc.o
 .text.IntToUnicode
                0x08007be4       0x7e ./USB_DEVICE/App/usbd_desc.o
 *fill*         0x08007c62        0x2 
 .text.HAL_PCD_MspInit
                0x08007c64       0xa8 ./USB_DEVICE/Target/usbd_conf.o
                0x08007c64                HAL_PCD_MspInit
 .text.HAL_PCD_SetupStageCallback
                0x08007d0c       0x24 ./USB_DEVICE/Target/usbd_conf.o
                0x08007d0c                HAL_PCD_SetupStageCallback
 .text.HAL_PCD_DataOutStageCallback
                0x08007d30       0x36 ./USB_DEVICE/Target/usbd_conf.o
                0x08007d30                HAL_PCD_DataOutStageCallback
 .text.HAL_PCD_DataInStageCallback
                0x08007d66       0x34 ./USB_DEVICE/Target/usbd_conf.o
                0x08007d66                HAL_PCD_DataInStageCallback
 .text.HAL_PCD_SOFCallback
                0x08007d9a       0x1c ./USB_DEVICE/Target/usbd_conf.o
                0x08007d9a                HAL_PCD_SOFCallback
 .text.HAL_PCD_ResetCallback
                0x08007db6       0x3c ./USB_DEVICE/Target/usbd_conf.o
                0x08007db6                HAL_PCD_ResetCallback
 *fill*         0x08007df2        0x2 
 .text.HAL_PCD_SuspendCallback
                0x08007df4       0x34 ./USB_DEVICE/Target/usbd_conf.o
                0x08007df4                HAL_PCD_SuspendCallback
 .text.HAL_PCD_ResumeCallback
                0x08007e28       0x1c ./USB_DEVICE/Target/usbd_conf.o
                0x08007e28                HAL_PCD_ResumeCallback
 .text.USBD_LL_Init
                0x08007e44       0xb4 ./USB_DEVICE/Target/usbd_conf.o
                0x08007e44                USBD_LL_Init
 .text.USBD_LL_Start
                0x08007ef8       0x36 ./USB_DEVICE/Target/usbd_conf.o
                0x08007ef8                USBD_LL_Start
 .text.USBD_LL_OpenEP
                0x08007f2e       0x4c ./USB_DEVICE/Target/usbd_conf.o
                0x08007f2e                USBD_LL_OpenEP
 .text.USBD_LL_StallEP
                0x08007f7a       0x3e ./USB_DEVICE/Target/usbd_conf.o
                0x08007f7a                USBD_LL_StallEP
 .text.USBD_LL_ClearStallEP
                0x08007fb8       0x3e ./USB_DEVICE/Target/usbd_conf.o
                0x08007fb8                USBD_LL_ClearStallEP
 .text.USBD_LL_IsStallEP
                0x08007ff6       0x58 ./USB_DEVICE/Target/usbd_conf.o
                0x08007ff6                USBD_LL_IsStallEP
 .text.USBD_LL_SetUSBAddress
                0x0800804e       0x3e ./USB_DEVICE/Target/usbd_conf.o
                0x0800804e                USBD_LL_SetUSBAddress
 .text.USBD_LL_Transmit
                0x0800808c       0x46 ./USB_DEVICE/Target/usbd_conf.o
                0x0800808c                USBD_LL_Transmit
 .text.USBD_LL_PrepareReceive
                0x080080d2       0x46 ./USB_DEVICE/Target/usbd_conf.o
                0x080080d2                USBD_LL_PrepareReceive
 .text.HAL_PCDEx_SetConnectionState
                0x08008118       0x18 ./USB_DEVICE/Target/usbd_conf.o
                0x08008118                HAL_PCDEx_SetConnectionState
 .text.USBD_Get_USB_Status
                0x08008130       0x58 ./USB_DEVICE/Target/usbd_conf.o
 .text.memset   0x08008188       0x10 /opt/stm32cubeide/plugins/com.st.stm32cube.ide.mcu.externaltools.gnu-tools-for-stm32.12.3.rel1.linux64_1.0.100.202403111256/tools/bin/../lib/gcc/arm-none-eabi/12.3.1/../../../../arm-none-eabi/lib/thumb/v7e-m+fp/hard/libc_nano.a(libc_a-memset.o)
                0x08008188                memset
 .text.__libc_init_array
                0x08008198       0x48 /opt/stm32cubeide/plugins/com.st.stm32cube.ide.mcu.externaltools.gnu-tools-for-stm32.12.3.rel1.linux64_1.0.100.202403111256/tools/bin/../lib/gcc/arm-none-eabi/12.3.1/../../../../arm-none-eabi/lib/thumb/v7e-m+fp/hard/libc_nano.a(libc_a-init.o)
                0x08008198                __libc_init_array
 *(.glue_7)
 .glue_7        0x080081e0        0x0 linker stubs
 *(.glue_7t)
 .glue_7t       0x080081e0        0x0 linker stubs
 *(.eh_frame)
 .eh_frame      0x080081e0        0x0 /opt/stm32cubeide/plugins/com.st.stm32cube.ide.mcu.externaltools.gnu-tools-for-stm32.12.3.rel1.linux64_1.0.100.202403111256/tools/bin/../lib/gcc/arm-none-eabi/12.3.1/thumb/v7e-m+fp/hard/crtbegin.o
 *(.init)
 .init          0x080081e0        0x4 /opt/stm32cubeide/plugins/com.st.stm32cube.ide.mcu.externaltools.gnu-tools-for-stm32.12.3.rel1.linux64_1.0.100.202403111256/tools/bin/../lib/gcc/arm-none-eabi/12.3.1/thumb/v7e-m+fp/hard/crti.o
                0x080081e0                _init
 .init          0x080081e4        0x8 /opt/stm32cubeide/plugins/com.st.stm32cube.ide.mcu.externaltools.gnu-tools-for-stm32.12.3.rel1.linux64_1.0.100.202403111256/tools/bin/../lib/gcc/arm-none-eabi/12.3.1/thumb/v7e-m+fp/hard/crtn.o
 *(.fini)
 .fini          0x080081ec        0x4 /opt/stm32cubeide/plugins/com.st.stm32cube.ide.mcu.externaltools.gnu-tools-for-stm32.12.3.rel1.linux64_1.0.100.202403111256/tools/bin/../lib/gcc/arm-none-eabi/12.3.1/thumb/v7e-m+fp/hard/crti.o
                0x080081ec                _fini
 .fini          0x080081f0        0x8 /opt/stm32cubeide/plugins/com.st.stm32cube.ide.mcu.externaltools.gnu-tools-for-stm32.12.3.rel1.linux64_1.0.100.202403111256/tools/bin/../lib/gcc/arm-none-eabi/12.3.1/thumb/v7e-m+fp/hard/crtn.o
                0x080081f8                        . = ALIGN (0x4)
                0x080081f8                        _etext = .

.vfp11_veneer   0x080081f8        0x0
 .vfp11_veneer  0x080081f8        0x0 linker stubs

.v4_bx          0x080081f8        0x0
 .v4_bx         0x080081f8        0x0 linker stubs

.iplt           0x080081f8        0x0
 .iplt          0x080081f8        0x0 /opt/stm32cubeide/plugins/com.st.stm32cube.ide.mcu.externaltools.gnu-tools-for-stm32.12.3.rel1.linux64_1.0.100.202403111256/tools/bin/../lib/gcc/arm-none-eabi/12.3.1/thumb/v7e-m+fp/hard/crtbegin.o

.rodata         0x080081f8      0x110
                0x080081f8                        . = ALIGN (0x4)
 *(.rodata)
 .rodata        0x080081f8       0x23 ./Core/Src/main.o
 *fill*         0x0800821b        0x1 
 .rodata        0x0800821c       0x51 ./Core/Src/real_main.o
 *fill*         0x0800826d        0x3 
 .rodata        0x08008270       0x67 ./USB_DEVICE/App/usbd_desc.o
 *(.rodata*)
 *fill*         0x080082d7        0x1 
 .rodata.AHBPrescTable
                0x080082d8       0x10 ./Core/Src/system_stm32f3xx.o
                0x080082d8                AHBPrescTable
 .rodata.aPLLMULFactorTable
                0x080082e8       0x10 ./Drivers/STM32F3xx_HAL_Driver/Src/stm32f3xx_hal_rcc.o
 .rodata.aPredivFactorTable
                0x080082f8       0x10 ./Drivers/STM32F3xx_HAL_Driver/Src/stm32f3xx_hal_rcc.o
                0x08008308                        . = ALIGN (0x4)

.ARM.extab      0x08008308        0x0
                0x08008308                        . = ALIGN (0x4)
 *(.ARM.extab* .gnu.linkonce.armextab.*)
                0x08008308                        . = ALIGN (0x4)

.ARM            0x08008308        0x0
                0x08008308                        . = ALIGN (0x4)
                0x08008308                        __exidx_start = .
 *(.ARM.exidx*)
                0x08008308                        __exidx_end = .
                0x08008308                        . = ALIGN (0x4)

.preinit_array  0x08008308        0x0
                0x08008308                        . = ALIGN (0x4)
                0x08008308                        PROVIDE (__preinit_array_start = .)
 *(.preinit_array*)
                0x08008308                        PROVIDE (__preinit_array_end = .)
                0x08008308                        . = ALIGN (0x4)

.init_array     0x08008308        0x4
                0x08008308                        . = ALIGN (0x4)
                0x08008308                        PROVIDE (__init_array_start = .)
 *(SORT_BY_NAME(.init_array.*))
 *(.init_array*)
 .init_array    0x08008308        0x4 /opt/stm32cubeide/plugins/com.st.stm32cube.ide.mcu.externaltools.gnu-tools-for-stm32.12.3.rel1.linux64_1.0.100.202403111256/tools/bin/../lib/gcc/arm-none-eabi/12.3.1/thumb/v7e-m+fp/hard/crtbegin.o
                0x0800830c                        PROVIDE (__init_array_end = .)
                0x0800830c                        . = ALIGN (0x4)

.fini_array     0x0800830c        0x4
                0x0800830c                        . = ALIGN (0x4)
                [!provide]                        PROVIDE (__fini_array_start = .)
 *(SORT_BY_NAME(.fini_array.*))
 *(.fini_array*)
 .fini_array    0x0800830c        0x4 /opt/stm32cubeide/plugins/com.st.stm32cube.ide.mcu.externaltools.gnu-tools-for-stm32.12.3.rel1.linux64_1.0.100.202403111256/tools/bin/../lib/gcc/arm-none-eabi/12.3.1/thumb/v7e-m+fp/hard/crtbegin.o
                [!provide]                        PROVIDE (__fini_array_end = .)
                0x08008310                        . = ALIGN (0x4)
                0x08008310                        _sidata = LOADADDR (.data)

.rel.dyn        0x08008310        0x0
 .rel.iplt      0x08008310        0x0 /opt/stm32cubeide/plugins/com.st.stm32cube.ide.mcu.externaltools.gnu-tools-for-stm32.12.3.rel1.linux64_1.0.100.202403111256/tools/bin/../lib/gcc/arm-none-eabi/12.3.1/thumb/v7e-m+fp/hard/crtbegin.o

.data           0x20000000       0xe4 load address 0x08008310
                0x20000000                        . = ALIGN (0x4)
                0x20000000                        _sdata = .
 *(.data)
 *(.data*)
 .data.class_descriptor
                0x20000000       0x3f ./Core/Src/real_main.o
                0x20000000                class_descriptor
 *fill*         0x2000003f        0x1 
 .data.passwordManagerClass
                0x20000040       0x38 ./Core/Src/real_main.o
                0x20000040                passwordManagerClass
 .data.SystemCoreClock
                0x20000078        0x4 ./Core/Src/system_stm32f3xx.o
                0x20000078                SystemCoreClock
 .data.uwTickPrio
                0x2000007c        0x4 ./Drivers/STM32F3xx_HAL_Driver/Src/stm32f3xx_hal.o
                0x2000007c                uwTickPrio
 .data.uwTickFreq
                0x20000080        0x1 ./Drivers/STM32F3xx_HAL_Driver/Src/stm32f3xx_hal.o
                0x20000080                uwTickFreq
 *fill*         0x20000081        0x3 
 .data.USBD_Interface_fops_FS
                0x20000084       0x10 ./USB_DEVICE/App/usbd_cdc_if.o
                0x20000084                USBD_Interface_fops_FS
 .data.FS_Desc  0x20000094       0x1c ./USB_DEVICE/App/usbd_desc.o
                0x20000094                FS_Desc
 .data.USBD_FS_DeviceDesc
                0x200000b0       0x12 ./USB_DEVICE/App/usbd_desc.o
                0x200000b0                USBD_FS_DeviceDesc
 *fill*         0x200000c2        0x2 
 .data.USBD_LangIDDesc
                0x200000c4        0x4 ./USB_DEVICE/App/usbd_desc.o
                0x200000c4                USBD_LangIDDesc
 .data.USBD_StringSerial
                0x200000c8       0x1a ./USB_DEVICE/App/usbd_desc.o
                0x200000c8                USBD_StringSerial
 *(.RamFunc)
 *(.RamFunc*)
                0x200000e4                        . = ALIGN (0x4)
 *fill*         0x200000e2        0x2 
                0x200000e4                        _edata = .
                0x080083f4                        _siccmram = LOADADDR (.ccmram)

.igot.plt       0x200000e4        0x0 load address 0x080083f4
 .igot.plt      0x200000e4        0x0 /opt/stm32cubeide/plugins/com.st.stm32cube.ide.mcu.externaltools.gnu-tools-for-stm32.12.3.rel1.linux64_1.0.100.202403111256/tools/bin/../lib/gcc/arm-none-eabi/12.3.1/thumb/v7e-m+fp/hard/crtbegin.o

.ccmram         0x10000000        0x0 load address 0x080083f4
                0x10000000                        . = ALIGN (0x4)
                0x10000000                        _sccmram = .
 *(.ccmram)
 *(.ccmram*)
                0x10000000                        . = ALIGN (0x4)
                0x10000000                        _eccmram = .
                0x10000000                        . = ALIGN (0x4)

.bss            0x200000e4     0x1084
                0x200000e4                        _sbss = .
                0x200000e4                        __bss_start__ = _sbss
 *(.bss)
 .bss           0x200000e4       0x1c /opt/stm32cubeide/plugins/com.st.stm32cube.ide.mcu.externaltools.gnu-tools-for-stm32.12.3.rel1.linux64_1.0.100.202403111256/tools/bin/../lib/gcc/arm-none-eabi/12.3.1/thumb/v7e-m+fp/hard/crtbegin.o
 *(.bss*)
 .bss.hi2c1     0x20000100       0x54 ./Core/Src/main.o
                0x20000100                hi2c1
 .bss.hspi1     0x20000154       0x64 ./Core/Src/main.o
                0x20000154                hspi1
 .bss.cmdBuffer
                0x200001b8       0x10 ./Core/Src/real_main.o
                0x200001b8                cmdBuffer
 .bss.uwTick    0x200001c8        0x4 ./Drivers/STM32F3xx_HAL_Driver/Src/stm32f3xx_hal.o
                0x200001c8                uwTick
 .bss.cfgidx.0  0x200001cc        0x1 ./Middlewares/ST/STM32_USB_Device_Library/Core/Src/usbd_ctlreq.o
 *fill*         0x200001cd        0x3 
 .bss.hUsbDeviceFS
                0x200001d0      0x2c4 ./USB_DEVICE/App/usb_device.o
                0x200001d0                hUsbDeviceFS
 .bss.UserRxBufferFS
                0x20000494      0x400 ./USB_DEVICE/App/usbd_cdc_if.o
                0x20000494                UserRxBufferFS
 .bss.UserTxBufferFS
                0x20000894      0x400 ./USB_DEVICE/App/usbd_cdc_if.o
                0x20000894                UserTxBufferFS
 .bss.USBD_StrDesc
                0x20000c94      0x200 ./USB_DEVICE/App/usbd_desc.o
                0x20000c94                USBD_StrDesc
 .bss.hpcd_USB_FS
                0x20000e94      0x2d4 ./USB_DEVICE/Target/usbd_conf.o
                0x20000e94                hpcd_USB_FS
 *(COMMON)
                0x20001168                        . = ALIGN (0x4)
                0x20001168                        _ebss = .
                0x20001168                        __bss_end__ = _ebss

._user_heap_stack
                0x20001168      0x600
                0x20001168                        . = ALIGN (0x8)
                [!provide]                        PROVIDE (end = .)
                0x20001168                        PROVIDE (_end = .)
                0x20001368                        . = (. + _Min_Heap_Size)
 *fill*         0x20001168      0x200 
                0x20001768                        . = (. + _Min_Stack_Size)
 *fill*         0x20001368      0x400 
                0x20001768                        . = ALIGN (0x8)

/DISCARD/
 libc.a(*)
 libm.a(*)
 libgcc.a(*)

.ARM.attributes
                0x00000000       0x30
 *(.ARM.attributes)
 .ARM.attributes
                0x00000000       0x22 /opt/stm32cubeide/plugins/com.st.stm32cube.ide.mcu.externaltools.gnu-tools-for-stm32.12.3.rel1.linux64_1.0.100.202403111256/tools/bin/../lib/gcc/arm-none-eabi/12.3.1/thumb/v7e-m+fp/hard/crti.o
 .ARM.attributes
                0x00000022       0x34 /opt/stm32cubeide/plugins/com.st.stm32cube.ide.mcu.externaltools.gnu-tools-for-stm32.12.3.rel1.linux64_1.0.100.202403111256/tools/bin/../lib/gcc/arm-none-eabi/12.3.1/thumb/v7e-m+fp/hard/crtbegin.o
 .ARM.attributes
                0x00000056       0x34 ./Core/Src/main.o
 .ARM.attributes
                0x0000008a       0x34 ./Core/Src/real_main.o
 .ARM.attributes
                0x000000be       0x34 ./Core/Src/stm32f3xx_hal_msp.o
 .ARM.attributes
                0x000000f2       0x34 ./Core/Src/stm32f3xx_it.o
 .ARM.attributes
                0x00000126       0x34 ./Core/Src/system_stm32f3xx.o
 .ARM.attributes
                0x0000015a       0x34 ./Core/Src/usart.o
 .ARM.attributes
                0x0000018e       0x21 ./Core/Startup/startup_stm32f303vctx.o
 .ARM.attributes
                0x000001af       0x34 ./Drivers/STM32F3xx_HAL_Driver/Src/stm32f3xx_hal.o
 .ARM.attributes
                0x000001e3       0x34 ./Drivers/STM32F3xx_HAL_Driver/Src/stm32f3xx_hal_cortex.o
 .ARM.attributes
                0x00000217       0x34 ./Drivers/STM32F3xx_HAL_Driver/Src/stm32f3xx_hal_gpio.o
 .ARM.attributes
                0x0000024b       0x34 ./Drivers/STM32F3xx_HAL_Driver/Src/stm32f3xx_hal_i2c.o
 .ARM.attributes
                0x0000027f       0x34 ./Drivers/STM32F3xx_HAL_Driver/Src/stm32f3xx_hal_i2c_ex.o
 .ARM.attributes
                0x000002b3       0x34 ./Drivers/STM32F3xx_HAL_Driver/Src/stm32f3xx_hal_pcd.o
 .ARM.attributes
                0x000002e7       0x34 ./Drivers/STM32F3xx_HAL_Driver/Src/stm32f3xx_hal_pcd_ex.o
 .ARM.attributes
                0x0000031b       0x34 ./Drivers/STM32F3xx_HAL_Driver/Src/stm32f3xx_hal_rcc.o
 .ARM.attributes
                0x0000034f       0x34 ./Drivers/STM32F3xx_HAL_Driver/Src/stm32f3xx_hal_rcc_ex.o
 .ARM.attributes
                0x00000383       0x34 ./Drivers/STM32F3xx_HAL_Driver/Src/stm32f3xx_hal_spi.o
 .ARM.attributes
                0x000003b7       0x34 ./Drivers/STM32F3xx_HAL_Driver/Src/stm32f3xx_ll_usb.o
 .ARM.attributes
                0x000003eb       0x34 ./Middlewares/ST/STM32_USB_Device_Library/Class/CDC/Src/usbd_cdc.o
 .ARM.attributes
                0x0000041f       0x34 ./Middlewares/ST/STM32_USB_Device_Library/Core/Src/usbd_core.o
 .ARM.attributes
                0x00000453       0x34 ./Middlewares/ST/STM32_USB_Device_Library/Core/Src/usbd_ctlreq.o
 .ARM.attributes
                0x00000487       0x34 ./Middlewares/ST/STM32_USB_Device_Library/Core/Src/usbd_ioreq.o
 .ARM.attributes
                0x000004bb       0x34 ./USB_DEVICE/App/usb_device.o
 .ARM.attributes
                0x000004ef       0x34 ./USB_DEVICE/App/usbd_cdc_if.o
 .ARM.attributes
                0x00000523       0x34 ./USB_DEVICE/App/usbd_desc.o
 .ARM.attributes
                0x00000557       0x34 ./USB_DEVICE/Target/usbd_conf.o
 .ARM.attributes
                0x0000058b       0x34 /opt/stm32cubeide/plugins/com.st.stm32cube.ide.mcu.externaltools.gnu-tools-for-stm32.12.3.rel1.linux64_1.0.100.202403111256/tools/bin/../lib/gcc/arm-none-eabi/12.3.1/../../../../arm-none-eabi/lib/thumb/v7e-m+fp/hard/libc_nano.a(libc_a-memset.o)
 .ARM.attributes
                0x000005bf       0x34 /opt/stm32cubeide/plugins/com.st.stm32cube.ide.mcu.externaltools.gnu-tools-for-stm32.12.3.rel1.linux64_1.0.100.202403111256/tools/bin/../lib/gcc/arm-none-eabi/12.3.1/../../../../arm-none-eabi/lib/thumb/v7e-m+fp/hard/libc_nano.a(libc_a-init.o)
 .ARM.attributes
                0x000005f3       0x22 /opt/stm32cubeide/plugins/com.st.stm32cube.ide.mcu.externaltools.gnu-tools-for-stm32.12.3.rel1.linux64_1.0.100.202403111256/tools/bin/../lib/gcc/arm-none-eabi/12.3.1/thumb/v7e-m+fp/hard/crtn.o
OUTPUT(Progetto APC.elf elf32-littlearm)
LOAD linker stubs
LOAD /opt/stm32cubeide/plugins/com.st.stm32cube.ide.mcu.externaltools.gnu-tools-for-stm32.12.3.rel1.linux64_1.0.100.202403111256/tools/bin/../lib/gcc/arm-none-eabi/12.3.1/../../../../arm-none-eabi/lib/thumb/v7e-m+fp/hard/libc.a
LOAD /opt/stm32cubeide/plugins/com.st.stm32cube.ide.mcu.externaltools.gnu-tools-for-stm32.12.3.rel1.linux64_1.0.100.202403111256/tools/bin/../lib/gcc/arm-none-eabi/12.3.1/../../../../arm-none-eabi/lib/thumb/v7e-m+fp/hard/libm.a
LOAD /opt/stm32cubeide/plugins/com.st.stm32cube.ide.mcu.externaltools.gnu-tools-for-stm32.12.3.rel1.linux64_1.0.100.202403111256/tools/bin/../lib/gcc/arm-none-eabi/12.3.1/thumb/v7e-m+fp/hard/libgcc.a

.debug_info     0x00000000    0x12edc
 .debug_info    0x00000000      0xf68 ./Core/Src/main.o
 .debug_info    0x00000f68      0x6ce ./Core/Src/real_main.o
 .debug_info    0x00001636      0xbad ./Core/Src/stm32f3xx_hal_msp.o
 .debug_info    0x000021e3      0x5f8 ./Core/Src/stm32f3xx_it.o
 .debug_info    0x000027db      0x407 ./Core/Src/system_stm32f3xx.o
 .debug_info    0x00002be2      0x44c ./Core/Src/usart.o
 .debug_info    0x0000302e       0x30 ./Core/Startup/startup_stm32f303vctx.o
 .debug_info    0x0000305e      0x7d4 ./Drivers/STM32F3xx_HAL_Driver/Src/stm32f3xx_hal.o
 .debug_info    0x00003832      0xce4 ./Drivers/STM32F3xx_HAL_Driver/Src/stm32f3xx_hal_cortex.o
 .debug_info    0x00004516      0x5fe ./Drivers/STM32F3xx_HAL_Driver/Src/stm32f3xx_hal_gpio.o
 .debug_info    0x00004b14     0x20c3 ./Drivers/STM32F3xx_HAL_Driver/Src/stm32f3xx_hal_i2c.o
 .debug_info    0x00006bd7      0x818 ./Drivers/STM32F3xx_HAL_Driver/Src/stm32f3xx_hal_i2c_ex.o
 .debug_info    0x000073ef     0x166f ./Drivers/STM32F3xx_HAL_Driver/Src/stm32f3xx_hal_pcd.o
 .debug_info    0x00008a5e      0x6a9 ./Drivers/STM32F3xx_HAL_Driver/Src/stm32f3xx_hal_pcd_ex.o
 .debug_info    0x00009107     0x148a ./Drivers/STM32F3xx_HAL_Driver/Src/stm32f3xx_hal_rcc.o
 .debug_info    0x0000a591      0x5b9 ./Drivers/STM32F3xx_HAL_Driver/Src/stm32f3xx_hal_rcc_ex.o
 .debug_info    0x0000ab4a     0x1622 ./Drivers/STM32F3xx_HAL_Driver/Src/stm32f3xx_hal_spi.o
 .debug_info    0x0000c16c     0x163b ./Drivers/STM32F3xx_HAL_Driver/Src/stm32f3xx_ll_usb.o
 .debug_info    0x0000d7a7     0x1028 ./Middlewares/ST/STM32_USB_Device_Library/Class/CDC/Src/usbd_cdc.o
 .debug_info    0x0000e7cf      0xa52 ./Middlewares/ST/STM32_USB_Device_Library/Core/Src/usbd_core.o
 .debug_info    0x0000f221      0x91c ./Middlewares/ST/STM32_USB_Device_Library/Core/Src/usbd_ctlreq.o
 .debug_info    0x0000fb3d      0x6a0 ./Middlewares/ST/STM32_USB_Device_Library/Core/Src/usbd_ioreq.o
 .debug_info    0x000101dd      0x63d ./USB_DEVICE/App/usb_device.o
 .debug_info    0x0001081a      0x7ec ./USB_DEVICE/App/usbd_cdc_if.o
 .debug_info    0x00011006      0x44a ./USB_DEVICE/App/usbd_desc.o
 .debug_info    0x00011450     0x1a8c ./USB_DEVICE/Target/usbd_conf.o

.debug_abbrev   0x00000000     0x363a
 .debug_abbrev  0x00000000      0x2bd ./Core/Src/main.o
 .debug_abbrev  0x000002bd      0x224 ./Core/Src/real_main.o
 .debug_abbrev  0x000004e1      0x1ae ./Core/Src/stm32f3xx_hal_msp.o
 .debug_abbrev  0x0000068f      0x192 ./Core/Src/stm32f3xx_it.o
 .debug_abbrev  0x00000821      0x11a ./Core/Src/system_stm32f3xx.o
 .debug_abbrev  0x0000093b      0x168 ./Core/Src/usart.o
 .debug_abbrev  0x00000aa3       0x24 ./Core/Startup/startup_stm32f303vctx.o
 .debug_abbrev  0x00000ac7      0x215 ./Drivers/STM32F3xx_HAL_Driver/Src/stm32f3xx_hal.o
 .debug_abbrev  0x00000cdc      0x31e ./Drivers/STM32F3xx_HAL_Driver/Src/stm32f3xx_hal_cortex.o
 .debug_abbrev  0x00000ffa      0x1ca ./Drivers/STM32F3xx_HAL_Driver/Src/stm32f3xx_hal_gpio.o
 .debug_abbrev  0x000011c4      0x260 ./Drivers/STM32F3xx_HAL_Driver/Src/stm32f3xx_hal_i2c.o
 .debug_abbrev  0x00001424      0x1c2 ./Drivers/STM32F3xx_HAL_Driver/Src/stm32f3xx_hal_i2c_ex.o
 .debug_abbrev  0x000015e6      0x2d9 ./Drivers/STM32F3xx_HAL_Driver/Src/stm32f3xx_hal_pcd.o
 .debug_abbrev  0x000018bf      0x189 ./Drivers/STM32F3xx_HAL_Driver/Src/stm32f3xx_hal_pcd_ex.o
 .debug_abbrev  0x00001a48      0x300 ./Drivers/STM32F3xx_HAL_Driver/Src/stm32f3xx_hal_rcc.o
 .debug_abbrev  0x00001d48      0x221 ./Drivers/STM32F3xx_HAL_Driver/Src/stm32f3xx_hal_rcc_ex.o
 .debug_abbrev  0x00001f69      0x269 ./Drivers/STM32F3xx_HAL_Driver/Src/stm32f3xx_hal_spi.o
 .debug_abbrev  0x000021d2      0x247 ./Drivers/STM32F3xx_HAL_Driver/Src/stm32f3xx_ll_usb.o
 .debug_abbrev  0x00002419      0x2d3 ./Middlewares/ST/STM32_USB_Device_Library/Class/CDC/Src/usbd_cdc.o
 .debug_abbrev  0x000026ec      0x24a ./Middlewares/ST/STM32_USB_Device_Library/Core/Src/usbd_core.o
 .debug_abbrev  0x00002936      0x26b ./Middlewares/ST/STM32_USB_Device_Library/Core/Src/usbd_ctlreq.o
 .debug_abbrev  0x00002ba1      0x192 ./Middlewares/ST/STM32_USB_Device_Library/Core/Src/usbd_ioreq.o
 .debug_abbrev  0x00002d33      0x18d ./USB_DEVICE/App/usb_device.o
 .debug_abbrev  0x00002ec0      0x25d ./USB_DEVICE/App/usbd_cdc_if.o
 .debug_abbrev  0x0000311d      0x1ff ./USB_DEVICE/App/usbd_desc.o
 .debug_abbrev  0x0000331c      0x31e ./USB_DEVICE/Target/usbd_conf.o

.debug_aranges  0x00000000      0xfe8
 .debug_aranges
                0x00000000       0x48 ./Core/Src/main.o
 .debug_aranges
                0x00000048       0x48 ./Core/Src/real_main.o
 .debug_aranges
                0x00000090       0x40 ./Core/Src/stm32f3xx_hal_msp.o
 .debug_aranges
                0x000000d0       0x70 ./Core/Src/stm32f3xx_it.o
 .debug_aranges
                0x00000140       0x28 ./Core/Src/system_stm32f3xx.o
 .debug_aranges
                0x00000168       0x40 ./Core/Src/usart.o
 .debug_aranges
                0x000001a8       0x28 ./Core/Startup/startup_stm32f303vctx.o
 .debug_aranges
                0x000001d0       0xe0 ./Drivers/STM32F3xx_HAL_Driver/Src/stm32f3xx_hal.o
 .debug_aranges
                0x000002b0      0x128 ./Drivers/STM32F3xx_HAL_Driver/Src/stm32f3xx_hal_cortex.o
 .debug_aranges
                0x000003d8       0x58 ./Drivers/STM32F3xx_HAL_Driver/Src/stm32f3xx_hal_gpio.o
 .debug_aranges
                0x00000430      0x2a0 ./Drivers/STM32F3xx_HAL_Driver/Src/stm32f3xx_hal_i2c.o
 .debug_aranges
                0x000006d0       0x48 ./Drivers/STM32F3xx_HAL_Driver/Src/stm32f3xx_hal_i2c_ex.o
 .debug_aranges
                0x00000718      0x140 ./Drivers/STM32F3xx_HAL_Driver/Src/stm32f3xx_hal_pcd.o
 .debug_aranges
                0x00000858       0x38 ./Drivers/STM32F3xx_HAL_Driver/Src/stm32f3xx_hal_pcd_ex.o
 .debug_aranges
                0x00000890       0x88 ./Drivers/STM32F3xx_HAL_Driver/Src/stm32f3xx_hal_rcc.o
 .debug_aranges
                0x00000918       0x38 ./Drivers/STM32F3xx_HAL_Driver/Src/stm32f3xx_hal_rcc_ex.o
 .debug_aranges
                0x00000950      0x1d8 ./Drivers/STM32F3xx_HAL_Driver/Src/stm32f3xx_hal_spi.o
 .debug_aranges
                0x00000b28       0xc8 ./Drivers/STM32F3xx_HAL_Driver/Src/stm32f3xx_ll_usb.o
 .debug_aranges
                0x00000bf0       0x90 ./Middlewares/ST/STM32_USB_Device_Library/Class/CDC/Src/usbd_cdc.o
 .debug_aranges
                0x00000c80       0xb8 ./Middlewares/ST/STM32_USB_Device_Library/Core/Src/usbd_core.o
 .debug_aranges
                0x00000d38       0x88 ./Middlewares/ST/STM32_USB_Device_Library/Core/Src/usbd_ctlreq.o
 .debug_aranges
                0x00000dc0       0x50 ./Middlewares/ST/STM32_USB_Device_Library/Core/Src/usbd_ioreq.o
 .debug_aranges
                0x00000e10       0x20 ./USB_DEVICE/App/usb_device.o
 .debug_aranges
                0x00000e30       0x40 ./USB_DEVICE/App/usbd_cdc_if.o
 .debug_aranges
                0x00000e70       0x60 ./USB_DEVICE/App/usbd_desc.o
 .debug_aranges
                0x00000ed0      0x118 ./USB_DEVICE/Target/usbd_conf.o

.debug_rnglists
                0x00000000      0xc02
 .debug_rnglists
                0x00000000       0x34 ./Core/Src/main.o
 .debug_rnglists
                0x00000034       0x31 ./Core/Src/real_main.o
 .debug_rnglists
                0x00000065       0x2d ./Core/Src/stm32f3xx_hal_msp.o
 .debug_rnglists
                0x00000092       0x4f ./Core/Src/stm32f3xx_it.o
 .debug_rnglists
                0x000000e1       0x1a ./Core/Src/system_stm32f3xx.o
 .debug_rnglists
                0x000000fb       0x39 ./Core/Src/usart.o
 .debug_rnglists
                0x00000134       0x19 ./Core/Startup/startup_stm32f303vctx.o
 .debug_rnglists
                0x0000014d       0xa3 ./Drivers/STM32F3xx_HAL_Driver/Src/stm32f3xx_hal.o
 .debug_rnglists
                0x000001f0       0xda ./Drivers/STM32F3xx_HAL_Driver/Src/stm32f3xx_hal_cortex.o
 .debug_rnglists
                0x000002ca       0x3f ./Drivers/STM32F3xx_HAL_Driver/Src/stm32f3xx_hal_gpio.o
 .debug_rnglists
                0x00000309      0x228 ./Drivers/STM32F3xx_HAL_Driver/Src/stm32f3xx_hal_i2c.o
 .debug_rnglists
                0x00000531       0x35 ./Drivers/STM32F3xx_HAL_Driver/Src/stm32f3xx_hal_i2c_ex.o
 .debug_rnglists
                0x00000566       0xf4 ./Drivers/STM32F3xx_HAL_Driver/Src/stm32f3xx_hal_pcd.o
 .debug_rnglists
                0x0000065a       0x26 ./Drivers/STM32F3xx_HAL_Driver/Src/stm32f3xx_hal_pcd_ex.o
 .debug_rnglists
                0x00000680       0x66 ./Drivers/STM32F3xx_HAL_Driver/Src/stm32f3xx_hal_rcc.o
 .debug_rnglists
                0x000006e6       0x28 ./Drivers/STM32F3xx_HAL_Driver/Src/stm32f3xx_hal_rcc_ex.o
 .debug_rnglists
                0x0000070e      0x178 ./Drivers/STM32F3xx_HAL_Driver/Src/stm32f3xx_hal_spi.o
 .debug_rnglists
                0x00000886       0x99 ./Drivers/STM32F3xx_HAL_Driver/Src/stm32f3xx_ll_usb.o
 .debug_rnglists
                0x0000091f       0x6a ./Middlewares/ST/STM32_USB_Device_Library/Class/CDC/Src/usbd_cdc.o
 .debug_rnglists
                0x00000989       0x89 ./Middlewares/ST/STM32_USB_Device_Library/Core/Src/usbd_core.o
 .debug_rnglists
                0x00000a12       0x68 ./Middlewares/ST/STM32_USB_Device_Library/Core/Src/usbd_ctlreq.o
 .debug_rnglists
                0x00000a7a       0x37 ./Middlewares/ST/STM32_USB_Device_Library/Core/Src/usbd_ioreq.o
 .debug_rnglists
                0x00000ab1       0x13 ./USB_DEVICE/App/usb_device.o
 .debug_rnglists
                0x00000ac4       0x2c ./USB_DEVICE/App/usbd_cdc_if.o
 .debug_rnglists
                0x00000af0       0x43 ./USB_DEVICE/App/usbd_desc.o
 .debug_rnglists
                0x00000b33       0xcf ./USB_DEVICE/Target/usbd_conf.o

.debug_macro    0x00000000    0x202e5
 .debug_macro   0x00000000      0x39b ./Core/Src/main.o
 .debug_macro   0x0000039b      0xab4 ./Core/Src/main.o
 .debug_macro   0x00000e4f      0x157 ./Core/Src/main.o
 .debug_macro   0x00000fa6       0x2e ./Core/Src/main.o
 .debug_macro   0x00000fd4       0x28 ./Core/Src/main.o
 .debug_macro   0x00000ffc       0x22 ./Core/Src/main.o
 .debug_macro   0x0000101e       0x8e ./Core/Src/main.o
 .debug_macro   0x000010ac       0x51 ./Core/Src/main.o
 .debug_macro   0x000010fd      0x103 ./Core/Src/main.o
 .debug_macro   0x00001200       0x6a ./Core/Src/main.o
 .debug_macro   0x0000126a      0x1df ./Core/Src/main.o
 .debug_macro   0x00001449       0x1c ./Core/Src/main.o
 .debug_macro   0x00001465       0x22 ./Core/Src/main.o
 .debug_macro   0x00001487       0xd9 ./Core/Src/main.o
 .debug_macro   0x00001560     0x102d ./Core/Src/main.o
 .debug_macro   0x0000258d      0x11f ./Core/Src/main.o
 .debug_macro   0x000026ac    0x12a3a ./Core/Src/main.o
 .debug_macro   0x000150e6       0x6d ./Core/Src/main.o
 .debug_macro   0x00015153     0x3574 ./Core/Src/main.o
 .debug_macro   0x000186c7      0x189 ./Core/Src/main.o
 .debug_macro   0x00018850       0x55 ./Core/Src/main.o
 .debug_macro   0x000188a5      0x961 ./Core/Src/main.o
 .debug_macro   0x00019206      0x5fe ./Core/Src/main.o
 .debug_macro   0x00019804      0x1b5 ./Core/Src/main.o
 .debug_macro   0x000199b9      0x1fb ./Core/Src/main.o
 .debug_macro   0x00019bb4      0x1dc ./Core/Src/main.o
 .debug_macro   0x00019d90      0x1bc ./Core/Src/main.o
 .debug_macro   0x00019f4c       0x30 ./Core/Src/main.o
 .debug_macro   0x00019f7c       0x3c ./Core/Src/main.o
 .debug_macro   0x00019fb8      0x235 ./Core/Src/main.o
 .debug_macro   0x0001a1ed       0xc5 ./Core/Src/main.o
 .debug_macro   0x0001a2b2      0x21d ./Core/Src/main.o
 .debug_macro   0x0001a4cf      0x22c ./Core/Src/main.o
 .debug_macro   0x0001a6fb       0x5b ./Core/Src/main.o
 .debug_macro   0x0001a756       0xa5 ./Core/Src/main.o
 .debug_macro   0x0001a7fb       0x73 ./Core/Src/main.o
 .debug_macro   0x0001a86e      0x242 ./Core/Src/main.o
 .debug_macro   0x0001aab0       0x81 ./Core/Src/main.o
 .debug_macro   0x0001ab31       0xd3 ./Core/Src/main.o
 .debug_macro   0x0001ac04      0x2fe ./Core/Src/main.o
 .debug_macro   0x0001af02      0x275 ./Core/Src/main.o
 .debug_macro   0x0001b177      0x160 ./Core/Src/main.o
 .debug_macro   0x0001b2d7       0x61 ./Core/Src/main.o
 .debug_macro   0x0001b338       0x2a ./Core/Src/main.o
 .debug_macro   0x0001b362       0x43 ./Core/Src/main.o
 .debug_macro   0x0001b3a5       0x34 ./Core/Src/main.o
 .debug_macro   0x0001b3d9       0x16 ./Core/Src/main.o
 .debug_macro   0x0001b3ef       0x35 ./Core/Src/main.o
 .debug_macro   0x0001b424      0x369 ./Core/Src/main.o
 .debug_macro   0x0001b78d       0x10 ./Core/Src/main.o
 .debug_macro   0x0001b79d       0x16 ./Core/Src/main.o
 .debug_macro   0x0001b7b3       0x43 ./Core/Src/main.o
 .debug_macro   0x0001b7f6       0x34 ./Core/Src/main.o
 .debug_macro   0x0001b82a       0x10 ./Core/Src/main.o
 .debug_macro   0x0001b83a       0x58 ./Core/Src/main.o
 .debug_macro   0x0001b892       0x8e ./Core/Src/main.o
 .debug_macro   0x0001b920       0x1c ./Core/Src/main.o
 .debug_macro   0x0001b93c      0x177 ./Core/Src/main.o
 .debug_macro   0x0001bab3       0x16 ./Core/Src/main.o
 .debug_macro   0x0001bac9       0x16 ./Core/Src/main.o
 .debug_macro   0x0001badf      0x146 ./Core/Src/main.o
 .debug_macro   0x0001bc25       0x16 ./Core/Src/main.o
 .debug_macro   0x0001bc3b       0x16 ./Core/Src/main.o
 .debug_macro   0x0001bc51       0x29 ./Core/Src/main.o
 .debug_macro   0x0001bc7a       0x16 ./Core/Src/main.o
 .debug_macro   0x0001bc90       0x20 ./Core/Src/main.o
 .debug_macro   0x0001bcb0       0x59 ./Core/Src/main.o
 .debug_macro   0x0001bd09      0x1c8 ./Core/Src/main.o
 .debug_macro   0x0001bed1      0x38d ./Core/Src/real_main.o
 .debug_macro   0x0001c25e       0x5b ./Core/Src/real_main.o
 .debug_macro   0x0001c2b9       0x94 ./Core/Src/real_main.o
 .debug_macro   0x0001c34d       0x57 ./Core/Src/real_main.o
 .debug_macro   0x0001c3a4       0x9e ./Core/Src/real_main.o
 .debug_macro   0x0001c442      0x10b ./Core/Src/real_main.o
 .debug_macro   0x0001c54d       0x4f ./Core/Src/real_main.o
 .debug_macro   0x0001c59c      0x1ce ./Core/Src/real_main.o
 .debug_macro   0x0001c76a      0x1f7 ./Core/Src/stm32f3xx_hal_msp.o
 .debug_macro   0x0001c961      0x201 ./Core/Src/stm32f3xx_it.o
 .debug_macro   0x0001cb62      0x1e8 ./Core/Src/system_stm32f3xx.o
 .debug_macro   0x0001cd4a       0xc9 ./Core/Src/usart.o
 .debug_macro   0x0001ce13      0x20c ./Drivers/STM32F3xx_HAL_Driver/Src/stm32f3xx_hal.o
 .debug_macro   0x0001d01f      0x1e8 ./Drivers/STM32F3xx_HAL_Driver/Src/stm32f3xx_hal_cortex.o
 .debug_macro   0x0001d207      0x1ef ./Drivers/STM32F3xx_HAL_Driver/Src/stm32f3xx_hal_gpio.o
 .debug_macro   0x0001d3f6      0x2b4 ./Drivers/STM32F3xx_HAL_Driver/Src/stm32f3xx_hal_i2c.o
 .debug_macro   0x0001d6aa      0x1e8 ./Drivers/STM32F3xx_HAL_Driver/Src/stm32f3xx_hal_i2c_ex.o
 .debug_macro   0x0001d892      0x1f4 ./Drivers/STM32F3xx_HAL_Driver/Src/stm32f3xx_hal_pcd.o
 .debug_macro   0x0001da86      0x1e8 ./Drivers/STM32F3xx_HAL_Driver/Src/stm32f3xx_hal_pcd_ex.o
 .debug_macro   0x0001dc6e      0x20c ./Drivers/STM32F3xx_HAL_Driver/Src/stm32f3xx_hal_rcc.o
 .debug_macro   0x0001de7a      0x1e8 ./Drivers/STM32F3xx_HAL_Driver/Src/stm32f3xx_hal_rcc_ex.o
 .debug_macro   0x0001e062      0x1f0 ./Drivers/STM32F3xx_HAL_Driver/Src/stm32f3xx_hal_spi.o
 .debug_macro   0x0001e252      0x1e8 ./Drivers/STM32F3xx_HAL_Driver/Src/stm32f3xx_ll_usb.o
 .debug_macro   0x0001e43a      0x386 ./Middlewares/ST/STM32_USB_Device_Library/Class/CDC/Src/usbd_cdc.o
 .debug_macro   0x0001e7c0       0x8f ./Middlewares/ST/STM32_USB_Device_Library/Class/CDC/Src/usbd_cdc.o
 .debug_macro   0x0001e84f      0x36d ./Middlewares/ST/STM32_USB_Device_Library/Core/Src/usbd_core.o
 .debug_macro   0x0001ebbc      0x377 ./Middlewares/ST/STM32_USB_Device_Library/Core/Src/usbd_ctlreq.o
 .debug_macro   0x0001ef33      0x373 ./Middlewares/ST/STM32_USB_Device_Library/Core/Src/usbd_ioreq.o
 .debug_macro   0x0001f2a6      0x3b0 ./USB_DEVICE/App/usb_device.o
 .debug_macro   0x0001f656      0x166 ./USB_DEVICE/App/usb_device.o
 .debug_macro   0x0001f7bc       0x22 ./USB_DEVICE/App/usb_device.o
 .debug_macro   0x0001f7de       0x16 ./USB_DEVICE/App/usb_device.o
 .debug_macro   0x0001f7f4      0x391 ./USB_DEVICE/App/usbd_cdc_if.o
 .debug_macro   0x0001fb85       0x10 ./USB_DEVICE/App/usbd_cdc_if.o
 .debug_macro   0x0001fb95      0x3aa ./USB_DEVICE/App/usbd_desc.o
 .debug_macro   0x0001ff3f       0x1c ./USB_DEVICE/App/usbd_desc.o
 .debug_macro   0x0001ff5b      0x38a ./USB_DEVICE/Target/usbd_conf.o

.debug_line     0x00000000    0x158ee
 .debug_line    0x00000000      0xa72 ./Core/Src/main.o
 .debug_line    0x00000a72      0x972 ./Core/Src/real_main.o
 .debug_line    0x000013e4      0x746 ./Core/Src/stm32f3xx_hal_msp.o
 .debug_line    0x00001b2a      0x79d ./Core/Src/stm32f3xx_it.o
 .debug_line    0x000022c7      0x724 ./Core/Src/system_stm32f3xx.o
 .debug_line    0x000029eb      0x54f ./Core/Src/usart.o
 .debug_line    0x00002f3a       0x7a ./Core/Startup/startup_stm32f303vctx.o
 .debug_line    0x00002fb4      0x95c ./Drivers/STM32F3xx_HAL_Driver/Src/stm32f3xx_hal.o
 .debug_line    0x00003910      0xc49 ./Drivers/STM32F3xx_HAL_Driver/Src/stm32f3xx_hal_cortex.o
 .debug_line    0x00004559      0xad3 ./Drivers/STM32F3xx_HAL_Driver/Src/stm32f3xx_hal_gpio.o
 .debug_line    0x0000502c     0x39d3 ./Drivers/STM32F3xx_HAL_Driver/Src/stm32f3xx_hal_i2c.o
 .debug_line    0x000089ff      0x8c8 ./Drivers/STM32F3xx_HAL_Driver/Src/stm32f3xx_hal_i2c_ex.o
 .debug_line    0x000092c7     0x12e4 ./Drivers/STM32F3xx_HAL_Driver/Src/stm32f3xx_hal_pcd.o
 .debug_line    0x0000a5ab      0x724 ./Drivers/STM32F3xx_HAL_Driver/Src/stm32f3xx_hal_pcd_ex.o
 .debug_line    0x0000accf     0x12f0 ./Drivers/STM32F3xx_HAL_Driver/Src/stm32f3xx_hal_rcc.o
 .debug_line    0x0000bfbf      0xcaa ./Drivers/STM32F3xx_HAL_Driver/Src/stm32f3xx_hal_rcc_ex.o
 .debug_line    0x0000cc69     0x1f95 ./Drivers/STM32F3xx_HAL_Driver/Src/stm32f3xx_hal_spi.o
 .debug_line    0x0000ebfe      0xf9e ./Drivers/STM32F3xx_HAL_Driver/Src/stm32f3xx_ll_usb.o
 .debug_line    0x0000fb9c      0xc94 ./Middlewares/ST/STM32_USB_Device_Library/Class/CDC/Src/usbd_cdc.o
 .debug_line    0x00010830      0xd10 ./Middlewares/ST/STM32_USB_Device_Library/Core/Src/usbd_core.o
 .debug_line    0x00011540      0xf50 ./Middlewares/ST/STM32_USB_Device_Library/Core/Src/usbd_ctlreq.o
 .debug_line    0x00012490      0x9a6 ./Middlewares/ST/STM32_USB_Device_Library/Core/Src/usbd_ioreq.o
 .debug_line    0x00012e36      0x975 ./USB_DEVICE/App/usb_device.o
 .debug_line    0x000137ab      0x9ae ./USB_DEVICE/App/usbd_cdc_if.o
 .debug_line    0x00014159      0xa2f ./USB_DEVICE/App/usbd_desc.o
 .debug_line    0x00014b88      0xd66 ./USB_DEVICE/Target/usbd_conf.o

.debug_str      0x00000000    0xb08f1
 .debug_str     0x00000000    0xac5cd ./Core/Src/main.o
                              0xacde2 (size before relaxing)
 .debug_str     0x000ac5cd      0x413 ./Core/Src/real_main.o
                              0xac75c (size before relaxing)
 .debug_str     0x000ac9e0       0xa7 ./Core/Src/stm32f3xx_hal_msp.o
                              0xa8860 (size before relaxing)
 .debug_str     0x000aca87      0x3bb ./Core/Src/stm32f3xx_it.o
                              0xa84c4 (size before relaxing)
 .debug_str     0x000ace42       0xdf ./Core/Src/system_stm32f3xx.o
                              0xa7c6f (size before relaxing)
 .debug_str     0x000acf21       0x47 ./Core/Src/usart.o
                              0x7240e (size before relaxing)
 .debug_str     0x000acf68       0x44 ./Core/Startup/startup_stm32f303vctx.o
                                 0x82 (size before relaxing)
 .debug_str     0x000acfac      0x6b3 ./Drivers/STM32F3xx_HAL_Driver/Src/stm32f3xx_hal.o
                              0xa84ad (size before relaxing)
 .debug_str     0x000ad65f      0x37f ./Drivers/STM32F3xx_HAL_Driver/Src/stm32f3xx_hal_cortex.o
                              0xa8531 (size before relaxing)
 .debug_str     0x000ad9de      0x130 ./Drivers/STM32F3xx_HAL_Driver/Src/stm32f3xx_hal_gpio.o
                              0xa7ddc (size before relaxing)
 .debug_str     0x000adb0e      0xe70 ./Drivers/STM32F3xx_HAL_Driver/Src/stm32f3xx_hal_i2c.o
                              0xa8f6f (size before relaxing)
 .debug_str     0x000ae97e       0xb8 ./Drivers/STM32F3xx_HAL_Driver/Src/stm32f3xx_hal_i2c_ex.o
                              0xa8166 (size before relaxing)
 .debug_str     0x000aea36      0x548 ./Drivers/STM32F3xx_HAL_Driver/Src/stm32f3xx_hal_pcd.o
                              0xa84a4 (size before relaxing)
 .debug_str     0x000aef7e      0x170 ./Drivers/STM32F3xx_HAL_Driver/Src/stm32f3xx_hal_pcd_ex.o
                              0xa805e (size before relaxing)
 .debug_str     0x000af0ee      0x2c6 ./Drivers/STM32F3xx_HAL_Driver/Src/stm32f3xx_hal_rcc.o
                              0xa810f (size before relaxing)
 .debug_str     0x000af3b4       0xbe ./Drivers/STM32F3xx_HAL_Driver/Src/stm32f3xx_hal_rcc_ex.o
                              0xa7ed3 (size before relaxing)
 .debug_str     0x000af472      0x56b ./Drivers/STM32F3xx_HAL_Driver/Src/stm32f3xx_hal_spi.o
                              0xa8595 (size before relaxing)
 .debug_str     0x000af9dd       0xd8 ./Drivers/STM32F3xx_HAL_Driver/Src/stm32f3xx_ll_usb.o
                              0xa7ff9 (size before relaxing)
 .debug_str     0x000afab5      0x5d4 ./Middlewares/ST/STM32_USB_Device_Library/Class/CDC/Src/usbd_cdc.o
                              0xacfc1 (size before relaxing)
 .debug_str     0x000b0089      0x278 ./Middlewares/ST/STM32_USB_Device_Library/Core/Src/usbd_core.o
                              0xac908 (size before relaxing)
 .debug_str     0x000b0301      0x120 ./Middlewares/ST/STM32_USB_Device_Library/Core/Src/usbd_ctlreq.o
                              0xac822 (size before relaxing)
 .debug_str     0x000b0421       0x51 ./Middlewares/ST/STM32_USB_Device_Library/Core/Src/usbd_ioreq.o
                              0xac74f (size before relaxing)
 .debug_str     0x000b0472      0x105 ./USB_DEVICE/App/usb_device.o
                              0xacaf8 (size before relaxing)
 .debug_str     0x000b0577       0x86 ./USB_DEVICE/App/usbd_cdc_if.o
                              0xacb00 (size before relaxing)
 .debug_str     0x000b05fd      0x27c ./USB_DEVICE/App/usbd_desc.o
                              0xac6af (size before relaxing)
 .debug_str     0x000b0879       0x78 ./USB_DEVICE/Target/usbd_conf.o
                              0xad74a (size before relaxing)

.comment        0x00000000       0x43
 .comment       0x00000000       0x43 ./Core/Src/main.o
                                 0x44 (size before relaxing)
 .comment       0x00000043       0x44 ./Core/Src/real_main.o
 .comment       0x00000043       0x44 ./Core/Src/stm32f3xx_hal_msp.o
 .comment       0x00000043       0x44 ./Core/Src/stm32f3xx_it.o
 .comment       0x00000043       0x44 ./Core/Src/system_stm32f3xx.o
 .comment       0x00000043       0x44 ./Core/Src/usart.o
 .comment       0x00000043       0x44 ./Drivers/STM32F3xx_HAL_Driver/Src/stm32f3xx_hal.o
 .comment       0x00000043       0x44 ./Drivers/STM32F3xx_HAL_Driver/Src/stm32f3xx_hal_cortex.o
 .comment       0x00000043       0x44 ./Drivers/STM32F3xx_HAL_Driver/Src/stm32f3xx_hal_gpio.o
 .comment       0x00000043       0x44 ./Drivers/STM32F3xx_HAL_Driver/Src/stm32f3xx_hal_i2c.o
 .comment       0x00000043       0x44 ./Drivers/STM32F3xx_HAL_Driver/Src/stm32f3xx_hal_i2c_ex.o
 .comment       0x00000043       0x44 ./Drivers/STM32F3xx_HAL_Driver/Src/stm32f3xx_hal_pcd.o
 .comment       0x00000043       0x44 ./Drivers/STM32F3xx_HAL_Driver/Src/stm32f3xx_hal_pcd_ex.o
 .comment       0x00000043       0x44 ./Drivers/STM32F3xx_HAL_Driver/Src/stm32f3xx_hal_rcc.o
 .comment       0x00000043       0x44 ./Drivers/STM32F3xx_HAL_Driver/Src/stm32f3xx_hal_rcc_ex.o
 .comment       0x00000043       0x44 ./Drivers/STM32F3xx_HAL_Driver/Src/stm32f3xx_hal_spi.o
 .comment       0x00000043       0x44 ./Drivers/STM32F3xx_HAL_Driver/Src/stm32f3xx_ll_usb.o
 .comment       0x00000043       0x44 ./Middlewares/ST/STM32_USB_Device_Library/Class/CDC/Src/usbd_cdc.o
 .comment       0x00000043       0x44 ./Middlewares/ST/STM32_USB_Device_Library/Core/Src/usbd_core.o
 .comment       0x00000043       0x44 ./Middlewares/ST/STM32_USB_Device_Library/Core/Src/usbd_ctlreq.o
 .comment       0x00000043       0x44 ./Middlewares/ST/STM32_USB_Device_Library/Core/Src/usbd_ioreq.o
 .comment       0x00000043       0x44 ./USB_DEVICE/App/usb_device.o
 .comment       0x00000043       0x44 ./USB_DEVICE/App/usbd_cdc_if.o
 .comment       0x00000043       0x44 ./USB_DEVICE/App/usbd_desc.o
 .comment       0x00000043       0x44 ./USB_DEVICE/Target/usbd_conf.o

.debug_frame    0x00000000     0x3ffc
 .debug_frame   0x00000000       0xc8 ./Core/Src/main.o
 .debug_frame   0x000000c8       0xe8 ./Core/Src/real_main.o
 .debug_frame   0x000001b0       0xc4 ./Core/Src/stm32f3xx_hal_msp.o
 .debug_frame   0x00000274      0x13c ./Core/Src/stm32f3xx_it.o
 .debug_frame   0x000003b0       0x58 ./Core/Src/system_stm32f3xx.o
 .debug_frame   0x00000408       0xcc ./Core/Src/usart.o
 .debug_frame   0x000004d4      0x334 ./Drivers/STM32F3xx_HAL_Driver/Src/stm32f3xx_hal.o
 .debug_frame   0x00000808      0x4e8 ./Drivers/STM32F3xx_HAL_Driver/Src/stm32f3xx_hal_cortex.o
 .debug_frame   0x00000cf0      0x14c ./Drivers/STM32F3xx_HAL_Driver/Src/stm32f3xx_hal_gpio.o
 .debug_frame   0x00000e3c      0xc38 ./Drivers/STM32F3xx_HAL_Driver/Src/stm32f3xx_hal_i2c.o
 .debug_frame   0x00001a74      0x100 ./Drivers/STM32F3xx_HAL_Driver/Src/stm32f3xx_hal_i2c_ex.o
 .debug_frame   0x00001b74      0x590 ./Drivers/STM32F3xx_HAL_Driver/Src/stm32f3xx_hal_pcd.o
 .debug_frame   0x00002104       0xb0 ./Drivers/STM32F3xx_HAL_Driver/Src/stm32f3xx_hal_pcd_ex.o
 .debug_frame   0x000021b4      0x214 ./Drivers/STM32F3xx_HAL_Driver/Src/stm32f3xx_hal_rcc.o
 .debug_frame   0x000023c8       0xb0 ./Drivers/STM32F3xx_HAL_Driver/Src/stm32f3xx_hal_rcc_ex.o
 .debug_frame   0x00002478      0x860 ./Drivers/STM32F3xx_HAL_Driver/Src/stm32f3xx_hal_spi.o
 .debug_frame   0x00002cd8      0x380 ./Drivers/STM32F3xx_HAL_Driver/Src/stm32f3xx_ll_usb.o
 .debug_frame   0x00003058      0x248 ./Middlewares/ST/STM32_USB_Device_Library/Class/CDC/Src/usbd_cdc.o
 .debug_frame   0x000032a0      0x300 ./Middlewares/ST/STM32_USB_Device_Library/Core/Src/usbd_core.o
 .debug_frame   0x000035a0      0x218 ./Middlewares/ST/STM32_USB_Device_Library/Core/Src/usbd_ctlreq.o
 .debug_frame   0x000037b8      0x10c ./Middlewares/ST/STM32_USB_Device_Library/Core/Src/usbd_ioreq.o
 .debug_frame   0x000038c4       0x2c ./USB_DEVICE/App/usb_device.o
 .debug_frame   0x000038f0       0xbc ./USB_DEVICE/App/usbd_cdc_if.o
 .debug_frame   0x000039ac      0x160 ./USB_DEVICE/App/usbd_desc.o
 .debug_frame   0x00003b0c      0x4a4 ./USB_DEVICE/Target/usbd_conf.o
 .debug_frame   0x00003fb0       0x20 /opt/stm32cubeide/plugins/com.st.stm32cube.ide.mcu.externaltools.gnu-tools-for-stm32.12.3.rel1.linux64_1.0.100.202403111256/tools/bin/../lib/gcc/arm-none-eabi/12.3.1/../../../../arm-none-eabi/lib/thumb/v7e-m+fp/hard/libc_nano.a(libc_a-memset.o)
 .debug_frame   0x00003fd0       0x2c /opt/stm32cubeide/plugins/com.st.stm32cube.ide.mcu.externaltools.gnu-tools-for-stm32.12.3.rel1.linux64_1.0.100.202403111256/tools/bin/../lib/gcc/arm-none-eabi/12.3.1/../../../../arm-none-eabi/lib/thumb/v7e-m+fp/hard/libc_nano.a(libc_a-init.o)

.debug_line_str
                0x00000000       0x66
 .debug_line_str
                0x00000000       0x66 ./Core/Startup/startup_stm32f303vctx.o
